[Wed Nov  5 23:22:41 CET 2025] Running METHOD=ttk, DATASET=mast, DIM=0
Saving to results/ttk/mast/dim0.csv
Running ttk on datasets/mast_npy (maxdim=0) (threads=32)...
  Running img_0.npy ... done (5.80s, 3714.05MB)
  Running img_1.npy ... done (4.48s, 3321.90MB)
  Running img_10.npy ... done (4.33s, 3327.98MB)
  Running img_11.npy ... done (28.24s, 5155.38MB)
  Running img_12.npy ... done (15.72s, 6002.02MB)
  Running img_13.npy ... done (1.87s, 925.01MB)
  Running img_14.npy ... done (4.34s, 3322.59MB)
  Running img_15.npy ... done (4.56s, 3323.17MB)
  Running img_16.npy ... done (4.37s, 3329.39MB)
  Running img_17.npy ... done (4.33s, 3321.94MB)
  Running img_18.npy ... done (4.29s, 3325.00MB)
  Running img_19.npy ... done (4.43s, 3323.36MB)
  Running img_2.npy ... done (4.33s, 3323.76MB)
  Running img_20.npy ... done (4.32s, 3321.09MB)
  Running img_21.npy ... done (17.35s, 5051.70MB)
  Running img_22.npy ... done (66.77s, 6706.75MB)
  Running img_23.npy ... done (4.46s, 3326.94MB)
  Running img_24.npy ... done (30.35s, 5262.34MB)
  Running img_25.npy ... done (1.78s, 923.11MB)
  Running img_26.npy ... done (4.42s, 3322.17MB)
  Running img_27.npy ... done (4.30s, 3323.21MB)
  Running img_28.npy ... done (4.40s, 3331.76MB)
  Running img_29.npy ... done (4.34s, 3321.54MB)
  Running img_3.npy ... done (4.30s, 3320.96MB)
  Running img_4.npy ... done (4.39s, 3321.02MB)
  Running img_5.npy ... done (2.04s, 890.77MB)
  Running img_6.npy ... done (55.03s, 6848.43MB)
  Running img_7.npy ... done (5.61s, 3700.14MB)
  Running img_8.npy ... done (4.38s, 3323.74MB)
  Running img_9.npy ... done (14.62s, 6998.43MB)

Results saved into results/ttk/mast/dim0.csv
