[Wed Nov  5 23:22:41 CET 2025] Running METHOD=ttk, DATASET=mast, DIM=1
Saving to results/ttk/mast/dim1.csv
Running ttk on datasets/mast_npy (maxdim=1) (threads=32)...
  Running img_0.npy ... done (5.87s, 3701.82MB)
  Running img_1.npy ... done (4.51s, 3322.11MB)
  Running img_10.npy ... done (4.40s, 3325.36MB)
  Running img_11.npy ... done (34.93s, 5249.83MB)
  Running img_12.npy ... done (15.22s, 6998.25MB)
  Running img_13.npy ... done (1.95s, 884.40MB)
  Running img_14.npy ... done (4.39s, 3325.21MB)
  Running img_15.npy ... done (4.42s, 3322.36MB)
  Running img_16.npy ... done (4.56s, 3329.88MB)
  Running img_17.npy ... done (4.57s, 3324.15MB)
  Running img_18.npy ... done (4.42s, 3322.52MB)
  Running img_19.npy ... done (4.58s, 3322.88MB)
  Running img_2.npy ... done (4.42s, 3322.25MB)
  Running img_20.npy ... done (4.47s, 3323.05MB)
  Running img_21.npy ... done (18.56s, 5058.66MB)
  Running img_22.npy ... done (2.09s, 877.27MB)
  Running img_23.npy ... done (4.51s, 3326.14MB)
  Running img_24.npy ... done (38.96s, 5204.26MB)
  Running img_25.npy ... done (41.26s, 12485.04MB)
  Running img_26.npy ... done (4.38s, 3325.47MB)
  Running img_27.npy ... done (4.44s, 3323.21MB)
  Running img_28.npy ... done (4.60s, 3332.68MB)
  Running img_29.npy ... done (4.45s, 3324.60MB)
  Running img_3.npy ... done (4.60s, 3324.01MB)
  Running img_4.npy ... done (4.58s, 3323.94MB)
  Running img_5.npy ... done (2.13s, 949.52MB)
  Running img_6.npy ... done (62.90s, 6747.50MB)
  Running img_7.npy ... done (5.77s, 3714.06MB)
  Running img_8.npy ... done (4.51s, 3322.70MB)
  Running img_9.npy ... done (15.91s, 6999.20MB)

Results saved into results/ttk/mast/dim1.csv
