[Tue Nov  4 22:33:19 CET 2025] Running METHOD=ttk, DATASET=div2k, DIM=0
Saving to results/ttk/div2k/dim0.csv
Running ttk on datasets/div2k_npy (maxdim=0)...
  Running img_0.npy ... done (4.50s, 287.23MB)
  Running img_1.npy ... done (4.28s, 240.52MB)
  Running img_10.npy ... done (4.52s, 263.29MB)
  Running img_100.npy ... done (4.59s, 331.92MB)
  Running img_101.npy ... done (4.20s, 254.16MB)
  Running img_102.npy ... done (4.58s, 265.52MB)
  Running img_103.npy ... done (4.45s, 268.44MB)
  Running img_104.npy ... done (4.09s, 246.02MB)
  Running img_105.npy ... done (4.41s, 274.56MB)
  Running img_106.npy ... done (4.05s, 275.82MB)
  Running img_107.npy ... done (4.08s, 249.21MB)
  Running img_108.npy ... done (4.26s, 262.90MB)
  Running img_109.npy ... done (4.24s, 263.88MB)
  Running img_11.npy ... done (3.98s, 252.82MB)
  Running img_110.npy ... done (4.24s, 262.46MB)
  Running img_111.npy ... done (4.45s, 267.27MB)
  Running img_112.npy ... done (4.26s, 257.65MB)
  Running img_113.npy ... done (4.61s, 265.57MB)
  Running img_114.npy ... done (3.94s, 365.35MB)
  Running img_115.npy ... done (4.14s, 281.37MB)
  Running img_116.npy ... done (4.56s, 278.59MB)
  Running img_117.npy ... done (4.17s, 357.93MB)
  Running img_118.npy ... done (4.07s, 291.46MB)
  Running img_119.npy ... done (4.45s, 264.11MB)
  Running img_12.npy ... done (4.06s, 351.75MB)
  Running img_120.npy ... done (4.15s, 287.39MB)
  Running img_121.npy ... done (4.29s, 260.66MB)
  Running img_122.npy ... done (3.93s, 288.16MB)
  Running img_123.npy ... done (3.80s, 262.18MB)
  Running img_124.npy ... done (4.35s, 258.66MB)
  Running img_125.npy ... done (4.22s, 277.23MB)
  Running img_126.npy ... done (4.15s, 258.72MB)
  Running img_127.npy ... done (4.17s, 242.17MB)
  Running img_128.npy ... done (4.17s, 270.56MB)
  Running img_129.npy ... done (4.28s, 263.68MB)
  Running img_13.npy ... done (4.26s, 250.85MB)
  Running img_130.npy ... done (4.70s, 277.25MB)
  Running img_131.npy ... done (4.28s, 273.80MB)
  Running img_132.npy ... done (4.35s, 254.16MB)
  Running img_133.npy ... done (4.16s, 362.30MB)
  Running img_134.npy ... done (3.94s, 362.49MB)
  Running img_135.npy ... done (4.37s, 286.81MB)
  Running img_136.npy ... done (4.80s, 270.04MB)
  Running img_137.npy ... done (4.24s, 293.30MB)
  Running img_138.npy ... done (4.23s, 266.16MB)
  Running img_139.npy ... done (4.57s, 307.73MB)
  Running img_14.npy ... done (4.11s, 294.97MB)
  Running img_140.npy ... done (4.15s, 266.68MB)
  Running img_141.npy ... done (4.45s, 298.25MB)
  Running img_142.npy ... done (4.26s, 291.41MB)
  Running img_143.npy ... done (4.13s, 252.53MB)
  Running img_144.npy ... done (4.21s, 329.34MB)
  Running img_145.npy ... done (4.08s, 253.29MB)
  Running img_146.npy ... done (4.21s, 268.25MB)
  Running img_147.npy ... done (4.68s, 266.12MB)
  Running img_148.npy ... done (4.35s, 263.16MB)
  Running img_149.npy ... done (4.65s, 262.13MB)
  Running img_15.npy ... done (4.25s, 282.44MB)
  Running img_150.npy ... done (4.47s, 268.92MB)
  Running img_151.npy ... done (4.27s, 270.14MB)
  Running img_152.npy ... done (4.14s, 256.23MB)
  Running img_153.npy ... done (4.48s, 255.27MB)
  Running img_154.npy ... done (4.22s, 297.04MB)
  Running img_155.npy ... done (4.19s, 249.18MB)
  Running img_156.npy ... done (4.20s, 264.20MB)
  Running img_157.npy ... done (4.33s, 257.46MB)
  Running img_158.npy ... done (4.16s, 269.97MB)
  Running img_159.npy ... done (3.79s, 255.41MB)
  Running img_16.npy ... done (4.53s, 253.70MB)
  Running img_160.npy ... done (4.38s, 260.48MB)
  Running img_161.npy ... done (4.20s, 257.94MB)
  Running img_162.npy ... done (4.40s, 270.73MB)
  Running img_163.npy ... done (4.51s, 269.40MB)
  Running img_164.npy ... done (4.14s, 259.40MB)
  Running img_165.npy ... done (4.47s, 262.99MB)
  Running img_166.npy ... done (4.54s, 271.88MB)
  Running img_167.npy ... done (4.19s, 248.27MB)
  Running img_168.npy ... done (4.51s, 264.22MB)
  Running img_169.npy ... done (4.43s, 284.77MB)
  Running img_17.npy ... done (4.29s, 267.68MB)
  Running img_170.npy ... done (4.47s, 279.75MB)
  Running img_171.npy ... done (4.11s, 253.46MB)
  Running img_172.npy ... done (4.39s, 263.64MB)
  Running img_173.npy ... done (4.69s, 280.33MB)
  Running img_174.npy ... done (3.85s, 280.00MB)
  Running img_175.npy ... done (4.61s, 271.70MB)
  Running img_176.npy ... done (4.26s, 332.80MB)
  Running img_177.npy ... done (4.21s, 268.71MB)
  Running img_178.npy ... done (4.41s, 273.42MB)
  Running img_179.npy ... done (3.93s, 252.11MB)
  Running img_18.npy ... done (4.40s, 255.66MB)
  Running img_180.npy ... done (4.79s, 267.16MB)
  Running img_181.npy ... done (4.27s, 276.82MB)
  Running img_182.npy ... done (4.14s, 249.90MB)
  Running img_183.npy ... done (4.26s, 272.54MB)
  Running img_184.npy ... done (4.14s, 256.18MB)
  Running img_185.npy ... done (4.32s, 255.61MB)
  Running img_186.npy ... done (4.69s, 308.77MB)
  Running img_187.npy ... done (4.50s, 269.31MB)
  Running img_188.npy ... done (4.24s, 273.78MB)
  Running img_189.npy ... done (4.13s, 264.34MB)
  Running img_19.npy ... done (4.16s, 262.43MB)
  Running img_190.npy ... done (4.81s, 277.89MB)
  Running img_191.npy ... done (4.14s, 248.30MB)
  Running img_192.npy ... done (4.73s, 290.57MB)
  Running img_193.npy ... done (3.88s, 250.25MB)
  Running img_194.npy ... done (4.02s, 250.72MB)
  Running img_195.npy ... done (4.00s, 276.02MB)
  Running img_196.npy ... done (3.94s, 268.20MB)
  Running img_197.npy ... done (4.32s, 261.48MB)
  Running img_198.npy ... done (4.45s, 267.02MB)
  Running img_199.npy ... done (4.06s, 263.92MB)
  Running img_2.npy ... done (3.99s, 264.29MB)
  Running img_20.npy ... done (3.95s, 251.39MB)
  Running img_200.npy ... done (4.80s, 259.84MB)
  Running img_201.npy ... done (4.18s, 258.49MB)
  Running img_202.npy ... done (3.97s, 258.46MB)
  Running img_203.npy ... done (3.86s, 265.06MB)
  Running img_204.npy ... done (4.14s, 261.59MB)
  Running img_205.npy ... done (4.23s, 259.71MB)
  Running img_206.npy ... done (3.98s, 262.55MB)
  Running img_207.npy ... done (4.01s, 268.93MB)
  Running img_208.npy ... done (4.31s, 265.58MB)
  Running img_209.npy ... done (4.26s, 273.95MB)
  Running img_21.npy ... done (4.35s, 247.75MB)
  Running img_210.npy ... done (4.30s, 267.50MB)
  Running img_211.npy ... done (4.14s, 290.80MB)
  Running img_212.npy ... done (4.27s, 255.19MB)
  Running img_213.npy ... done (4.12s, 294.00MB)
  Running img_214.npy ... done (3.86s, 270.07MB)
  Running img_215.npy ... done (4.10s, 255.81MB)
  Running img_216.npy ... done (4.05s, 289.34MB)
  Running img_217.npy ... done (4.32s, 252.68MB)
  Running img_218.npy ... done (4.46s, 260.25MB)
  Running img_219.npy ... done (3.82s, 307.36MB)
  Running img_22.npy ... done (4.12s, 251.95MB)
  Running img_220.npy ... done (4.54s, 265.40MB)
  Running img_221.npy ... done (3.86s, 285.43MB)
  Running img_222.npy ... done (4.33s, 258.61MB)
  Running img_223.npy ... done (4.50s, 268.59MB)
  Running img_224.npy ... done (3.86s, 274.06MB)
  Running img_225.npy ... done (4.37s, 274.77MB)
  Running img_226.npy ... done (4.54s, 272.80MB)
  Running img_227.npy ... done (4.12s, 263.57MB)
  Running img_228.npy ... done (4.35s, 262.98MB)
  Running img_229.npy ... done (4.27s, 272.86MB)
  Running img_23.npy ... done (4.33s, 260.81MB)
  Running img_230.npy ... done (4.05s, 266.93MB)
  Running img_231.npy ... done (4.49s, 252.25MB)
  Running img_232.npy ... done (4.37s, 261.79MB)
  Running img_233.npy ... done (4.37s, 272.86MB)
  Running img_234.npy ... done (3.78s, 254.24MB)
  Running img_235.npy ... done (3.95s, 253.08MB)
  Running img_236.npy ... done (3.90s, 245.68MB)
  Running img_237.npy ... done (3.92s, 257.10MB)
  Running img_238.npy ... done (4.24s, 253.55MB)
  Running img_239.npy ... done (4.25s, 261.30MB)
  Running img_24.npy ... done (4.53s, 264.09MB)
  Running img_240.npy ... done (4.06s, 274.69MB)
  Running img_241.npy ... done (3.97s, 309.33MB)
  Running img_242.npy ... done (4.04s, 262.89MB)
  Running img_243.npy ... done (4.65s, 275.27MB)
  Running img_244.npy ... done (4.45s, 292.66MB)
  Running img_245.npy ... done (4.59s, 271.64MB)
  Running img_246.npy ... done (4.16s, 363.11MB)
  Running img_247.npy ... done (4.25s, 287.15MB)
  Running img_248.npy ... done (4.08s, 267.43MB)
  Running img_249.npy ... done (3.82s, 255.60MB)
  Running img_25.npy ... done (4.01s, 260.32MB)
  Running img_250.npy ... done (4.45s, 261.12MB)
  Running img_251.npy ... done (4.44s, 270.06MB)
  Running img_252.npy ... done (4.15s, 264.00MB)
  Running img_253.npy ... done (4.02s, 354.82MB)
  Running img_254.npy ... done (3.85s, 270.25MB)
  Running img_255.npy ... done (4.19s, 265.73MB)
  Running img_256.npy ... done (4.56s, 353.05MB)
  Running img_257.npy ... done (4.03s, 275.63MB)
  Running img_258.npy ... done (4.09s, 261.18MB)
  Running img_259.npy ... done (3.86s, 264.67MB)
  Running img_26.npy ... done (4.15s, 245.82MB)
  Running img_260.npy ... done (4.59s, 266.89MB)
  Running img_261.npy ... done (3.88s, 366.27MB)
  Running img_262.npy ... done (4.32s, 271.41MB)
  Running img_263.npy ... done (4.09s, 265.94MB)
  Running img_264.npy ... done (4.23s, 278.18MB)
  Running img_265.npy ... done (3.80s, 251.94MB)
  Running img_266.npy ... done (4.13s, 259.69MB)
  Running img_267.npy ... done (4.35s, 258.37MB)
  Running img_268.npy ... done (4.35s, 263.33MB)
  Running img_269.npy ... done (3.82s, 331.73MB)
  Running img_27.npy ... done (4.02s, 289.29MB)
  Running img_270.npy ... done (4.48s, 273.66MB)
  Running img_271.npy ... done (4.19s, 330.86MB)
  Running img_272.npy ... done (3.89s, 276.75MB)
  Running img_273.npy ... done (4.73s, 277.11MB)
  Running img_274.npy ... done (4.29s, 307.14MB)
  Running img_275.npy ... done (4.18s, 272.27MB)
  Running img_276.npy ... done (4.29s, 274.81MB)
  Running img_277.npy ... done (4.12s, 305.82MB)
  Running img_278.npy ... done (4.09s, 270.11MB)
  Running img_279.npy ... done (4.03s, 270.01MB)
  Running img_28.npy ... done (3.86s, 303.61MB)
  Running img_280.npy ... done (4.33s, 266.62MB)
  Running img_281.npy ... done (3.94s, 355.14MB)
  Running img_282.npy ... done (4.11s, 288.43MB)
  Running img_283.npy ... done (4.32s, 290.59MB)
  Running img_284.npy ... done (4.27s, 308.25MB)
  Running img_285.npy ... done (4.11s, 267.25MB)
  Running img_286.npy ... done (4.39s, 308.39MB)
  Running img_287.npy ... done (4.26s, 281.31MB)
  Running img_288.npy ... done (4.33s, 263.32MB)
  Running img_289.npy ... done (3.91s, 341.26MB)
  Running img_29.npy ... done (3.85s, 266.35MB)
  Running img_290.npy ... done (4.04s, 254.08MB)
  Running img_291.npy ... done (3.98s, 324.96MB)
  Running img_292.npy ... done (3.77s, 270.02MB)
  Running img_293.npy ... done (4.36s, 275.32MB)
  Running img_294.npy ... done (4.36s, 315.27MB)
  Running img_295.npy ... done (4.15s, 267.48MB)
  Running img_296.npy ... done (4.42s, 295.31MB)
  Running img_297.npy ... done (4.37s, 286.98MB)
  Running img_298.npy ... done (4.03s, 270.82MB)
  Running img_299.npy ... done (3.86s, 351.23MB)
  Running img_3.npy ... done (3.74s, 283.07MB)
  Running img_30.npy ... done (3.94s, 263.50MB)
  Running img_300.npy ... done (3.92s, 352.39MB)
  Running img_301.npy ... done (3.87s, 272.59MB)
  Running img_302.npy ... done (4.14s, 271.15MB)
  Running img_303.npy ... done (3.75s, 243.34MB)
  Running img_304.npy ... done (3.96s, 259.07MB)
  Running img_305.npy ... done (4.48s, 281.96MB)
  Running img_306.npy ... done (3.74s, 260.07MB)
  Running img_307.npy ... done (4.20s, 264.82MB)
  Running img_308.npy ... done (3.66s, 261.24MB)
  Running img_309.npy ... done (4.19s, 260.78MB)
  Running img_31.npy ... done (4.25s, 283.61MB)
  Running img_310.npy ... done (3.87s, 260.98MB)
  Running img_311.npy ... done (4.33s, 278.37MB)
  Running img_312.npy ... done (4.42s, 268.77MB)
  Running img_313.npy ... done (3.68s, 250.43MB)
  Running img_314.npy ... done (4.49s, 279.31MB)
  Running img_315.npy ... done (4.09s, 238.68MB)
  Running img_316.npy ... done (4.49s, 271.20MB)
  Running img_317.npy ... done (4.66s, 320.89MB)
  Running img_318.npy ... done (3.89s, 272.02MB)
  Running img_319.npy ... done (4.23s, 270.93MB)
  Running img_32.npy ... done (3.69s, 261.01MB)
  Running img_320.npy ... done (4.21s, 271.47MB)
  Running img_321.npy ... done (4.39s, 283.31MB)
  Running img_322.npy ... done (4.15s, 282.95MB)
  Running img_323.npy ... done (4.65s, 272.66MB)
  Running img_324.npy ... done (4.09s, 268.30MB)
  Running img_325.npy ... done (4.05s, 283.28MB)
  Running img_326.npy ... done (3.85s, 293.44MB)
  Running img_327.npy ... done (4.05s, 261.63MB)
  Running img_328.npy ... done (3.92s, 317.06MB)
  Running img_329.npy ... done (4.24s, 267.69MB)
  Running img_33.npy ... done (4.29s, 267.34MB)
  Running img_330.npy ... done (3.69s, 256.59MB)
  Running img_331.npy ... done (4.03s, 271.45MB)
  Running img_332.npy ... done (4.04s, 308.64MB)
  Running img_333.npy ... done (4.02s, 266.38MB)
  Running img_334.npy ... done (4.01s, 324.98MB)
  Running img_335.npy ... done (4.51s, 259.48MB)
  Running img_336.npy ... done (3.54s, 337.71MB)
  Running img_337.npy ... done (3.84s, 274.23MB)
  Running img_338.npy ... done (3.90s, 263.98MB)
  Running img_339.npy ... done (3.75s, 291.02MB)
  Running img_34.npy ... done (3.88s, 268.21MB)
  Running img_340.npy ... done (3.99s, 333.66MB)
  Running img_341.npy ... done (3.71s, 264.54MB)
  Running img_342.npy ... done (3.71s, 269.00MB)
  Running img_343.npy ... done (3.47s, 252.73MB)
  Running img_344.npy ... done (4.13s, 266.69MB)
  Running img_345.npy ... done (3.71s, 280.87MB)
  Running img_346.npy ... done (3.71s, 266.68MB)
  Running img_347.npy ... done (4.76s, 269.39MB)
  Running img_348.npy ... done (4.15s, 249.57MB)
  Running img_349.npy ... done (3.77s, 262.91MB)
  Running img_35.npy ... done (3.84s, 264.10MB)
  Running img_350.npy ... done (4.08s, 271.30MB)
  Running img_351.npy ... done (3.88s, 273.52MB)
  Running img_352.npy ... done (3.94s, 267.13MB)
  Running img_353.npy ... done (3.76s, 283.61MB)
  Running img_354.npy ... done (3.93s, 266.30MB)
  Running img_355.npy ... done (3.74s, 262.14MB)
  Running img_356.npy ... done (3.84s, 262.67MB)
  Running img_357.npy ... done (3.62s, 330.63MB)
  Running img_358.npy ... done (3.55s, 272.06MB)
  Running img_359.npy ... done (3.91s, 262.48MB)
  Running img_36.npy ... done (3.87s, 248.48MB)
  Running img_360.npy ... done (3.93s, 253.25MB)
  Running img_361.npy ... done (3.92s, 266.50MB)
  Running img_362.npy ... done (3.68s, 254.60MB)
  Running img_363.npy ... done (3.81s, 269.43MB)
  Running img_364.npy ... done (3.78s, 265.17MB)
  Running img_365.npy ... done (3.90s, 270.49MB)
  Running img_366.npy ... done (3.94s, 305.49MB)
  Running img_367.npy ... done (3.99s, 273.71MB)
  Running img_368.npy ... done (4.03s, 271.70MB)
  Running img_369.npy ... done (3.81s, 262.16MB)
  Running img_37.npy ... done (3.80s, 266.98MB)
  Running img_370.npy ... done (3.69s, 264.12MB)
  Running img_371.npy ... done (3.84s, 244.54MB)
  Running img_372.npy ... done (3.76s, 291.75MB)
  Running img_373.npy ... done (3.75s, 260.72MB)
  Running img_374.npy ... done (3.63s, 254.58MB)
  Running img_375.npy ... done (3.72s, 263.08MB)
  Running img_376.npy ... done (3.73s, 255.12MB)
  Running img_377.npy ... done (3.80s, 264.78MB)
  Running img_378.npy ... done (3.53s, 266.64MB)
  Running img_379.npy ... done (3.97s, 258.05MB)
  Running img_38.npy ... done (3.86s, 257.76MB)
  Running img_380.npy ... done (3.57s, 241.16MB)
  Running img_381.npy ... done (3.73s, 242.37MB)
  Running img_382.npy ... done (4.10s, 266.25MB)
  Running img_383.npy ... done (3.79s, 256.59MB)
  Running img_384.npy ... done (4.22s, 271.39MB)
  Running img_385.npy ... done (3.67s, 324.91MB)
  Running img_386.npy ... done (3.87s, 267.00MB)
  Running img_387.npy ... done (3.95s, 310.43MB)
  Running img_388.npy ... done (3.52s, 254.59MB)
  Running img_389.npy ... done (4.05s, 271.47MB)
  Running img_39.npy ... done (3.65s, 257.43MB)
  Running img_390.npy ... done (3.81s, 262.61MB)
  Running img_391.npy ... done (3.92s, 293.16MB)
  Running img_392.npy ... done (3.57s, 269.77MB)
  Running img_393.npy ... done (4.06s, 276.80MB)
  Running img_394.npy ... done (3.98s, 247.94MB)
  Running img_395.npy ... done (4.03s, 272.86MB)
  Running img_396.npy ... done (3.74s, 309.99MB)
  Running img_397.npy ... done (3.61s, 272.89MB)
  Running img_398.npy ... done (4.30s, 269.76MB)
  Running img_399.npy ... done (3.80s, 277.32MB)
  Running img_4.npy ... done (3.86s, 259.73MB)
  Running img_40.npy ... done (3.59s, 321.85MB)
  Running img_400.npy ... done (3.99s, 271.12MB)
  Running img_401.npy ... done (4.14s, 269.60MB)
  Running img_402.npy ... done (3.48s, 279.14MB)
  Running img_403.npy ... done (3.85s, 256.82MB)
  Running img_404.npy ... done (3.74s, 323.80MB)
  Running img_405.npy ... done (3.75s, 268.96MB)
  Running img_406.npy ... done (3.95s, 303.97MB)
  Running img_407.npy ... done (4.39s, 302.81MB)
  Running img_408.npy ... done (3.91s, 273.11MB)
  Running img_409.npy ... done (3.71s, 315.01MB)
  Running img_41.npy ... done (3.66s, 274.98MB)
  Running img_410.npy ... done (3.80s, 323.88MB)
  Running img_411.npy ... done (3.62s, 280.05MB)
  Running img_412.npy ... done (4.16s, 271.91MB)
  Running img_413.npy ... done (3.48s, 301.75MB)
  Running img_414.npy ... done (4.06s, 270.98MB)
  Running img_415.npy ... done (3.60s, 346.25MB)
  Running img_416.npy ... done (3.63s, 288.39MB)
  Running img_417.npy ... done (3.57s, 261.96MB)
  Running img_418.npy ... done (3.60s, 325.46MB)
  Running img_419.npy ... done (3.39s, 255.79MB)
  Running img_42.npy ... done (4.49s, 266.76MB)
  Running img_420.npy ... done (3.31s, 256.59MB)
  Running img_421.npy ... done (3.59s, 316.96MB)
  Running img_422.npy ... done (3.43s, 264.25MB)
  Running img_423.npy ... done (3.63s, 269.63MB)
  Running img_424.npy ... done (3.44s, 323.89MB)
  Running img_425.npy ... done (3.41s, 268.70MB)
  Running img_426.npy ... done (3.56s, 270.23MB)
  Running img_427.npy ... done (3.52s, 263.17MB)
  Running img_428.npy ... done (3.99s, 268.56MB)
  Running img_429.npy ... done (3.48s, 275.71MB)
  Running img_43.npy ... done (3.67s, 273.65MB)
  Running img_430.npy ... done (3.56s, 256.57MB)
  Running img_431.npy ... done (3.63s, 264.12MB)
  Running img_432.npy ... done (3.79s, 283.10MB)
  Running img_433.npy ... done (3.53s, 244.74MB)
  Running img_434.npy ... done (3.90s, 308.46MB)
  Running img_435.npy ... done (3.56s, 276.67MB)
  Running img_436.npy ... done (3.79s, 267.82MB)
  Running img_437.npy ... done (3.91s, 278.81MB)
  Running img_438.npy ... done (3.57s, 274.04MB)
  Running img_439.npy ... done (3.31s, 247.68MB)
  Running img_44.npy ... done (3.41s, 249.88MB)
  Running img_440.npy ... done (3.75s, 287.88MB)
  Running img_441.npy ... done (3.61s, 263.40MB)
  Running img_442.npy ... done (3.57s, 288.36MB)
  Running img_443.npy ... done (3.55s, 257.83MB)
  Running img_444.npy ... done (3.67s, 267.68MB)
  Running img_445.npy ... done (3.37s, 265.99MB)
  Running img_446.npy ... done (4.13s, 281.36MB)
  Running img_447.npy ... done (3.52s, 327.56MB)
  Running img_448.npy ... done (3.57s, 264.32MB)
  Running img_449.npy ... done (3.76s, 279.57MB)
  Running img_45.npy ... done (3.69s, 270.90MB)
  Running img_450.npy ... done (3.94s, 270.16MB)
  Running img_451.npy ... done (3.50s, 292.30MB)
  Running img_452.npy ... done (3.72s, 280.25MB)
  Running img_453.npy ... done (3.89s, 310.43MB)
  Running img_454.npy ... done (3.57s, 247.25MB)
  Running img_455.npy ... done (3.96s, 283.34MB)
  Running img_456.npy ... done (3.33s, 255.94MB)
  Running img_457.npy ... done (3.55s, 248.42MB)
  Running img_458.npy ... done (4.50s, 253.11MB)
  Running img_459.npy ... done (3.87s, 246.39MB)
  Running img_46.npy ... done (3.79s, 267.41MB)
  Running img_460.npy ... done (3.93s, 260.36MB)
  Running img_461.npy ... done (4.05s, 270.68MB)
  Running img_462.npy ... done (3.70s, 290.28MB)
  Running img_463.npy ... done (3.38s, 249.32MB)
  Running img_464.npy ... done (3.92s, 320.48MB)
  Running img_465.npy ... done (3.51s, 278.11MB)
  Running img_466.npy ... done (3.79s, 260.71MB)
  Running img_467.npy ... done (3.66s, 337.07MB)
  Running img_468.npy ... done (3.70s, 272.96MB)
  Running img_469.npy ... done (3.82s, 279.11MB)
  Running img_47.npy ... done (3.60s, 303.84MB)
  Running img_470.npy ... done (3.99s, 266.15MB)
  Running img_471.npy ... done (3.90s, 329.71MB)
  Running img_472.npy ... done (3.50s, 263.26MB)
  Running img_473.npy ... done (3.72s, 301.87MB)
  Running img_474.npy ... done (3.60s, 267.11MB)
  Running img_475.npy ... done (3.70s, 261.09MB)
  Running img_476.npy ... done (3.42s, 349.41MB)
  Running img_477.npy ... done (3.78s, 275.86MB)
  Running img_478.npy ... done (3.84s, 264.15MB)
  Running img_479.npy ... done (3.55s, 315.70MB)
  Running img_48.npy ... done (3.93s, 265.14MB)
  Running img_480.npy ... done (3.70s, 335.97MB)
  Running img_481.npy ... done (3.68s, 275.21MB)
  Running img_482.npy ... done (3.70s, 260.44MB)
  Running img_483.npy ... done (3.99s, 302.25MB)
  Running img_484.npy ... done (3.47s, 264.46MB)
  Running img_485.npy ... done (3.73s, 274.25MB)
  Running img_486.npy ... done (3.75s, 303.12MB)
  Running img_487.npy ... done (3.58s, 254.91MB)
  Running img_488.npy ... done (3.96s, 330.84MB)
  Running img_489.npy ... done (3.66s, 272.23MB)
  Running img_49.npy ... done (3.77s, 256.56MB)
  Running img_490.npy ... done (3.62s, 307.34MB)
  Running img_491.npy ... done (3.71s, 252.86MB)
  Running img_492.npy ... done (3.89s, 261.52MB)
  Running img_493.npy ... done (3.30s, 268.70MB)
  Running img_494.npy ... done (3.88s, 252.96MB)
  Running img_495.npy ... done (3.26s, 314.68MB)
  Running img_496.npy ... done (4.01s, 274.74MB)
  Running img_497.npy ... done (3.85s, 265.20MB)
  Running img_498.npy ... done (3.56s, 287.92MB)
  Running img_499.npy ... done (3.59s, 240.21MB)
  Running img_5.npy ... done (3.47s, 303.51MB)
  Running img_50.npy ... done (3.33s, 241.94MB)
  Running img_500.npy ... done (3.49s, 249.95MB)
  Running img_501.npy ... done (3.68s, 252.59MB)
  Running img_502.npy ... done (3.48s, 263.54MB)
  Running img_503.npy ... done (3.34s, 276.63MB)
  Running img_504.npy ... done (3.67s, 256.38MB)
  Running img_505.npy ... done (3.26s, 269.07MB)
  Running img_506.npy ... done (3.83s, 257.48MB)
  Running img_507.npy ... done (3.65s, 255.15MB)
  Running img_508.npy ... done (4.15s, 254.36MB)
  Running img_509.npy ... done (3.70s, 254.74MB)
  Running img_51.npy ... done (3.79s, 272.34MB)
  Running img_510.npy ... done (3.63s, 249.45MB)
  Running img_511.npy ... done (3.67s, 320.04MB)
  Running img_512.npy ... done (3.44s, 251.08MB)
  Running img_513.npy ... done (3.62s, 248.88MB)
  Running img_514.npy ... done (3.44s, 268.88MB)
  Running img_515.npy ... done (3.52s, 251.61MB)
  Running img_516.npy ... done (3.65s, 260.89MB)
  Running img_517.npy ... done (3.71s, 252.29MB)
  Running img_518.npy ... done (3.80s, 241.20MB)
  Running img_519.npy ... done (3.61s, 252.15MB)
  Running img_52.npy ... done (3.67s, 255.18MB)
  Running img_520.npy ... done (3.85s, 253.83MB)
  Running img_521.npy ... done (3.57s, 294.16MB)
  Running img_522.npy ... done (3.58s, 246.96MB)
  Running img_523.npy ... done (3.32s, 274.76MB)
  Running img_524.npy ... done (3.65s, 253.65MB)
  Running img_525.npy ... done (3.44s, 277.93MB)
  Running img_526.npy ... done (3.59s, 261.62MB)
  Running img_527.npy ... done (3.42s, 254.27MB)
  Running img_528.npy ... done (3.16s, 292.21MB)
  Running img_529.npy ... done (3.47s, 257.29MB)
  Running img_53.npy ... done (3.59s, 301.97MB)
  Running img_530.npy ... done (3.64s, 260.12MB)
  Running img_531.npy ... done (3.83s, 253.37MB)
  Running img_532.npy ... done (3.52s, 272.25MB)
  Running img_533.npy ... done (3.74s, 247.90MB)
  Running img_534.npy ... done (3.94s, 314.20MB)
  Running img_535.npy ... done (3.67s, 243.73MB)
  Running img_536.npy ... done (3.81s, 293.49MB)
  Running img_537.npy ... done (3.52s, 252.93MB)
  Running img_538.npy ... done (3.68s, 260.01MB)
  Running img_539.npy ... done (3.54s, 286.37MB)
  Running img_54.npy ... done (3.49s, 234.75MB)
  Running img_540.npy ... done (3.83s, 259.05MB)
  Running img_541.npy ... done (3.57s, 259.05MB)
  Running img_542.npy ... done (3.80s, 248.42MB)
  Running img_543.npy ... done (3.70s, 274.09MB)
  Running img_544.npy ... done (3.94s, 262.47MB)
  Running img_545.npy ... done (3.64s, 255.21MB)
  Running img_546.npy ... done (4.02s, 246.56MB)
  Running img_547.npy ... done (4.10s, 255.45MB)
  Running img_548.npy ... done (3.57s, 252.51MB)
  Running img_549.npy ... done (3.44s, 248.00MB)
  Running img_55.npy ... done (3.74s, 255.69MB)
  Running img_550.npy ... done (3.69s, 237.57MB)
  Running img_551.npy ... done (3.30s, 240.64MB)
  Running img_552.npy ... done (3.68s, 255.58MB)
  Running img_553.npy ... done (3.54s, 276.06MB)
  Running img_554.npy ... done (3.40s, 243.41MB)
  Running img_555.npy ... done (3.79s, 315.33MB)
  Running img_556.npy ... done (3.80s, 280.65MB)
  Running img_557.npy ... done (3.73s, 242.74MB)
  Running img_558.npy ... done (3.80s, 323.21MB)
  Running img_559.npy ... done (3.90s, 240.69MB)
  Running img_56.npy ... done (4.01s, 254.69MB)
  Running img_560.npy ... done (3.56s, 258.87MB)
  Running img_561.npy ... done (3.56s, 239.82MB)
  Running img_562.npy ... done (3.27s, 263.03MB)
  Running img_563.npy ... done (3.37s, 248.22MB)
  Running img_564.npy ... done (3.22s, 249.17MB)
  Running img_565.npy ... done (3.49s, 249.81MB)
  Running img_566.npy ... done (3.38s, 242.57MB)
  Running img_567.npy ... done (3.27s, 240.36MB)
  Running img_568.npy ... done (3.32s, 271.45MB)
  Running img_569.npy ... done (3.44s, 255.58MB)
  Running img_57.npy ... done (3.39s, 333.32MB)
  Running img_570.npy ... done (3.28s, 259.01MB)
  Running img_571.npy ... done (3.55s, 268.42MB)
  Running img_572.npy ... done (4.14s, 263.14MB)
  Running img_573.npy ... done (3.70s, 323.34MB)
  Running img_574.npy ... done (3.30s, 263.64MB)
  Running img_575.npy ... done (3.71s, 258.88MB)
  Running img_576.npy ... done (3.32s, 270.50MB)
  Running img_577.npy ... done (3.55s, 249.66MB)
  Running img_578.npy ... done (3.49s, 276.81MB)
  Running img_579.npy ... done (3.46s, 252.64MB)
  Running img_58.npy ... done (3.49s, 287.61MB)
  Running img_580.npy ... done (3.52s, 261.85MB)
  Running img_581.npy ... done (3.64s, 245.45MB)
  Running img_582.npy ... done (3.41s, 287.63MB)
  Running img_583.npy ... done (3.66s, 247.84MB)
  Running img_584.npy ... done (3.61s, 301.67MB)
  Running img_585.npy ... done (3.37s, 285.48MB)
  Running img_586.npy ... done (4.03s, 251.79MB)
  Running img_587.npy ... done (3.79s, 277.68MB)
  Running img_588.npy ... done (3.72s, 254.61MB)
  Running img_589.npy ... done (3.97s, 258.86MB)
  Running img_59.npy ... done (3.74s, 267.73MB)
  Running img_590.npy ... done (3.71s, 246.75MB)
  Running img_591.npy ... done (3.75s, 300.04MB)
  Running img_592.npy ... done (3.76s, 255.77MB)
  Running img_593.npy ... done (3.47s, 285.55MB)
  Running img_594.npy ... done (3.54s, 254.48MB)
  Running img_595.npy ... done (4.00s, 260.86MB)
  Running img_596.npy ... done (3.75s, 282.07MB)
  Running img_597.npy ... done (3.77s, 247.93MB)
  Running img_598.npy ... done (4.57s, 259.78MB)
  Running img_599.npy ... done (3.68s, 259.11MB)
  Running img_6.npy ... done (3.36s, 271.16MB)
  Running img_60.npy ... done (3.61s, 259.87MB)
  Running img_600.npy ... done (3.72s, 248.75MB)
  Running img_601.npy ... done (3.80s, 247.56MB)
  Running img_602.npy ... done (3.39s, 263.75MB)
  Running img_603.npy ... done (3.39s, 247.39MB)
  Running img_604.npy ... done (3.78s, 255.88MB)
  Running img_605.npy ... done (3.80s, 260.52MB)
  Running img_606.npy ... done (3.65s, 259.67MB)
  Running img_607.npy ... done (4.12s, 279.65MB)
  Running img_608.npy ... done (3.67s, 259.23MB)
  Running img_609.npy ... done (3.75s, 251.48MB)
  Running img_61.npy ... done (4.62s, 264.72MB)
  Running img_610.npy ... done (3.55s, 263.53MB)
  Running img_611.npy ... done (4.05s, 290.70MB)
  Running img_612.npy ... done (3.45s, 285.07MB)
  Running img_613.npy ... done (3.94s, 270.95MB)
  Running img_614.npy ... done (3.52s, 302.33MB)
  Running img_615.npy ... done (3.48s, 258.99MB)
  Running img_616.npy ... done (3.67s, 262.06MB)
  Running img_617.npy ... done (3.51s, 269.20MB)
  Running img_618.npy ... done (3.75s, 258.61MB)
  Running img_619.npy ... done (3.35s, 260.48MB)
  Running img_62.npy ... done (3.78s, 254.77MB)
  Running img_620.npy ... done (3.60s, 256.63MB)
  Running img_621.npy ... done (3.62s, 255.16MB)
  Running img_622.npy ... done (4.21s, 264.52MB)
  Running img_623.npy ... done (3.80s, 260.47MB)
  Running img_624.npy ... done (3.93s, 269.17MB)
  Running img_625.npy ... done (3.53s, 261.24MB)
  Running img_626.npy ... done (3.79s, 249.73MB)
  Running img_627.npy ... done (3.62s, 266.06MB)
  Running img_628.npy ... done (3.70s, 267.53MB)
  Running img_629.npy ... done (3.97s, 271.69MB)
  Running img_63.npy ... done (3.48s, 274.45MB)
  Running img_630.npy ... done (3.53s, 273.45MB)
  Running img_631.npy ... done (3.24s, 320.00MB)
  Running img_632.npy ... done (3.34s, 254.20MB)
  Running img_633.npy ... done (3.57s, 311.87MB)
  Running img_634.npy ... done (3.17s, 274.33MB)
  Running img_635.npy ... done (4.38s, 263.72MB)
  Running img_636.npy ... done (3.54s, 270.42MB)
  Running img_637.npy ... done (3.58s, 257.79MB)
  Running img_638.npy ... done (3.39s, 273.13MB)
  Running img_639.npy ... done (3.44s, 271.60MB)
  Running img_64.npy ... done (3.49s, 314.18MB)
  Running img_640.npy ... done (3.22s, 262.48MB)
  Running img_641.npy ... done (3.65s, 277.70MB)
  Running img_642.npy ... done (3.49s, 289.37MB)
  Running img_643.npy ... done (3.47s, 268.99MB)
  Running img_644.npy ... done (3.16s, 328.02MB)
  Running img_645.npy ... done (3.49s, 269.22MB)
  Running img_646.npy ... done (3.54s, 267.18MB)
  Running img_647.npy ... done (3.52s, 305.14MB)
  Running img_648.npy ... done (3.51s, 252.58MB)
  Running img_649.npy ... done (4.08s, 241.98MB)
  Running img_65.npy ... done (3.27s, 274.02MB)
  Running img_650.npy ... done (3.47s, 256.01MB)
  Running img_651.npy ... done (3.25s, 317.27MB)
  Running img_652.npy ... done (3.19s, 276.11MB)
  Running img_653.npy ... done (3.55s, 275.54MB)
  Running img_654.npy ... done (3.22s, 313.60MB)
  Running img_655.npy ... done (3.15s, 270.19MB)
  Running img_656.npy ... done (3.44s, 270.26MB)
  Running img_657.npy ... done (3.14s, 314.50MB)
  Running img_658.npy ... done (3.01s, 259.78MB)
  Running img_659.npy ... done (3.43s, 264.27MB)
  Running img_66.npy ... done (3.39s, 322.58MB)
  Running img_660.npy ... done (3.37s, 257.43MB)
  Running img_661.npy ... done (3.36s, 284.90MB)
  Running img_662.npy ... done (3.41s, 268.34MB)
  Running img_663.npy ... done (3.45s, 269.56MB)
  Running img_664.npy ... done (3.13s, 333.98MB)
  Running img_665.npy ... done (3.55s, 266.82MB)
  Running img_666.npy ... done (3.90s, 279.71MB)
  Running img_667.npy ... done (3.49s, 287.14MB)
  Running img_668.npy ... done (3.46s, 262.34MB)
  Running img_669.npy ... done (3.33s, 304.16MB)
  Running img_67.npy ... done (3.52s, 271.39MB)
  Running img_670.npy ... done (3.56s, 274.12MB)
  Running img_671.npy ... done (3.59s, 294.21MB)
  Running img_672.npy ... done (3.73s, 265.46MB)
  Running img_673.npy ... done (3.79s, 310.10MB)
  Running img_674.npy ... done (3.61s, 282.76MB)
  Running img_675.npy ... done (3.42s, 256.71MB)
  Running img_676.npy ... done (3.80s, 262.48MB)
  Running img_677.npy ... done (3.78s, 256.86MB)
  Running img_678.npy ... done (3.43s, 259.31MB)
  Running img_679.npy ... done (3.69s, 269.64MB)
  Running img_68.npy ... done (3.66s, 257.23MB)
  Running img_680.npy ... done (3.39s, 247.24MB)
  Running img_681.npy ... done (3.87s, 269.58MB)
  Running img_682.npy ... done (3.35s, 287.89MB)
  Running img_683.npy ... done (3.54s, 259.20MB)
  Running img_684.npy ... done (3.90s, 268.36MB)
  Running img_685.npy ... done (3.16s, 270.69MB)
  Running img_686.npy ... done (3.80s, 267.43MB)
  Running img_687.npy ... done (3.33s, 316.29MB)
  Running img_688.npy ... done (3.55s, 287.39MB)
  Running img_689.npy ... done (4.61s, 259.00MB)
  Running img_69.npy ... done (3.53s, 265.77MB)
  Running img_690.npy ... done (3.78s, 265.77MB)
  Running img_691.npy ... done (3.14s, 281.38MB)
  Running img_692.npy ... done (3.82s, 265.64MB)
  Running img_693.npy ... done (3.15s, 347.58MB)
  Running img_694.npy ... done (3.49s, 259.07MB)
  Running img_695.npy ... done (3.71s, 253.93MB)
  Running img_696.npy ... done (3.67s, 260.95MB)
  Running img_697.npy ... done (3.47s, 269.60MB)
  Running img_698.npy ... done (3.35s, 253.40MB)
  Running img_699.npy ... done (3.53s, 260.55MB)
  Running img_7.npy ... done (3.39s, 251.46MB)
  Running img_70.npy ... done (3.72s, 265.17MB)
  Running img_700.npy ... done (5.30s, 255.90MB)
  Running img_701.npy ... done (3.87s, 283.51MB)
  Running img_702.npy ... done (3.66s, 270.20MB)
  Running img_703.npy ... done (3.34s, 251.70MB)
  Running img_704.npy ... done (3.85s, 263.59MB)
  Running img_705.npy ... done (3.40s, 278.67MB)
  Running img_706.npy ... done (3.92s, 268.05MB)
  Running img_707.npy ... done (3.88s, 262.54MB)
  Running img_708.npy ... done (3.53s, 253.45MB)
  Running img_709.npy ... done (3.51s, 257.86MB)
  Running img_71.npy ... done (3.56s, 269.80MB)
  Running img_710.npy ... done (3.72s, 259.25MB)
  Running img_711.npy ... done (3.34s, 242.62MB)
  Running img_712.npy ... done (3.51s, 266.09MB)
  Running img_713.npy ... done (3.53s, 236.37MB)
  Running img_714.npy ... done (3.55s, 267.95MB)
  Running img_715.npy ... done (3.65s, 257.94MB)
  Running img_716.npy ... done (3.06s, 353.62MB)
  Running img_717.npy ... done (3.20s, 245.93MB)
  Running img_718.npy ... done (4.14s, 259.34MB)
  Running img_719.npy ... done (3.30s, 336.71MB)
  Running img_72.npy ... done (3.24s, 258.12MB)
  Running img_720.npy ... done (3.37s, 255.13MB)
  Running img_721.npy ... done (3.74s, 271.13MB)
  Running img_722.npy ... done (3.58s, 266.03MB)
  Running img_723.npy ... done (3.67s, 262.69MB)
  Running img_724.npy ... done (3.77s, 272.68MB)
  Running img_725.npy ... done (2.99s, 255.92MB)
  Running img_726.npy ... done (4.02s, 264.29MB)
  Running img_727.npy ... done (3.86s, 273.32MB)
  Running img_728.npy ... done (3.14s, 288.70MB)
  Running img_729.npy ... done (3.33s, 269.25MB)
  Running img_73.npy ... done (3.76s, 277.60MB)
  Running img_730.npy ... done (3.55s, 255.74MB)
  Running img_731.npy ... done (3.74s, 250.83MB)
  Running img_732.npy ... done (3.54s, 314.00MB)
  Running img_733.npy ... done (3.55s, 259.48MB)
  Running img_734.npy ... done (4.04s, 265.02MB)
  Running img_735.npy ... done (3.41s, 262.23MB)
  Running img_736.npy ... done (3.70s, 246.52MB)
  Running img_737.npy ... done (3.97s, 270.32MB)
  Running img_738.npy ... done (3.25s, 242.35MB)
  Running img_739.npy ... done (3.77s, 268.32MB)
  Running img_74.npy ... done (3.73s, 266.08MB)
  Running img_740.npy ... done (3.46s, 262.09MB)
  Running img_741.npy ... done (3.41s, 253.99MB)
  Running img_742.npy ... done (4.46s, 270.84MB)
  Running img_743.npy ... done (3.87s, 262.55MB)
  Running img_744.npy ... done (3.89s, 277.82MB)
  Running img_745.npy ... done (3.53s, 291.11MB)
  Running img_746.npy ... done (3.50s, 250.81MB)
  Running img_747.npy ... done (4.04s, 268.94MB)
  Running img_748.npy ... done (3.60s, 258.14MB)
  Running img_749.npy ... done (3.71s, 270.78MB)
  Running img_75.npy ... done (3.71s, 281.17MB)
  Running img_750.npy ... done (4.24s, 262.91MB)
  Running img_751.npy ... done (3.30s, 345.26MB)
  Running img_752.npy ... done (3.50s, 282.17MB)
  Running img_753.npy ... done (3.87s, 267.27MB)
  Running img_754.npy ... done (3.67s, 289.10MB)
  Running img_755.npy ... done (3.40s, 259.61MB)
  Running img_756.npy ... done (4.08s, 270.73MB)
  Running img_757.npy ... done (3.29s, 314.15MB)
  Running img_758.npy ... done (3.62s, 262.84MB)
  Running img_759.npy ... done (3.95s, 274.83MB)
  Running img_76.npy ... done (3.76s, 274.53MB)
  Running img_760.npy ... done (3.63s, 264.07MB)
  Running img_761.npy ... done (3.21s, 315.88MB)
  Running img_762.npy ... done (3.50s, 250.98MB)
  Running img_763.npy ... done (3.83s, 277.84MB)
  Running img_764.npy ... done (3.48s, 277.50MB)
  Running img_765.npy ... done (3.76s, 264.86MB)
  Running img_766.npy ... done (3.08s, 348.86MB)
  Running img_767.npy ... done (3.62s, 266.69MB)
  Running img_768.npy ... done (3.57s, 260.52MB)
  Running img_769.npy ... done (3.19s, 334.40MB)
  Running img_77.npy ... done (3.69s, 269.57MB)
  Running img_770.npy ... done (3.96s, 275.42MB)
  Running img_771.npy ... done (3.25s, 288.62MB)
  Running img_772.npy ... done (3.64s, 264.10MB)
  Running img_773.npy ... done (3.76s, 259.83MB)
  Running img_774.npy ... done (3.39s, 284.30MB)
  Running img_775.npy ... done (3.83s, 285.57MB)
  Running img_776.npy ... done (3.49s, 297.19MB)
  Running img_777.npy ... done (3.40s, 259.46MB)
  Running img_778.npy ... done (4.05s, 269.11MB)
  Running img_779.npy ... done (3.32s, 268.70MB)
  Running img_78.npy ... done (3.54s, 262.92MB)
  Running img_780.npy ... done (3.61s, 267.27MB)
  Running img_781.npy ... done (3.38s, 274.32MB)
  Running img_782.npy ... done (3.33s, 258.74MB)
  Running img_783.npy ... done (3.54s, 354.82MB)
  Running img_784.npy ... done (3.29s, 288.98MB)
  Running img_785.npy ... done (3.40s, 264.46MB)
  Running img_786.npy ... done (3.56s, 269.23MB)
  Running img_787.npy ... done (3.76s, 272.79MB)
  Running img_788.npy ... done (3.77s, 261.45MB)
  Running img_789.npy ... done (3.55s, 317.02MB)
  Running img_79.npy ... done (3.58s, 274.08MB)
  Running img_790.npy ... done (3.70s, 279.05MB)
  Running img_791.npy ... done (3.47s, 314.91MB)
  Running img_792.npy ... done (3.23s, 273.94MB)
  Running img_793.npy ... done (3.74s, 271.50MB)
  Running img_794.npy ... done (3.19s, 279.37MB)
  Running img_795.npy ... done (4.03s, 275.26MB)
  Running img_796.npy ... done (4.03s, 309.32MB)
  Running img_797.npy ... done (3.61s, 255.73MB)
  Running img_798.npy ... done (3.24s, 313.82MB)
  Running img_799.npy ... done (3.19s, 268.24MB)
  Running img_8.npy ... done (3.96s, 261.84MB)
  Running img_80.npy ... done (3.46s, 296.35MB)
  Running img_81.npy ... done (3.54s, 262.73MB)
  Running img_82.npy ... done (3.88s, 300.24MB)
  Running img_83.npy ... done (3.39s, 283.32MB)
  Running img_84.npy ... done (3.73s, 273.79MB)
  Running img_85.npy ... done (3.43s, 333.04MB)
  Running img_86.npy ... done (3.73s, 271.06MB)
  Running img_87.npy ... done (3.89s, 263.15MB)
  Running img_88.npy ... done (3.72s, 317.88MB)
  Running img_89.npy ... done (3.68s, 254.89MB)
  Running img_9.npy ... done (3.70s, 261.19MB)
  Running img_90.npy ... done (3.60s, 285.95MB)
  Running img_91.npy ... done (3.60s, 254.19MB)
  Running img_92.npy ... done (3.86s, 308.54MB)
  Running img_93.npy ... done (3.40s, 269.44MB)
  Running img_94.npy ... done (3.42s, 237.33MB)
  Running img_95.npy ... done (3.74s, 337.64MB)
  Running img_96.npy ... done (3.19s, 265.47MB)
  Running img_97.npy ... done (3.73s, 270.46MB)
  Running img_98.npy ... done (3.60s, 315.45MB)
  Running img_99.npy ... done (3.63s, 271.76MB)

Results saved into results/ttk/div2k/dim0.csv
