[Tue Nov  4 22:33:19 CET 2025] Running METHOD=gudhi, DATASET=div2k, DIM=0
Saving to results/gudhi/div2k/dim0.csv
Running gudhi on datasets/div2k_npy (maxdim=0)...
  Running img_0.npy ... done (3.86s, 226.55MB)
  Running img_1.npy ... done (3.66s, 227.32MB)
  Running img_10.npy ... done (3.84s, 246.91MB)
  Running img_100.npy ... done (3.51s, 234.57MB)
  Running img_101.npy ... done (4.37s, 228.92MB)
  Running img_102.npy ... done (3.93s, 238.34MB)
  Running img_103.npy ... done (4.68s, 248.31MB)
  Running img_104.npy ... done (3.24s, 222.12MB)
  Running img_105.npy ... done (3.29s, 238.81MB)
  Running img_106.npy ... done (3.17s, 228.29MB)
  Running img_107.npy ... done (3.35s, 225.16MB)
  Running img_108.npy ... done (3.78s, 243.69MB)
  Running img_109.npy ... done (3.56s, 224.83MB)
  Running img_11.npy ... done (3.30s, 235.85MB)
  Running img_110.npy ... done (3.65s, 254.12MB)
  Running img_111.npy ... done (3.75s, 239.64MB)
  Running img_112.npy ... done (3.16s, 235.68MB)
  Running img_113.npy ... done (3.61s, 233.92MB)
  Running img_114.npy ... done (3.88s, 246.58MB)
  Running img_115.npy ... done (3.35s, 222.91MB)
  Running img_116.npy ... done (4.07s, 254.36MB)
  Running img_117.npy ... done (3.64s, 243.80MB)
  Running img_118.npy ... done (3.66s, 238.57MB)
  Running img_119.npy ... done (3.99s, 243.54MB)
  Running img_12.npy ... done (3.81s, 234.79MB)
  Running img_120.npy ... done (3.45s, 227.00MB)
  Running img_121.npy ... done (3.65s, 234.47MB)
  Running img_122.npy ... done (3.36s, 223.43MB)
  Running img_123.npy ... done (3.63s, 238.10MB)
  Running img_124.npy ... done (3.17s, 238.16MB)
  Running img_125.npy ... done (4.00s, 251.02MB)
  Running img_126.npy ... done (4.12s, 243.67MB)
  Running img_127.npy ... done (3.34s, 214.94MB)
  Running img_128.npy ... done (3.96s, 242.04MB)
  Running img_129.npy ... done (3.54s, 242.00MB)
  Running img_13.npy ... done (4.01s, 228.61MB)
  Running img_130.npy ... done (3.38s, 241.14MB)
  Running img_131.npy ... done (3.49s, 238.61MB)
  Running img_132.npy ... done (3.50s, 221.66MB)
  Running img_133.npy ... done (3.91s, 237.26MB)
  Running img_134.npy ... done (4.34s, 265.86MB)
  Running img_135.npy ... done (3.51s, 241.08MB)
  Running img_136.npy ... done (3.51s, 237.27MB)
  Running img_137.npy ... done (3.44s, 238.75MB)
  Running img_138.npy ... done (3.50s, 245.98MB)
  Running img_139.npy ... done (4.27s, 247.09MB)
  Running img_14.npy ... done (3.91s, 243.53MB)
  Running img_140.npy ... done (3.90s, 253.85MB)
  Running img_141.npy ... done (3.54s, 232.55MB)
  Running img_142.npy ... done (3.62s, 231.80MB)
  Running img_143.npy ... done (3.48s, 224.40MB)
  Running img_144.npy ... done (3.56s, 245.76MB)
  Running img_145.npy ... done (3.62s, 233.12MB)
  Running img_146.npy ... done (3.50s, 245.24MB)
  Running img_147.npy ... done (4.01s, 248.43MB)
  Running img_148.npy ... done (3.44s, 239.67MB)
  Running img_149.npy ... done (3.50s, 228.23MB)
  Running img_15.npy ... done (3.51s, 247.58MB)
  Running img_150.npy ... done (3.38s, 232.38MB)
  Running img_151.npy ... done (3.66s, 240.34MB)
  Running img_152.npy ... done (3.67s, 236.54MB)
  Running img_153.npy ... done (3.23s, 229.35MB)
  Running img_154.npy ... done (3.51s, 226.47MB)
  Running img_155.npy ... done (4.14s, 227.13MB)
  Running img_156.npy ... done (3.96s, 232.32MB)
  Running img_157.npy ... done (3.48s, 231.66MB)
  Running img_158.npy ... done (3.74s, 238.93MB)
  Running img_159.npy ... done (3.52s, 234.27MB)
  Running img_16.npy ... done (3.59s, 232.64MB)
  Running img_160.npy ... done (3.43s, 222.31MB)
  Running img_161.npy ... done (3.90s, 242.92MB)
  Running img_162.npy ... done (3.99s, 251.50MB)
  Running img_163.npy ... done (3.79s, 266.30MB)
  Running img_164.npy ... done (4.15s, 253.00MB)
  Running img_165.npy ... done (3.81s, 238.14MB)
  Running img_166.npy ... done (3.79s, 250.34MB)
  Running img_167.npy ... done (3.50s, 222.78MB)
  Running img_168.npy ... done (4.08s, 235.60MB)
  Running img_169.npy ... done (3.29s, 225.74MB)
  Running img_17.npy ... done (3.69s, 239.11MB)
  Running img_170.npy ... done (3.39s, 242.38MB)
  Running img_171.npy ... done (3.46s, 233.71MB)
  Running img_172.npy ... done (3.95s, 248.52MB)
  Running img_173.npy ... done (3.64s, 246.46MB)
  Running img_174.npy ... done (3.66s, 224.27MB)
  Running img_175.npy ... done (3.42s, 237.64MB)
  Running img_176.npy ... done (3.50s, 242.82MB)
  Running img_177.npy ... done (3.96s, 225.93MB)
  Running img_178.npy ... done (3.58s, 242.04MB)
  Running img_179.npy ... done (3.29s, 226.52MB)
  Running img_18.npy ... done (4.18s, 243.00MB)
  Running img_180.npy ... done (4.60s, 239.70MB)
  Running img_181.npy ... done (3.47s, 243.87MB)
  Running img_182.npy ... done (3.22s, 224.44MB)
  Running img_183.npy ... done (3.85s, 226.40MB)
  Running img_184.npy ... done (4.06s, 244.70MB)
  Running img_185.npy ... done (3.50s, 228.45MB)
  Running img_186.npy ... done (4.22s, 242.76MB)
  Running img_187.npy ... done (3.64s, 239.00MB)
  Running img_188.npy ... done (3.55s, 239.88MB)
  Running img_189.npy ... done (3.15s, 236.78MB)
  Running img_19.npy ... done (3.54s, 241.58MB)
  Running img_190.npy ... done (4.38s, 253.45MB)
  Running img_191.npy ... done (3.76s, 228.31MB)
  Running img_192.npy ... done (4.35s, 268.58MB)
  Running img_193.npy ... done (3.96s, 227.41MB)
  Running img_194.npy ... done (3.44s, 242.03MB)
  Running img_195.npy ... done (3.94s, 254.14MB)
  Running img_196.npy ... done (3.63s, 319.02MB)
  Running img_197.npy ... done (3.81s, 246.61MB)
  Running img_198.npy ... done (3.88s, 246.12MB)
  Running img_199.npy ... done (3.38s, 231.47MB)
  Running img_2.npy ... done (3.83s, 237.86MB)
  Running img_20.npy ... done (3.49s, 222.50MB)
  Running img_200.npy ... done (4.13s, 251.00MB)
  Running img_201.npy ... done (3.69s, 231.61MB)
  Running img_202.npy ... done (3.32s, 231.58MB)
  Running img_203.npy ... done (3.78s, 240.54MB)
  Running img_204.npy ... done (3.86s, 224.41MB)
  Running img_205.npy ... done (3.49s, 234.09MB)
  Running img_206.npy ... done (3.88s, 243.50MB)
  Running img_207.npy ... done (3.76s, 239.80MB)
  Running img_208.npy ... done (3.58s, 240.59MB)
  Running img_209.npy ... done (3.18s, 243.26MB)
  Running img_21.npy ... done (3.87s, 227.43MB)
  Running img_210.npy ... done (3.51s, 233.69MB)
  Running img_211.npy ... done (3.38s, 237.25MB)
  Running img_212.npy ... done (3.72s, 235.44MB)
  Running img_213.npy ... done (3.45s, 245.48MB)
  Running img_214.npy ... done (3.28s, 227.00MB)
  Running img_215.npy ... done (3.70s, 244.93MB)
  Running img_216.npy ... done (3.60s, 234.48MB)
  Running img_217.npy ... done (3.53s, 222.40MB)
  Running img_218.npy ... done (4.40s, 235.94MB)
  Running img_219.npy ... done (3.54s, 233.22MB)
  Running img_22.npy ... done (3.03s, 232.98MB)
  Running img_220.npy ... done (3.98s, 233.99MB)
  Running img_221.npy ... done (3.18s, 217.64MB)
  Running img_222.npy ... done (3.70s, 243.93MB)
  Running img_223.npy ... done (3.64s, 235.29MB)
  Running img_224.npy ... done (3.50s, 223.70MB)
  Running img_225.npy ... done (3.37s, 254.50MB)
  Running img_226.npy ... done (3.71s, 226.29MB)
  Running img_227.npy ... done (3.76s, 232.52MB)
  Running img_228.npy ... done (3.64s, 247.22MB)
  Running img_229.npy ... done (4.23s, 251.19MB)
  Running img_23.npy ... done (4.02s, 247.21MB)
  Running img_230.npy ... done (3.88s, 248.96MB)
  Running img_231.npy ... done (3.60s, 236.45MB)
  Running img_232.npy ... done (3.84s, 235.59MB)
  Running img_233.npy ... done (3.61s, 245.74MB)
  Running img_234.npy ... done (3.49s, 239.21MB)
  Running img_235.npy ... done (3.71s, 228.70MB)
  Running img_236.npy ... done (3.35s, 250.88MB)
  Running img_237.npy ... done (3.56s, 239.25MB)
  Running img_238.npy ... done (3.76s, 234.80MB)
  Running img_239.npy ... done (3.91s, 235.50MB)
  Running img_24.npy ... done (4.31s, 256.04MB)
  Running img_240.npy ... done (3.52s, 248.95MB)
  Running img_241.npy ... done (3.27s, 228.12MB)
  Running img_242.npy ... done (3.44s, 234.98MB)
  Running img_243.npy ... done (3.28s, 237.03MB)
  Running img_244.npy ... done (3.69s, 240.21MB)
  Running img_245.npy ... done (3.71s, 246.43MB)
  Running img_246.npy ... done (3.50s, 243.36MB)
  Running img_247.npy ... done (4.00s, 261.23MB)
  Running img_248.npy ... done (3.56s, 227.73MB)
  Running img_249.npy ... done (3.66s, 231.74MB)
  Running img_25.npy ... done (3.43s, 219.21MB)
  Running img_250.npy ... done (3.43s, 228.56MB)
  Running img_251.npy ... done (3.67s, 235.48MB)
  Running img_252.npy ... done (3.79s, 236.52MB)
  Running img_253.npy ... done (3.64s, 243.30MB)
  Running img_254.npy ... done (3.48s, 224.50MB)
  Running img_255.npy ... done (3.52s, 235.14MB)
  Running img_256.npy ... done (3.18s, 243.96MB)
  Running img_257.npy ... done (3.98s, 252.87MB)
  Running img_258.npy ... done (3.01s, 227.81MB)
  Running img_259.npy ... done (4.01s, 237.21MB)
  Running img_26.npy ... done (3.59s, 219.21MB)
  Running img_260.npy ... done (3.34s, 228.95MB)
  Running img_261.npy ... done (4.19s, 256.04MB)
  Running img_262.npy ... done (4.37s, 255.93MB)
  Running img_263.npy ... done (3.23s, 226.53MB)
  Running img_264.npy ... done (3.79s, 244.39MB)
  Running img_265.npy ... done (3.41s, 224.73MB)
  Running img_266.npy ... done (3.15s, 235.76MB)
  Running img_267.npy ... done (3.52s, 227.90MB)
  Running img_268.npy ... done (4.08s, 233.63MB)
  Running img_269.npy ... done (3.57s, 220.69MB)
  Running img_27.npy ... done (3.65s, 249.96MB)
  Running img_270.npy ... done (3.74s, 248.43MB)
  Running img_271.npy ... done (3.48s, 235.93MB)
  Running img_272.npy ... done (3.40s, 227.56MB)
  Running img_273.npy ... done (3.35s, 243.25MB)
  Running img_274.npy ... done (3.51s, 237.01MB)
  Running img_275.npy ... done (3.68s, 235.58MB)
  Running img_276.npy ... done (3.60s, 245.46MB)
  Running img_277.npy ... done (3.76s, 237.58MB)
  Running img_278.npy ... done (3.46s, 246.98MB)
  Running img_279.npy ... done (3.80s, 245.32MB)
  Running img_28.npy ... done (3.93s, 230.89MB)
  Running img_280.npy ... done (4.37s, 251.18MB)
  Running img_281.npy ... done (3.88s, 242.50MB)
  Running img_282.npy ... done (3.54s, 239.37MB)
  Running img_283.npy ... done (4.33s, 275.69MB)
  Running img_284.npy ... done (3.53s, 250.95MB)
  Running img_285.npy ... done (3.27s, 235.72MB)
  Running img_286.npy ... done (3.84s, 245.55MB)
  Running img_287.npy ... done (3.39s, 239.20MB)
  Running img_288.npy ... done (3.42s, 235.71MB)
  Running img_289.npy ... done (3.47s, 238.35MB)
  Running img_29.npy ... done (3.48s, 228.84MB)
  Running img_290.npy ... done (3.41s, 228.39MB)
  Running img_291.npy ... done (3.23s, 239.66MB)
  Running img_292.npy ... done (3.68s, 223.57MB)
  Running img_293.npy ... done (3.92s, 243.81MB)
  Running img_294.npy ... done (3.62s, 253.98MB)
  Running img_295.npy ... done (4.05s, 238.16MB)
  Running img_296.npy ... done (4.00s, 239.52MB)
  Running img_297.npy ... done (4.17s, 260.41MB)
  Running img_298.npy ... done (3.53s, 262.72MB)
  Running img_299.npy ... done (3.60s, 233.65MB)
  Running img_3.npy ... done (3.50s, 237.61MB)
  Running img_30.npy ... done (3.47s, 235.18MB)
  Running img_300.npy ... done (3.94s, 238.05MB)
  Running img_301.npy ... done (3.83s, 235.69MB)
  Running img_302.npy ... done (3.69s, 271.43MB)
  Running img_303.npy ... done (3.13s, 222.56MB)
  Running img_304.npy ... done (3.03s, 231.48MB)
  Running img_305.npy ... done (4.38s, 248.05MB)
  Running img_306.npy ... done (3.67s, 222.12MB)
  Running img_307.npy ... done (3.54s, 239.69MB)
  Running img_308.npy ... done (3.91s, 246.74MB)
  Running img_309.npy ... done (3.77s, 248.30MB)
  Running img_31.npy ... done (3.62s, 253.71MB)
  Running img_310.npy ... done (3.41s, 243.04MB)
  Running img_311.npy ... done (3.27s, 251.58MB)
  Running img_312.npy ... done (3.69s, 250.71MB)
  Running img_313.npy ... done (3.25s, 230.34MB)
  Running img_314.npy ... done (3.63s, 246.79MB)
  Running img_315.npy ... done (3.48s, 303.52MB)
  Running img_316.npy ... done (3.47s, 256.29MB)
  Running img_317.npy ... done (3.66s, 244.12MB)
  Running img_318.npy ... done (3.80s, 232.95MB)
  Running img_319.npy ... done (3.57s, 242.24MB)
  Running img_32.npy ... done (4.20s, 245.96MB)
  Running img_320.npy ... done (3.96s, 253.59MB)
  Running img_321.npy ... done (4.21s, 245.33MB)
  Running img_322.npy ... done (3.23s, 257.26MB)
  Running img_323.npy ... done (3.30s, 374.03MB)
  Running img_324.npy ... done (3.61s, 228.20MB)
  Running img_325.npy ... done (4.02s, 260.77MB)
  Running img_326.npy ... done (4.01s, 236.65MB)
  Running img_327.npy ... done (3.37s, 246.16MB)
  Running img_328.npy ... done (3.23s, 239.99MB)
  Running img_329.npy ... done (4.18s, 255.98MB)
  Running img_33.npy ... done (3.76s, 242.72MB)
  Running img_330.npy ... done (3.91s, 244.65MB)
  Running img_331.npy ... done (3.35s, 320.00MB)
  Running img_332.npy ... done (4.62s, 239.39MB)
  Running img_333.npy ... done (3.74s, 246.04MB)
  Running img_334.npy ... done (3.51s, 244.15MB)
  Running img_335.npy ... done (3.80s, 235.97MB)
  Running img_336.npy ... done (3.37s, 235.02MB)
  Running img_337.npy ... done (3.48s, 240.15MB)
  Running img_338.npy ... done (2.89s, 232.42MB)
  Running img_339.npy ... done (3.53s, 253.68MB)
  Running img_34.npy ... done (3.47s, 248.61MB)
  Running img_340.npy ... done (3.45s, 244.00MB)
  Running img_341.npy ... done (3.62s, 225.48MB)
  Running img_342.npy ... done (3.65s, 233.40MB)
  Running img_343.npy ... done (3.68s, 230.74MB)
  Running img_344.npy ... done (3.41s, 239.77MB)
  Running img_345.npy ... done (4.12s, 230.89MB)
  Running img_346.npy ... done (3.48s, 247.67MB)
  Running img_347.npy ... done (3.45s, 242.65MB)
  Running img_348.npy ... done (3.08s, 223.22MB)
  Running img_349.npy ... done (3.95s, 233.49MB)
  Running img_35.npy ... done (4.15s, 247.35MB)
  Running img_350.npy ... done (3.43s, 238.84MB)
  Running img_351.npy ... done (3.39s, 223.11MB)
  Running img_352.npy ... done (3.72s, 250.77MB)
  Running img_353.npy ... done (3.42s, 235.04MB)
  Running img_354.npy ... done (3.14s, 233.35MB)
  Running img_355.npy ... done (3.47s, 238.99MB)
  Running img_356.npy ... done (3.49s, 236.86MB)
  Running img_357.npy ... done (3.72s, 241.95MB)
  Running img_358.npy ... done (3.43s, 232.49MB)
  Running img_359.npy ... done (3.84s, 229.84MB)
  Running img_36.npy ... done (3.78s, 226.69MB)
  Running img_360.npy ... done (3.24s, 233.34MB)
  Running img_361.npy ... done (3.47s, 242.55MB)
  Running img_362.npy ... done (3.33s, 231.34MB)
  Running img_363.npy ... done (3.58s, 232.01MB)
  Running img_364.npy ... done (3.91s, 244.15MB)
  Running img_365.npy ... done (3.27s, 238.38MB)
  Running img_366.npy ... done (3.71s, 238.43MB)
  Running img_367.npy ... done (3.50s, 248.42MB)
  Running img_368.npy ... done (3.84s, 243.75MB)
  Running img_369.npy ... done (3.59s, 227.06MB)
  Running img_37.npy ... done (3.52s, 239.58MB)
  Running img_370.npy ... done (4.08s, 251.64MB)
  Running img_371.npy ... done (4.23s, 240.83MB)
  Running img_372.npy ... done (3.51s, 236.30MB)
  Running img_373.npy ... done (3.74s, 245.15MB)
  Running img_374.npy ... done (3.30s, 230.18MB)
  Running img_375.npy ... done (3.57s, 240.35MB)
  Running img_376.npy ... done (3.80s, 244.85MB)
  Running img_377.npy ... done (3.67s, 240.68MB)
  Running img_378.npy ... done (3.17s, 249.28MB)
  Running img_379.npy ... done (3.51s, 243.81MB)
  Running img_38.npy ... done (3.27s, 218.34MB)
  Running img_380.npy ... done (3.12s, 223.55MB)
  Running img_381.npy ... done (3.54s, 220.27MB)
  Running img_382.npy ... done (3.70s, 236.79MB)
  Running img_383.npy ... done (3.59s, 240.39MB)
  Running img_384.npy ... done (4.12s, 239.04MB)
  Running img_385.npy ... done (3.79s, 245.64MB)
  Running img_386.npy ... done (3.97s, 249.57MB)
  Running img_387.npy ... done (3.68s, 242.27MB)
  Running img_388.npy ... done (3.08s, 241.96MB)
  Running img_389.npy ... done (3.18s, 245.74MB)
  Running img_39.npy ... done (3.85s, 233.06MB)
  Running img_390.npy ... done (3.31s, 258.83MB)
  Running img_391.npy ... done (3.98s, 249.98MB)
  Running img_392.npy ... done (3.27s, 240.15MB)
  Running img_393.npy ... done (3.92s, 241.12MB)
  Running img_394.npy ... done (3.58s, 225.24MB)
  Running img_395.npy ... done (3.59s, 254.75MB)
  Running img_396.npy ... done (3.20s, 220.64MB)
  Running img_397.npy ... done (3.21s, 227.52MB)
  Running img_398.npy ... done (4.63s, 243.86MB)
  Running img_399.npy ... done (3.49s, 240.01MB)
  Running img_4.npy ... done (3.24s, 227.99MB)
  Running img_40.npy ... done (3.39s, 222.17MB)
  Running img_400.npy ... done (3.95s, 242.42MB)
  Running img_401.npy ... done (3.22s, 243.90MB)
  Running img_402.npy ... done (3.41s, 223.43MB)
  Running img_403.npy ... done (3.09s, 223.70MB)
  Running img_404.npy ... done (3.46s, 243.00MB)
  Running img_405.npy ... done (3.81s, 265.49MB)
  Running img_406.npy ... done (3.48s, 222.85MB)
  Running img_407.npy ... done (3.73s, 246.21MB)
  Running img_408.npy ... done (3.26s, 238.54MB)
  Running img_409.npy ... done (3.18s, 248.23MB)
  Running img_41.npy ... done (3.53s, 254.10MB)
  Running img_410.npy ... done (3.96s, 236.64MB)
  Running img_411.npy ... done (3.64s, 250.82MB)
  Running img_412.npy ... done (4.07s, 252.12MB)
  Running img_413.npy ... done (3.19s, 234.30MB)
  Running img_414.npy ... done (3.91s, 252.02MB)
  Running img_415.npy ... done (3.06s, 375.68MB)
  Running img_416.npy ... done (3.20s, 225.69MB)
  Running img_417.npy ... done (3.72s, 246.62MB)
  Running img_418.npy ... done (3.54s, 234.52MB)
  Running img_419.npy ... done (3.47s, 225.26MB)
  Running img_42.npy ... done (3.67s, 246.59MB)
  Running img_420.npy ... done (3.35s, 232.50MB)
  Running img_421.npy ... done (3.56s, 232.23MB)
  Running img_422.npy ... done (3.13s, 233.87MB)
  Running img_423.npy ... done (4.13s, 235.08MB)
  Running img_424.npy ... done (3.12s, 242.54MB)
  Running img_425.npy ... done (3.53s, 242.81MB)
  Running img_426.npy ... done (3.37s, 244.47MB)
  Running img_427.npy ... done (3.06s, 236.75MB)
  Running img_428.npy ... done (4.11s, 250.08MB)
  Running img_429.npy ... done (3.89s, 236.84MB)
  Running img_43.npy ... done (3.44s, 268.63MB)
  Running img_430.npy ... done (3.72s, 235.54MB)
  Running img_431.npy ... done (3.29s, 230.50MB)
  Running img_432.npy ... done (3.33s, 262.01MB)
  Running img_433.npy ... done (2.95s, 253.20MB)
  Running img_434.npy ... done (4.09s, 273.13MB)
  Running img_435.npy ... done (4.30s, 257.70MB)
  Running img_436.npy ... done (3.21s, 233.44MB)
  Running img_437.npy ... done (3.54s, 238.45MB)
  Running img_438.npy ... done (3.46s, 252.12MB)
  Running img_439.npy ... done (3.34s, 224.63MB)
  Running img_44.npy ... done (3.04s, 225.75MB)
  Running img_440.npy ... done (3.61s, 228.28MB)
  Running img_441.npy ... done (3.77s, 251.80MB)
  Running img_442.npy ... done (3.40s, 237.71MB)
  Running img_443.npy ... done (3.57s, 223.84MB)
  Running img_444.npy ... done (3.70s, 249.43MB)
  Running img_445.npy ... done (3.43s, 232.69MB)
  Running img_446.npy ... done (3.70s, 263.66MB)
  Running img_447.npy ... done (3.40s, 244.76MB)
  Running img_448.npy ... done (3.89s, 242.42MB)
  Running img_449.npy ... done (3.34s, 236.86MB)
  Running img_45.npy ... done (4.51s, 237.87MB)
  Running img_450.npy ... done (3.48s, 244.50MB)
  Running img_451.npy ... done (3.29s, 235.99MB)
  Running img_452.npy ... done (3.78s, 258.13MB)
  Running img_453.npy ... done (3.65s, 246.32MB)
  Running img_454.npy ... done (3.36s, 223.44MB)
  Running img_455.npy ... done (4.00s, 261.19MB)
  Running img_456.npy ... done (3.57s, 237.23MB)
  Running img_457.npy ... done (3.08s, 218.21MB)
  Running img_458.npy ... done (3.48s, 228.21MB)
  Running img_459.npy ... done (3.27s, 221.93MB)
  Running img_46.npy ... done (3.27s, 244.41MB)
  Running img_460.npy ... done (3.59s, 244.73MB)
  Running img_461.npy ... done (3.05s, 248.75MB)
  Running img_462.npy ... done (3.48s, 237.88MB)
  Running img_463.npy ... done (3.95s, 321.48MB)
  Running img_464.npy ... done (3.37s, 247.77MB)
  Running img_465.npy ... done (3.13s, 226.05MB)
  Running img_466.npy ... done (3.35s, 231.38MB)
  Running img_467.npy ... done (3.22s, 244.65MB)
  Running img_468.npy ... done (3.47s, 248.46MB)
  Running img_469.npy ... done (3.33s, 247.81MB)
  Running img_47.npy ... done (3.53s, 226.57MB)
  Running img_470.npy ... done (3.75s, 240.91MB)
  Running img_471.npy ... done (3.83s, 245.73MB)
  Running img_472.npy ... done (3.35s, 245.78MB)
  Running img_473.npy ... done (3.43s, 270.48MB)
  Running img_474.npy ... done (2.99s, 220.53MB)
  Running img_475.npy ... done (3.16s, 233.01MB)
  Running img_476.npy ... done (3.09s, 235.26MB)
  Running img_477.npy ... done (4.34s, 239.98MB)
  Running img_478.npy ... done (3.24s, 232.12MB)
  Running img_479.npy ... done (3.09s, 245.15MB)
  Running img_48.npy ... done (3.58s, 244.82MB)
  Running img_480.npy ... done (3.20s, 240.00MB)
  Running img_481.npy ... done (3.50s, 253.65MB)
  Running img_482.npy ... done (3.39s, 230.89MB)
  Running img_483.npy ... done (3.29s, 236.18MB)
  Running img_484.npy ... done (3.38s, 221.12MB)
  Running img_485.npy ... done (3.81s, 242.16MB)
  Running img_486.npy ... done (3.22s, 234.57MB)
  Running img_487.npy ... done (3.19s, 222.18MB)
  Running img_488.npy ... done (3.59s, 253.30MB)
  Running img_489.npy ... done (3.55s, 235.96MB)
  Running img_49.npy ... done (3.00s, 234.60MB)
  Running img_490.npy ... done (4.30s, 247.36MB)
  Running img_491.npy ... done (3.17s, 243.62MB)
  Running img_492.npy ... done (4.12s, 244.62MB)
  Running img_493.npy ... done (3.17s, 224.54MB)
  Running img_494.npy ... done (3.41s, 247.43MB)
  Running img_495.npy ... done (2.82s, 220.61MB)
  Running img_496.npy ... done (3.39s, 240.88MB)
  Running img_497.npy ... done (3.21s, 235.56MB)
  Running img_498.npy ... done (3.32s, 232.97MB)
  Running img_499.npy ... done (3.16s, 232.10MB)
  Running img_5.npy ... done (3.76s, 246.07MB)
  Running img_50.npy ... done (3.59s, 227.71MB)
  Running img_500.npy ... done (3.23s, 227.01MB)
  Running img_501.npy ... done (3.31s, 248.39MB)
  Running img_502.npy ... done (3.54s, 240.14MB)
  Running img_503.npy ... done (4.43s, 253.80MB)
  Running img_504.npy ... done (3.86s, 249.81MB)
  Running img_505.npy ... done (3.32s, 248.44MB)
  Running img_506.npy ... done (3.36s, 252.61MB)
  Running img_507.npy ... done (3.35s, 247.67MB)
  Running img_508.npy ... done (3.69s, 247.50MB)
  Running img_509.npy ... done (3.76s, 254.83MB)
  Running img_51.npy ... done (4.00s, 251.03MB)
  Running img_510.npy ... done (3.11s, 237.29MB)
  Running img_511.npy ... done (3.28s, 225.01MB)
  Running img_512.npy ... done (2.93s, 222.05MB)
  Running img_513.npy ... done (3.39s, 231.52MB)
  Running img_514.npy ... done (3.49s, 235.96MB)
  Running img_515.npy ... done (3.00s, 240.54MB)
  Running img_516.npy ... done (3.56s, 236.01MB)
  Running img_517.npy ... done (3.42s, 246.10MB)
  Running img_518.npy ... done (2.85s, 227.43MB)
  Running img_519.npy ... done (3.36s, 231.73MB)
  Running img_52.npy ... done (3.38s, 247.04MB)
  Running img_520.npy ... done (3.39s, 242.89MB)
  Running img_521.npy ... done (3.27s, 242.45MB)
  Running img_522.npy ... done (3.44s, 228.24MB)
  Running img_523.npy ... done (3.09s, 296.68MB)
  Running img_524.npy ... done (3.43s, 237.64MB)
  Running img_525.npy ... done (3.19s, 220.45MB)
  Running img_526.npy ... done (2.89s, 244.73MB)
  Running img_527.npy ... done (3.36s, 238.08MB)
  Running img_528.npy ... done (3.23s, 237.74MB)
  Running img_529.npy ... done (3.46s, 243.23MB)
  Running img_53.npy ... done (3.42s, 238.30MB)
  Running img_530.npy ... done (4.55s, 251.82MB)
  Running img_531.npy ... done (3.43s, 241.58MB)
  Running img_532.npy ... done (3.41s, 242.97MB)
  Running img_533.npy ... done (2.99s, 222.13MB)
  Running img_534.npy ... done (3.32s, 239.73MB)
  Running img_535.npy ... done (3.20s, 227.34MB)
  Running img_536.npy ... done (3.03s, 248.93MB)
  Running img_537.npy ... done (3.39s, 231.74MB)
  Running img_538.npy ... done (3.19s, 239.32MB)
  Running img_539.npy ... done (3.09s, 246.58MB)
  Running img_54.npy ... done (3.00s, 261.80MB)
  Running img_540.npy ... done (3.49s, 240.50MB)
  Running img_541.npy ... done (3.41s, 224.90MB)
  Running img_542.npy ... done (3.18s, 232.62MB)
  Running img_543.npy ... done (3.45s, 243.02MB)
  Running img_544.npy ... done (3.86s, 298.81MB)
  Running img_545.npy ... done (3.67s, 234.59MB)
  Running img_546.npy ... done (3.38s, 227.06MB)
  Running img_547.npy ... done (3.34s, 234.91MB)
  Running img_548.npy ... done (3.35s, 247.28MB)
  Running img_549.npy ... done (3.10s, 225.26MB)
  Running img_55.npy ... done (3.14s, 241.63MB)
  Running img_550.npy ... done (3.33s, 223.23MB)
  Running img_551.npy ... done (2.96s, 230.29MB)
  Running img_552.npy ... done (3.28s, 243.80MB)
  Running img_553.npy ... done (3.37s, 221.39MB)
  Running img_554.npy ... done (3.34s, 223.07MB)
  Running img_555.npy ... done (3.55s, 256.53MB)
  Running img_556.npy ... done (3.63s, 241.10MB)
  Running img_557.npy ... done (3.45s, 220.29MB)
  Running img_558.npy ... done (3.34s, 253.48MB)
  Running img_559.npy ... done (3.74s, 223.07MB)
  Running img_56.npy ... done (3.16s, 230.80MB)
  Running img_560.npy ... done (3.19s, 217.81MB)
  Running img_561.npy ... done (2.90s, 295.30MB)
  Running img_562.npy ... done (3.35s, 238.65MB)
  Running img_563.npy ... done (3.29s, 275.93MB)
  Running img_564.npy ... done (2.76s, 255.65MB)
  Running img_565.npy ... done (3.26s, 237.04MB)
  Running img_566.npy ... done (3.11s, 224.87MB)
  Running img_567.npy ... done (3.34s, 227.53MB)
  Running img_568.npy ... done (2.98s, 237.69MB)
  Running img_569.npy ... done (3.33s, 236.09MB)
  Running img_57.npy ... done (3.64s, 239.94MB)
  Running img_570.npy ... done (3.53s, 222.58MB)
  Running img_571.npy ... done (3.27s, 255.98MB)
  Running img_572.npy ... done (3.17s, 239.49MB)
  Running img_573.npy ... done (4.10s, 267.70MB)
  Running img_574.npy ... done (3.18s, 241.12MB)
  Running img_575.npy ... done (2.99s, 273.65MB)
  Running img_576.npy ... done (3.17s, 232.23MB)
  Running img_577.npy ... done (3.32s, 241.88MB)
  Running img_578.npy ... done (3.40s, 244.91MB)
  Running img_579.npy ... done (3.73s, 246.63MB)
  Running img_58.npy ... done (3.53s, 237.77MB)
  Running img_580.npy ... done (3.20s, 237.34MB)
  Running img_581.npy ... done (3.21s, 221.80MB)
  Running img_582.npy ... done (3.26s, 235.38MB)
  Running img_583.npy ... done (3.62s, 234.38MB)
  Running img_584.npy ... done (3.41s, 266.23MB)
  Running img_585.npy ... done (3.48s, 245.25MB)
  Running img_586.npy ... done (3.46s, 237.93MB)
  Running img_587.npy ... done (4.28s, 254.78MB)
  Running img_588.npy ... done (3.38s, 244.00MB)
  Running img_589.npy ... done (3.34s, 248.06MB)
  Running img_59.npy ... done (3.21s, 241.96MB)
  Running img_590.npy ... done (3.22s, 227.88MB)
  Running img_591.npy ... done (3.53s, 245.09MB)
  Running img_592.npy ... done (3.22s, 242.86MB)
  Running img_593.npy ... done (3.22s, 234.68MB)
  Running img_594.npy ... done (3.28s, 236.11MB)
  Running img_595.npy ... done (4.21s, 257.69MB)
  Running img_596.npy ... done (3.64s, 257.96MB)
  Running img_597.npy ... done (2.99s, 224.54MB)
  Running img_598.npy ... done (3.22s, 248.20MB)
  Running img_599.npy ... done (3.48s, 234.69MB)
  Running img_6.npy ... done (3.93s, 237.08MB)
  Running img_60.npy ... done (3.44s, 221.56MB)
  Running img_600.npy ... done (3.52s, 226.12MB)
  Running img_601.npy ... done (3.19s, 232.45MB)
  Running img_602.npy ... done (3.25s, 236.58MB)
  Running img_603.npy ... done (3.06s, 260.95MB)
  Running img_604.npy ... done (3.23s, 234.23MB)
  Running img_605.npy ... done (3.19s, 247.76MB)
  Running img_606.npy ... done (3.40s, 242.25MB)
  Running img_607.npy ... done (3.58s, 252.27MB)
  Running img_608.npy ... done (3.42s, 237.61MB)
  Running img_609.npy ... done (3.26s, 224.68MB)
  Running img_61.npy ... done (4.01s, 250.89MB)
  Running img_610.npy ... done (3.68s, 245.03MB)
  Running img_611.npy ... done (3.62s, 232.52MB)
  Running img_612.npy ... done (3.29s, 243.86MB)
  Running img_613.npy ... done (4.14s, 239.81MB)
  Running img_614.npy ... done (3.07s, 226.86MB)
  Running img_615.npy ... done (3.40s, 236.46MB)
  Running img_616.npy ... done (3.33s, 238.23MB)
  Running img_617.npy ... done (3.22s, 237.20MB)
  Running img_618.npy ... done (3.35s, 224.92MB)
  Running img_619.npy ... done (3.21s, 234.22MB)
  Running img_62.npy ... done (3.37s, 246.17MB)
  Running img_620.npy ... done (3.31s, 218.62MB)
  Running img_621.npy ... done (3.09s, 235.69MB)
  Running img_622.npy ... done (3.56s, 239.48MB)
  Running img_623.npy ... done (3.62s, 239.70MB)
  Running img_624.npy ... done (3.52s, 236.04MB)
  Running img_625.npy ... done (3.42s, 242.57MB)
  Running img_626.npy ... done (3.69s, 232.00MB)
  Running img_627.npy ... done (3.42s, 238.97MB)
  Running img_628.npy ... done (3.04s, 237.12MB)
  Running img_629.npy ... done (3.49s, 254.33MB)
  Running img_63.npy ... done (3.23s, 273.43MB)
  Running img_630.npy ... done (3.42s, 237.79MB)
  Running img_631.npy ... done (3.28s, 236.51MB)
  Running img_632.npy ... done (3.52s, 227.55MB)
  Running img_633.npy ... done (3.37s, 248.56MB)
  Running img_634.npy ... done (3.01s, 242.60MB)
  Running img_635.npy ... done (3.47s, 240.05MB)
  Running img_636.npy ... done (3.92s, 255.63MB)
  Running img_637.npy ... done (3.51s, 234.25MB)
  Running img_638.npy ... done (3.09s, 224.11MB)
  Running img_639.npy ... done (3.86s, 252.66MB)
  Running img_64.npy ... done (3.30s, 238.40MB)
  Running img_640.npy ... done (3.98s, 246.02MB)
  Running img_641.npy ... done (3.64s, 257.89MB)
  Running img_642.npy ... done (3.76s, 246.85MB)
  Running img_643.npy ... done (3.40s, 241.66MB)
  Running img_644.npy ... done (3.37s, 228.38MB)
  Running img_645.npy ... done (3.42s, 250.54MB)
  Running img_646.npy ... done (3.42s, 235.81MB)
  Running img_647.npy ... done (3.73s, 245.08MB)
  Running img_648.npy ... done (3.37s, 225.52MB)
  Running img_649.npy ... done (3.18s, 229.11MB)
  Running img_65.npy ... done (3.14s, 230.99MB)
  Running img_650.npy ... done (3.50s, 228.95MB)
  Running img_651.npy ... done (3.22s, 224.64MB)
  Running img_652.npy ... done (3.23s, 245.56MB)
  Running img_653.npy ... done (3.23s, 239.32MB)
  Running img_654.npy ... done (4.32s, 244.01MB)
  Running img_655.npy ... done (3.20s, 247.73MB)
  Running img_656.npy ... done (3.17s, 241.40MB)
  Running img_657.npy ... done (3.38s, 231.57MB)
  Running img_658.npy ... done (3.00s, 217.29MB)
  Running img_659.npy ... done (3.72s, 237.49MB)
  Running img_66.npy ... done (3.03s, 243.41MB)
  Running img_660.npy ... done (3.34s, 235.94MB)
  Running img_661.npy ... done (3.18s, 223.63MB)
  Running img_662.npy ... done (3.53s, 245.98MB)
  Running img_663.npy ... done (3.66s, 241.55MB)
  Running img_664.npy ... done (3.11s, 239.87MB)
  Running img_665.npy ... done (3.67s, 252.40MB)
  Running img_666.npy ... done (3.98s, 258.21MB)
  Running img_667.npy ... done (3.01s, 229.92MB)
  Running img_668.npy ... done (3.98s, 236.61MB)
  Running img_669.npy ... done (2.94s, 228.93MB)
  Running img_67.npy ... done (3.34s, 246.67MB)
  Running img_670.npy ... done (3.61s, 246.61MB)
  Running img_671.npy ... done (3.42s, 232.48MB)
  Running img_672.npy ... done (3.61s, 241.74MB)
  Running img_673.npy ... done (3.35s, 250.72MB)
  Running img_674.npy ... done (3.02s, 240.14MB)
  Running img_675.npy ... done (3.16s, 232.66MB)
  Running img_676.npy ... done (3.03s, 233.50MB)
  Running img_677.npy ... done (3.71s, 246.17MB)
  Running img_678.npy ... done (3.12s, 226.52MB)
  Running img_679.npy ... done (3.53s, 245.49MB)
  Running img_68.npy ... done (3.08s, 242.90MB)
  Running img_680.npy ... done (2.93s, 224.34MB)
  Running img_681.npy ... done (4.17s, 248.54MB)
  Running img_682.npy ... done (3.15s, 225.96MB)
  Running img_683.npy ... done (3.17s, 237.15MB)
  Running img_684.npy ... done (3.50s, 245.83MB)
  Running img_685.npy ... done (2.97s, 261.32MB)
  Running img_686.npy ... done (3.36s, 236.16MB)
  Running img_687.npy ... done (3.05s, 225.38MB)
  Running img_688.npy ... done (3.29s, 256.17MB)
  Running img_689.npy ... done (3.90s, 245.25MB)
  Running img_69.npy ... done (2.98s, 245.51MB)
  Running img_690.npy ... done (3.29s, 238.78MB)
  Running img_691.npy ... done (2.80s, 217.45MB)
  Running img_692.npy ... done (3.13s, 245.96MB)
  Running img_693.npy ... done (3.10s, 219.53MB)
  Running img_694.npy ... done (3.17s, 239.83MB)
  Running img_695.npy ... done (2.91s, 233.11MB)
  Running img_696.npy ... done (3.91s, 234.14MB)
  Running img_697.npy ... done (3.15s, 239.77MB)
  Running img_698.npy ... done (2.85s, 220.50MB)
  Running img_699.npy ... done (2.70s, 232.34MB)
  Running img_7.npy ... done (2.80s, 230.04MB)
  Running img_70.npy ... done (2.81s, 237.30MB)
  Running img_700.npy ... done (2.80s, 244.61MB)
  Running img_701.npy ... done (3.10s, 270.27MB)
  Running img_702.npy ... done (2.87s, 257.36MB)
  Running img_703.npy ... done (2.76s, 217.69MB)
  Running img_704.npy ... done (2.99s, 251.22MB)
  Running img_705.npy ... done (3.11s, 244.85MB)
  Running img_706.npy ... done (2.87s, 249.13MB)
  Running img_707.npy ... done (3.01s, 248.68MB)
  Running img_708.npy ... done (3.13s, 246.98MB)
  Running img_709.npy ... done (2.84s, 237.73MB)
  Running img_71.npy ... done (2.93s, 233.81MB)
  Running img_710.npy ... done (3.86s, 242.84MB)
  Running img_711.npy ... done (2.78s, 226.52MB)
  Running img_712.npy ... done (2.82s, 238.16MB)
  Running img_713.npy ... done (2.55s, 218.29MB)
  Running img_714.npy ... done (2.88s, 245.21MB)
  Running img_715.npy ... done (2.90s, 228.65MB)
  Running img_716.npy ... done (2.77s, 379.25MB)
  Running img_717.npy ... done (3.01s, 224.26MB)
  Running img_718.npy ... done (2.77s, 244.05MB)
  Running img_719.npy ... done (2.68s, 227.92MB)
  Running img_72.npy ... done (2.91s, 240.19MB)
  Running img_720.npy ... done (2.80s, 233.55MB)
  Running img_721.npy ... done (2.98s, 248.90MB)
  Running img_722.npy ... done (2.83s, 248.01MB)
  Running img_723.npy ... done (2.78s, 245.40MB)
  Running img_724.npy ... done (3.05s, 231.90MB)
  Running img_725.npy ... done (2.61s, 238.24MB)
  Running img_726.npy ... done (2.83s, 237.90MB)
  Running img_727.npy ... done (3.20s, 250.57MB)
  Running img_728.npy ... done (2.57s, 216.00MB)
  Running img_729.npy ... done (3.19s, 240.27MB)
  Running img_73.npy ... done (2.72s, 242.66MB)
  Running img_730.npy ... done (3.32s, 244.30MB)
  Running img_731.npy ... done (2.74s, 223.14MB)
  Running img_732.npy ... done (2.96s, 235.12MB)
  Running img_733.npy ... done (3.17s, 243.85MB)
  Running img_734.npy ... done (2.85s, 239.40MB)
  Running img_735.npy ... done (3.02s, 241.91MB)
  Running img_736.npy ... done (2.81s, 226.40MB)
  Running img_737.npy ... done (2.90s, 241.28MB)
  Running img_738.npy ... done (3.17s, 222.32MB)
  Running img_739.npy ... done (3.15s, 249.78MB)
  Running img_74.npy ... done (2.98s, 232.45MB)
  Running img_740.npy ... done (2.65s, 232.34MB)
  Running img_741.npy ... done (2.77s, 224.02MB)
  Running img_742.npy ... done (2.99s, 242.44MB)
  Running img_743.npy ... done (3.58s, 244.53MB)
  Running img_744.npy ... done (3.01s, 248.90MB)
  Running img_745.npy ... done (2.94s, 237.33MB)
  Running img_746.npy ... done (3.06s, 227.78MB)
  Running img_747.npy ... done (3.44s, 242.46MB)
  Running img_748.npy ... done (2.88s, 246.00MB)
  Running img_749.npy ... done (3.28s, 244.68MB)
  Running img_75.npy ... done (2.98s, 252.67MB)
  Running img_750.npy ... done (2.91s, 250.19MB)
  Running img_751.npy ... done (2.88s, 228.72MB)
  Running img_752.npy ... done (2.83s, 239.35MB)
  Running img_753.npy ... done (3.55s, 245.21MB)
  Running img_754.npy ... done (2.93s, 238.82MB)
  Running img_755.npy ... done (3.06s, 244.98MB)
  Running img_756.npy ... done (2.87s, 246.30MB)
  Running img_757.npy ... done (2.86s, 228.10MB)
  Running img_758.npy ... done (3.63s, 251.70MB)
  Running img_759.npy ... done (3.18s, 243.88MB)
  Running img_76.npy ... done (2.78s, 242.52MB)
  Running img_760.npy ... done (3.17s, 234.43MB)
  Running img_761.npy ... done (2.87s, 228.19MB)
  Running img_762.npy ... done (2.71s, 233.24MB)
  Running img_763.npy ... done (2.80s, 246.51MB)
  Running img_764.npy ... done (2.48s, 229.75MB)
  Running img_765.npy ... done (2.98s, 235.96MB)
  Running img_766.npy ... done (2.91s, 232.21MB)
  Running img_767.npy ... done (2.96s, 254.94MB)
  Running img_768.npy ... done (2.86s, 235.91MB)
  Running img_769.npy ... done (2.59s, 216.33MB)
  Running img_77.npy ... done (3.06s, 241.71MB)
  Running img_770.npy ... done (3.14s, 250.70MB)
  Running img_771.npy ... done (2.91s, 228.14MB)
  Running img_772.npy ... done (2.89s, 237.59MB)
  Running img_773.npy ... done (2.84s, 229.80MB)
  Running img_774.npy ... done (4.20s, 242.45MB)
  Running img_775.npy ... done (3.35s, 270.24MB)
  Running img_776.npy ... done (2.87s, 236.57MB)
  Running img_777.npy ... done (2.96s, 229.32MB)
  Running img_778.npy ... done (2.87s, 240.69MB)
  Running img_779.npy ... done (2.69s, 215.70MB)
  Running img_78.npy ... done (3.22s, 237.54MB)
  Running img_780.npy ... done (3.07s, 241.12MB)
  Running img_781.npy ... done (2.87s, 233.26MB)
  Running img_782.npy ... done (2.80s, 227.60MB)
  Running img_783.npy ... done (2.91s, 243.31MB)
  Running img_784.npy ... done (3.02s, 233.09MB)
  Running img_785.npy ... done (3.75s, 262.62MB)
  Running img_786.npy ... done (3.12s, 263.20MB)
  Running img_787.npy ... done (3.18s, 237.48MB)
  Running img_788.npy ... done (3.09s, 234.70MB)
  Running img_789.npy ... done (3.08s, 226.74MB)
  Running img_79.npy ... done (3.00s, 239.68MB)
  Running img_790.npy ... done (3.31s, 256.49MB)
  Running img_791.npy ... done (2.71s, 226.97MB)
  Running img_792.npy ... done (2.77s, 235.58MB)
  Running img_793.npy ... done (3.46s, 253.31MB)
  Running img_794.npy ... done (3.55s, 238.77MB)
  Running img_795.npy ... done (3.50s, 241.37MB)
  Running img_796.npy ... done (2.56s, 218.86MB)
  Running img_797.npy ... done (2.79s, 218.46MB)
  Running img_798.npy ... done (3.11s, 234.89MB)
  Running img_799.npy ... done (2.85s, 313.66MB)
  Running img_8.npy ... done (3.37s, 231.71MB)
  Running img_80.npy ... done (2.90s, 253.10MB)
  Running img_81.npy ... done (3.07s, 236.51MB)
  Running img_82.npy ... done (2.94s, 236.85MB)
  Running img_83.npy ... done (2.55s, 227.39MB)
  Running img_84.npy ... done (3.68s, 250.61MB)
  Running img_85.npy ... done (2.99s, 268.15MB)
  Running img_86.npy ... done (2.95s, 266.45MB)
  Running img_87.npy ... done (3.03s, 245.44MB)
  Running img_88.npy ... done (2.83s, 253.39MB)
  Running img_89.npy ... done (3.01s, 228.41MB)
  Running img_9.npy ... done (2.80s, 233.57MB)
  Running img_90.npy ... done (2.91s, 261.59MB)
  Running img_91.npy ... done (2.90s, 236.54MB)
  Running img_92.npy ... done (3.44s, 253.25MB)
  Running img_93.npy ... done (3.61s, 233.45MB)
  Running img_94.npy ... done (2.50s, 219.09MB)
  Running img_95.npy ... done (3.01s, 242.38MB)
  Running img_96.npy ... done (2.94s, 219.00MB)
  Running img_97.npy ... done (3.01s, 244.88MB)
  Running img_98.npy ... done (2.88s, 235.57MB)
  Running img_99.npy ... done (3.01s, 252.71MB)

Results saved into results/gudhi/div2k/dim0.csv
