[Tue Nov  4 22:33:37 CET 2025] Running METHOD=pixh, DATASET=mast, DIM=0
Saving to results/pixh/mast/dim0.csv
Running pixh on datasets/mast_npy (maxdim=0)...
  Running img_0.npy ... done (21.49s, 672.56MB)
  Running img_1.npy ... done (8.01s, 672.75MB)
  Running img_10.npy ... done (9.94s, 674.86MB)
  Running img_11.npy ... done (12.47s, 672.54MB)
  Running img_12.npy ... done (12.64s, 672.61MB)
  Running img_13.npy ... done (13.51s, 686.89MB)
  Running img_14.npy ... done (11.47s, 673.14MB)
  Running img_15.npy ... done (9.37s, 670.80MB)
  Running img_16.npy ... done (10.82s, 677.08MB)
  Running img_17.npy ... done (13.45s, 672.61MB)
  Running img_18.npy ... done (14.14s, 672.45MB)
  Running img_19.npy ... done (11.49s, 672.40MB)
  Running img_2.npy ... done (10.13s, 672.79MB)
  Running img_20.npy ... done (11.04s, 672.21MB)
  Running img_21.npy ... done (22.60s, 901.92MB)
  Running img_22.npy ... done (23.66s, 964.69MB)
  Running img_23.npy ... done (8.43s, 672.62MB)
  Running img_24.npy ... done (13.02s, 675.96MB)
  Running img_25.npy ... done (10.31s, 686.77MB)
  Running img_26.npy ... done (8.83s, 677.17MB)
  Running img_27.npy ... done (8.20s, 672.75MB)
  Running img_28.npy ... done (9.11s, 678.99MB)
  Running img_29.npy ... done (7.65s, 672.83MB)
  Running img_3.npy ... done (9.26s, 673.24MB)
  Running img_4.npy ... done (12.58s, 672.61MB)
  Running img_5.npy ... done (15.62s, 901.97MB)
  Running img_6.npy ... done (22.56s, 964.71MB)
  Running img_7.npy ... done (8.37s, 670.84MB)
  Running img_8.npy ... done (7.01s, 672.77MB)
  Running img_9.npy ... done (10.11s, 675.05MB)

Results saved into results/pixh/mast/dim0.csv
