[Tue Nov  4 22:33:19 CET 2025] Running METHOD=gudhi, DATASET=div2k, DIM=1
Saving to results/gudhi/div2k/dim1.csv
Running gudhi on datasets/div2k_npy (maxdim=1)...
  Running img_0.npy ... done (3.80s, 226.70MB)
  Running img_1.npy ... done (3.74s, 227.57MB)
  Running img_10.npy ... done (3.89s, 247.36MB)
  Running img_100.npy ... done (3.41s, 234.71MB)
  Running img_101.npy ... done (4.33s, 228.69MB)
  Running img_102.npy ... done (4.14s, 238.24MB)
  Running img_103.npy ... done (4.66s, 247.49MB)
  Running img_104.npy ... done (3.40s, 220.92MB)
  Running img_105.npy ... done (3.35s, 239.39MB)
  Running img_106.npy ... done (3.48s, 227.82MB)
  Running img_107.npy ... done (3.27s, 224.47MB)
  Running img_108.npy ... done (3.77s, 243.88MB)
  Running img_109.npy ... done (3.49s, 224.77MB)
  Running img_11.npy ... done (3.64s, 234.77MB)
  Running img_110.npy ... done (3.52s, 254.55MB)
  Running img_111.npy ... done (3.55s, 240.61MB)
  Running img_112.npy ... done (3.42s, 236.64MB)
  Running img_113.npy ... done (3.62s, 233.73MB)
  Running img_114.npy ... done (3.97s, 246.84MB)
  Running img_115.npy ... done (3.48s, 221.96MB)
  Running img_116.npy ... done (3.85s, 255.50MB)
  Running img_117.npy ... done (3.47s, 244.73MB)
  Running img_118.npy ... done (3.86s, 239.22MB)
  Running img_119.npy ... done (4.05s, 244.39MB)
  Running img_12.npy ... done (3.75s, 235.04MB)
  Running img_120.npy ... done (3.41s, 227.50MB)
  Running img_121.npy ... done (3.54s, 233.08MB)
  Running img_122.npy ... done (3.23s, 222.43MB)
  Running img_123.npy ... done (3.84s, 238.08MB)
  Running img_124.npy ... done (3.27s, 237.94MB)
  Running img_125.npy ... done (4.12s, 251.13MB)
  Running img_126.npy ... done (4.17s, 244.02MB)
  Running img_127.npy ... done (3.58s, 215.64MB)
  Running img_128.npy ... done (3.91s, 241.11MB)
  Running img_129.npy ... done (3.61s, 241.66MB)
  Running img_13.npy ... done (3.74s, 227.91MB)
  Running img_130.npy ... done (3.47s, 239.68MB)
  Running img_131.npy ... done (3.33s, 238.63MB)
  Running img_132.npy ... done (3.47s, 219.63MB)
  Running img_133.npy ... done (3.87s, 237.02MB)
  Running img_134.npy ... done (4.19s, 264.74MB)
  Running img_135.npy ... done (3.22s, 241.11MB)
  Running img_136.npy ... done (3.37s, 238.22MB)
  Running img_137.npy ... done (3.46s, 239.80MB)
  Running img_138.npy ... done (3.72s, 245.69MB)
  Running img_139.npy ... done (4.25s, 246.43MB)
  Running img_14.npy ... done (3.93s, 243.93MB)
  Running img_140.npy ... done (3.79s, 253.64MB)
  Running img_141.npy ... done (3.48s, 231.65MB)
  Running img_142.npy ... done (3.61s, 232.51MB)
  Running img_143.npy ... done (3.43s, 225.73MB)
  Running img_144.npy ... done (3.41s, 245.49MB)
  Running img_145.npy ... done (3.57s, 232.32MB)
  Running img_146.npy ... done (3.77s, 244.33MB)
  Running img_147.npy ... done (4.29s, 247.95MB)
  Running img_148.npy ... done (3.40s, 240.28MB)
  Running img_149.npy ... done (3.53s, 229.25MB)
  Running img_15.npy ... done (3.43s, 246.82MB)
  Running img_150.npy ... done (3.65s, 232.05MB)
  Running img_151.npy ... done (3.89s, 240.90MB)
  Running img_152.npy ... done (3.66s, 236.34MB)
  Running img_153.npy ... done (3.43s, 229.35MB)
  Running img_154.npy ... done (3.46s, 226.35MB)
  Running img_155.npy ... done (3.82s, 226.88MB)
  Running img_156.npy ... done (4.17s, 233.87MB)
  Running img_157.npy ... done (3.58s, 231.42MB)
  Running img_158.npy ... done (4.05s, 238.59MB)
  Running img_159.npy ... done (3.59s, 234.92MB)
  Running img_16.npy ... done (3.44s, 232.63MB)
  Running img_160.npy ... done (3.31s, 222.07MB)
  Running img_161.npy ... done (3.45s, 242.54MB)
  Running img_162.npy ... done (4.14s, 251.68MB)
  Running img_163.npy ... done (3.73s, 267.11MB)
  Running img_164.npy ... done (4.22s, 253.54MB)
  Running img_165.npy ... done (3.67s, 238.00MB)
  Running img_166.npy ... done (3.75s, 249.99MB)
  Running img_167.npy ... done (3.61s, 220.76MB)
  Running img_168.npy ... done (3.52s, 235.71MB)
  Running img_169.npy ... done (3.20s, 226.59MB)
  Running img_17.npy ... done (3.53s, 237.69MB)
  Running img_170.npy ... done (3.61s, 242.69MB)
  Running img_171.npy ... done (3.28s, 233.50MB)
  Running img_172.npy ... done (4.02s, 248.05MB)
  Running img_173.npy ... done (3.87s, 247.43MB)
  Running img_174.npy ... done (3.90s, 224.37MB)
  Running img_175.npy ... done (3.51s, 237.15MB)
  Running img_176.npy ... done (3.67s, 244.19MB)
  Running img_177.npy ... done (3.68s, 227.43MB)
  Running img_178.npy ... done (3.53s, 241.62MB)
  Running img_179.npy ... done (3.57s, 226.83MB)
  Running img_18.npy ... done (4.07s, 241.79MB)
  Running img_180.npy ... done (4.33s, 239.36MB)
  Running img_181.npy ... done (3.49s, 244.00MB)
  Running img_182.npy ... done (3.04s, 224.66MB)
  Running img_183.npy ... done (3.66s, 226.27MB)
  Running img_184.npy ... done (3.81s, 244.18MB)
  Running img_185.npy ... done (3.60s, 227.79MB)
  Running img_186.npy ... done (4.35s, 243.25MB)
  Running img_187.npy ... done (3.52s, 240.06MB)
  Running img_188.npy ... done (3.69s, 240.18MB)
  Running img_189.npy ... done (3.35s, 236.57MB)
  Running img_19.npy ... done (3.48s, 241.70MB)
  Running img_190.npy ... done (4.34s, 252.82MB)
  Running img_191.npy ... done (3.52s, 227.42MB)
  Running img_192.npy ... done (4.50s, 268.90MB)
  Running img_193.npy ... done (3.70s, 227.15MB)
  Running img_194.npy ... done (3.46s, 240.81MB)
  Running img_195.npy ... done (4.11s, 253.01MB)
  Running img_196.npy ... done (3.47s, 318.57MB)
  Running img_197.npy ... done (3.78s, 246.18MB)
  Running img_198.npy ... done (3.87s, 246.44MB)
  Running img_199.npy ... done (3.39s, 231.18MB)
  Running img_2.npy ... done (3.69s, 238.03MB)
  Running img_20.npy ... done (3.53s, 223.14MB)
  Running img_200.npy ... done (4.43s, 251.43MB)
  Running img_201.npy ... done (3.59s, 231.72MB)
  Running img_202.npy ... done (3.48s, 232.17MB)
  Running img_203.npy ... done (3.85s, 240.11MB)
  Running img_204.npy ... done (3.91s, 224.39MB)
  Running img_205.npy ... done (3.53s, 234.81MB)
  Running img_206.npy ... done (3.82s, 244.17MB)
  Running img_207.npy ... done (4.05s, 239.80MB)
  Running img_208.npy ... done (3.40s, 240.86MB)
  Running img_209.npy ... done (3.41s, 243.06MB)
  Running img_21.npy ... done (3.55s, 227.38MB)
  Running img_210.npy ... done (3.77s, 234.48MB)
  Running img_211.npy ... done (3.32s, 236.70MB)
  Running img_212.npy ... done (3.81s, 235.62MB)
  Running img_213.npy ... done (3.67s, 245.09MB)
  Running img_214.npy ... done (3.39s, 227.31MB)
  Running img_215.npy ... done (3.84s, 245.25MB)
  Running img_216.npy ... done (3.42s, 234.09MB)
  Running img_217.npy ... done (3.30s, 222.99MB)
  Running img_218.npy ... done (3.94s, 236.45MB)
  Running img_219.npy ... done (3.60s, 232.83MB)
  Running img_22.npy ... done (3.33s, 233.16MB)
  Running img_220.npy ... done (4.09s, 234.01MB)
  Running img_221.npy ... done (3.42s, 215.89MB)
  Running img_222.npy ... done (3.60s, 243.49MB)
  Running img_223.npy ... done (3.55s, 235.50MB)
  Running img_224.npy ... done (3.37s, 224.08MB)
  Running img_225.npy ... done (3.26s, 254.93MB)
  Running img_226.npy ... done (3.79s, 225.77MB)
  Running img_227.npy ... done (3.62s, 233.17MB)
  Running img_228.npy ... done (3.50s, 247.52MB)
  Running img_229.npy ... done (4.22s, 252.24MB)
  Running img_23.npy ... done (3.89s, 246.04MB)
  Running img_230.npy ... done (3.74s, 248.23MB)
  Running img_231.npy ... done (3.66s, 236.44MB)
  Running img_232.npy ... done (4.05s, 235.33MB)
  Running img_233.npy ... done (3.56s, 246.08MB)
  Running img_234.npy ... done (3.40s, 240.12MB)
  Running img_235.npy ... done (3.78s, 228.63MB)
  Running img_236.npy ... done (3.24s, 251.30MB)
  Running img_237.npy ... done (3.46s, 239.26MB)
  Running img_238.npy ... done (3.85s, 233.72MB)
  Running img_239.npy ... done (3.87s, 235.07MB)
  Running img_24.npy ... done (4.42s, 255.92MB)
  Running img_240.npy ... done (3.35s, 248.33MB)
  Running img_241.npy ... done (3.32s, 228.84MB)
  Running img_242.npy ... done (3.77s, 235.14MB)
  Running img_243.npy ... done (3.12s, 236.66MB)
  Running img_244.npy ... done (3.92s, 240.05MB)
  Running img_245.npy ... done (3.69s, 247.00MB)
  Running img_246.npy ... done (3.52s, 243.14MB)
  Running img_247.npy ... done (4.30s, 260.14MB)
  Running img_248.npy ... done (3.61s, 227.46MB)
  Running img_249.npy ... done (3.59s, 232.27MB)
  Running img_25.npy ... done (3.42s, 219.40MB)
  Running img_250.npy ... done (3.65s, 227.91MB)
  Running img_251.npy ... done (3.76s, 235.34MB)
  Running img_252.npy ... done (3.74s, 236.60MB)
  Running img_253.npy ... done (3.81s, 243.12MB)
  Running img_254.npy ... done (4.20s, 224.73MB)
  Running img_255.npy ... done (3.31s, 236.26MB)
  Running img_256.npy ... done (3.64s, 244.38MB)
  Running img_257.npy ... done (4.15s, 252.72MB)
  Running img_258.npy ... done (2.99s, 227.71MB)
  Running img_259.npy ... done (3.75s, 237.19MB)
  Running img_26.npy ... done (3.79s, 218.89MB)
  Running img_260.npy ... done (3.55s, 228.12MB)
  Running img_261.npy ... done (4.03s, 256.35MB)
  Running img_262.npy ... done (4.73s, 255.39MB)
  Running img_263.npy ... done (3.16s, 226.97MB)
  Running img_264.npy ... done (4.18s, 245.33MB)
  Running img_265.npy ... done (3.35s, 224.96MB)
  Running img_266.npy ... done (3.41s, 235.36MB)
  Running img_267.npy ... done (3.80s, 227.31MB)
  Running img_268.npy ... done (3.82s, 234.46MB)
  Running img_269.npy ... done (3.30s, 220.32MB)
  Running img_27.npy ... done (4.07s, 249.76MB)
  Running img_270.npy ... done (3.91s, 248.40MB)
  Running img_271.npy ... done (3.55s, 237.21MB)
  Running img_272.npy ... done (3.63s, 228.88MB)
  Running img_273.npy ... done (3.67s, 243.34MB)
  Running img_274.npy ... done (3.73s, 237.62MB)
  Running img_275.npy ... done (3.60s, 235.90MB)
  Running img_276.npy ... done (3.61s, 245.16MB)
  Running img_277.npy ... done (3.54s, 238.02MB)
  Running img_278.npy ... done (3.58s, 245.33MB)
  Running img_279.npy ... done (3.83s, 244.80MB)
  Running img_28.npy ... done (4.03s, 231.00MB)
  Running img_280.npy ... done (4.52s, 251.38MB)
  Running img_281.npy ... done (3.34s, 243.05MB)
  Running img_282.npy ... done (3.56s, 239.94MB)
  Running img_283.npy ... done (4.49s, 276.36MB)
  Running img_284.npy ... done (3.52s, 250.61MB)
  Running img_285.npy ... done (3.83s, 235.53MB)
  Running img_286.npy ... done (3.93s, 244.94MB)
  Running img_287.npy ... done (3.55s, 238.77MB)
  Running img_288.npy ... done (3.27s, 236.43MB)
  Running img_289.npy ... done (3.50s, 238.27MB)
  Running img_29.npy ... done (3.93s, 229.20MB)
  Running img_290.npy ... done (3.26s, 227.44MB)
  Running img_291.npy ... done (3.31s, 238.31MB)
  Running img_292.npy ... done (3.61s, 223.97MB)
  Running img_293.npy ... done (3.53s, 243.46MB)
  Running img_294.npy ... done (3.84s, 254.30MB)
  Running img_295.npy ... done (3.76s, 238.69MB)
  Running img_296.npy ... done (4.06s, 237.98MB)
  Running img_297.npy ... done (4.29s, 260.43MB)
  Running img_298.npy ... done (3.40s, 262.50MB)
  Running img_299.npy ... done (3.80s, 233.58MB)
  Running img_3.npy ... done (3.59s, 237.41MB)
  Running img_30.npy ... done (3.81s, 235.36MB)
  Running img_300.npy ... done (4.10s, 238.58MB)
  Running img_301.npy ... done (3.65s, 236.19MB)
  Running img_302.npy ... done (3.40s, 271.27MB)
  Running img_303.npy ... done (3.28s, 222.28MB)
  Running img_304.npy ... done (3.48s, 231.31MB)
  Running img_305.npy ... done (4.02s, 247.90MB)
  Running img_306.npy ... done (3.71s, 222.38MB)
  Running img_307.npy ... done (3.92s, 240.61MB)
  Running img_308.npy ... done (3.83s, 246.46MB)
  Running img_309.npy ... done (4.32s, 247.91MB)
  Running img_31.npy ... done (3.62s, 253.98MB)
  Running img_310.npy ... done (3.39s, 243.98MB)
  Running img_311.npy ... done (3.50s, 252.47MB)
  Running img_312.npy ... done (3.71s, 250.57MB)
  Running img_313.npy ... done (3.36s, 230.15MB)
  Running img_314.npy ... done (3.63s, 247.23MB)
  Running img_315.npy ... done (3.49s, 303.57MB)
  Running img_316.npy ... done (3.77s, 255.88MB)
  Running img_317.npy ... done (3.65s, 244.38MB)
  Running img_318.npy ... done (4.00s, 231.46MB)
  Running img_319.npy ... done (3.86s, 242.06MB)
  Running img_32.npy ... done (4.08s, 245.38MB)
  Running img_320.npy ... done (3.95s, 253.86MB)
  Running img_321.npy ... done (3.97s, 245.07MB)
  Running img_322.npy ... done (3.53s, 257.55MB)
  Running img_323.npy ... done (3.41s, 374.10MB)
  Running img_324.npy ... done (3.55s, 227.44MB)
  Running img_325.npy ... done (3.85s, 261.99MB)
  Running img_326.npy ... done (3.67s, 237.86MB)
  Running img_327.npy ... done (3.37s, 244.84MB)
  Running img_328.npy ... done (3.35s, 240.50MB)
  Running img_329.npy ... done (4.34s, 255.48MB)
  Running img_33.npy ... done (3.90s, 242.60MB)
  Running img_330.npy ... done (4.59s, 245.21MB)
  Running img_331.npy ... done (3.71s, 319.81MB)
  Running img_332.npy ... done (3.81s, 239.94MB)
  Running img_333.npy ... done (3.71s, 244.74MB)
  Running img_334.npy ... done (3.64s, 243.24MB)
  Running img_335.npy ... done (4.02s, 235.14MB)
  Running img_336.npy ... done (3.34s, 235.12MB)
  Running img_337.npy ... done (3.66s, 239.39MB)
  Running img_338.npy ... done (3.09s, 233.00MB)
  Running img_339.npy ... done (3.64s, 253.46MB)
  Running img_34.npy ... done (3.31s, 249.26MB)
  Running img_340.npy ... done (3.88s, 246.08MB)
  Running img_341.npy ... done (3.68s, 225.28MB)
  Running img_342.npy ... done (3.47s, 232.21MB)
  Running img_343.npy ... done (4.20s, 230.02MB)
  Running img_344.npy ... done (3.35s, 240.52MB)
  Running img_345.npy ... done (3.99s, 232.49MB)
  Running img_346.npy ... done (3.63s, 248.40MB)
  Running img_347.npy ... done (3.61s, 241.99MB)
  Running img_348.npy ... done (3.35s, 222.91MB)
  Running img_349.npy ... done (3.71s, 234.30MB)
  Running img_35.npy ... done (4.00s, 247.89MB)
  Running img_350.npy ... done (3.45s, 239.41MB)
  Running img_351.npy ... done (3.50s, 222.91MB)
  Running img_352.npy ... done (3.92s, 250.77MB)
  Running img_353.npy ... done (3.78s, 235.61MB)
  Running img_354.npy ... done (3.39s, 234.43MB)
  Running img_355.npy ... done (3.64s, 239.12MB)
  Running img_356.npy ... done (4.09s, 237.59MB)
  Running img_357.npy ... done (3.86s, 241.73MB)
  Running img_358.npy ... done (3.61s, 231.90MB)
  Running img_359.npy ... done (3.32s, 229.13MB)
  Running img_36.npy ... done (3.77s, 227.59MB)
  Running img_360.npy ... done (3.33s, 232.08MB)
  Running img_361.npy ... done (3.98s, 242.76MB)
  Running img_362.npy ... done (3.19s, 231.30MB)
  Running img_363.npy ... done (3.43s, 232.13MB)
  Running img_364.npy ... done (3.98s, 244.66MB)
  Running img_365.npy ... done (3.41s, 238.99MB)
  Running img_366.npy ... done (3.92s, 239.17MB)
  Running img_367.npy ... done (3.37s, 246.87MB)
  Running img_368.npy ... done (3.99s, 244.69MB)
  Running img_369.npy ... done (4.46s, 226.62MB)
  Running img_37.npy ... done (3.80s, 239.09MB)
  Running img_370.npy ... done (3.89s, 251.73MB)
  Running img_371.npy ... done (3.11s, 241.17MB)
  Running img_372.npy ... done (3.63s, 236.02MB)
  Running img_373.npy ... done (3.61s, 245.27MB)
  Running img_374.npy ... done (3.42s, 230.02MB)
  Running img_375.npy ... done (3.47s, 241.56MB)
  Running img_376.npy ... done (4.09s, 245.28MB)
  Running img_377.npy ... done (3.47s, 241.85MB)
  Running img_378.npy ... done (3.14s, 249.52MB)
  Running img_379.npy ... done (3.33s, 244.44MB)
  Running img_38.npy ... done (3.24s, 217.85MB)
  Running img_380.npy ... done (3.16s, 223.68MB)
  Running img_381.npy ... done (3.79s, 219.71MB)
  Running img_382.npy ... done (4.03s, 237.00MB)
  Running img_383.npy ... done (3.74s, 240.75MB)
  Running img_384.npy ... done (3.60s, 239.86MB)
  Running img_385.npy ... done (3.70s, 245.06MB)
  Running img_386.npy ... done (3.51s, 249.81MB)
  Running img_387.npy ... done (3.66s, 242.80MB)
  Running img_388.npy ... done (3.11s, 241.14MB)
  Running img_389.npy ... done (3.22s, 245.79MB)
  Running img_39.npy ... done (3.89s, 233.32MB)
  Running img_390.npy ... done (3.32s, 257.75MB)
  Running img_391.npy ... done (4.19s, 249.95MB)
  Running img_392.npy ... done (3.38s, 239.23MB)
  Running img_393.npy ... done (4.16s, 239.43MB)
  Running img_394.npy ... done (3.90s, 225.55MB)
  Running img_395.npy ... done (3.87s, 254.67MB)
  Running img_396.npy ... done (3.14s, 221.32MB)
  Running img_397.npy ... done (3.31s, 229.19MB)
  Running img_398.npy ... done (3.96s, 244.91MB)
  Running img_399.npy ... done (3.49s, 239.54MB)
  Running img_4.npy ... done (3.30s, 227.85MB)
  Running img_40.npy ... done (3.07s, 221.55MB)
  Running img_400.npy ... done (4.05s, 243.00MB)
  Running img_401.npy ... done (3.63s, 244.07MB)
  Running img_402.npy ... done (3.35s, 223.60MB)
  Running img_403.npy ... done (3.00s, 225.42MB)
  Running img_404.npy ... done (3.45s, 243.59MB)
  Running img_405.npy ... done (4.23s, 265.22MB)
  Running img_406.npy ... done (3.41s, 223.20MB)
  Running img_407.npy ... done (4.48s, 246.45MB)
  Running img_408.npy ... done (3.23s, 238.57MB)
  Running img_409.npy ... done (3.14s, 248.80MB)
  Running img_41.npy ... done (3.43s, 255.41MB)
  Running img_410.npy ... done (3.48s, 236.77MB)
  Running img_411.npy ... done (3.92s, 250.89MB)
  Running img_412.npy ... done (4.38s, 252.28MB)
  Running img_413.npy ... done (3.53s, 234.51MB)
  Running img_414.npy ... done (3.79s, 252.24MB)
  Running img_415.npy ... done (3.04s, 375.80MB)
  Running img_416.npy ... done (3.35s, 226.43MB)
  Running img_417.npy ... done (3.46s, 247.55MB)
  Running img_418.npy ... done (3.51s, 234.59MB)
  Running img_419.npy ... done (3.35s, 224.94MB)
  Running img_42.npy ... done (4.60s, 247.20MB)
  Running img_420.npy ... done (3.34s, 232.68MB)
  Running img_421.npy ... done (3.42s, 231.59MB)
  Running img_422.npy ... done (3.48s, 233.44MB)
  Running img_423.npy ... done (3.40s, 235.42MB)
  Running img_424.npy ... done (3.50s, 242.28MB)
  Running img_425.npy ... done (3.88s, 242.64MB)
  Running img_426.npy ... done (3.31s, 244.34MB)
  Running img_427.npy ... done (3.46s, 236.11MB)
  Running img_428.npy ... done (4.00s, 249.95MB)
  Running img_429.npy ... done (3.91s, 237.10MB)
  Running img_43.npy ... done (3.70s, 269.09MB)
  Running img_430.npy ... done (3.79s, 236.16MB)
  Running img_431.npy ... done (3.32s, 231.03MB)
  Running img_432.npy ... done (3.39s, 262.26MB)
  Running img_433.npy ... done (2.95s, 253.47MB)
  Running img_434.npy ... done (4.05s, 274.07MB)
  Running img_435.npy ... done (4.27s, 258.62MB)
  Running img_436.npy ... done (3.17s, 232.68MB)
  Running img_437.npy ... done (3.75s, 237.91MB)
  Running img_438.npy ... done (3.61s, 251.36MB)
  Running img_439.npy ... done (3.09s, 224.17MB)
  Running img_44.npy ... done (3.25s, 226.17MB)
  Running img_440.npy ... done (3.66s, 227.70MB)
  Running img_441.npy ... done (3.74s, 252.21MB)
  Running img_442.npy ... done (3.57s, 238.00MB)
  Running img_443.npy ... done (3.30s, 223.65MB)
  Running img_444.npy ... done (3.96s, 249.62MB)
  Running img_445.npy ... done (3.20s, 232.99MB)
  Running img_446.npy ... done (4.68s, 264.79MB)
  Running img_447.npy ... done (3.38s, 244.62MB)
  Running img_448.npy ... done (3.91s, 242.29MB)
  Running img_449.npy ... done (3.34s, 237.35MB)
  Running img_45.npy ... done (3.91s, 238.16MB)
  Running img_450.npy ... done (3.91s, 244.23MB)
  Running img_451.npy ... done (3.27s, 235.54MB)
  Running img_452.npy ... done (3.83s, 258.22MB)
  Running img_453.npy ... done (3.61s, 245.92MB)
  Running img_454.npy ... done (3.51s, 224.77MB)
  Running img_455.npy ... done (3.88s, 261.09MB)
  Running img_456.npy ... done (3.38s, 236.66MB)
  Running img_457.npy ... done (3.15s, 218.10MB)
  Running img_458.npy ... done (3.29s, 228.78MB)
  Running img_459.npy ... done (4.11s, 220.86MB)
  Running img_46.npy ... done (3.20s, 243.82MB)
  Running img_460.npy ... done (3.60s, 244.75MB)
  Running img_461.npy ... done (3.27s, 247.71MB)
  Running img_462.npy ... done (3.36s, 238.22MB)
  Running img_463.npy ... done (3.43s, 321.78MB)
  Running img_464.npy ... done (3.23s, 247.07MB)
  Running img_465.npy ... done (2.96s, 226.20MB)
  Running img_466.npy ... done (3.35s, 230.77MB)
  Running img_467.npy ... done (3.30s, 245.24MB)
  Running img_468.npy ... done (3.73s, 248.32MB)
  Running img_469.npy ... done (3.10s, 247.92MB)
  Running img_47.npy ... done (3.59s, 226.92MB)
  Running img_470.npy ... done (3.75s, 239.93MB)
  Running img_471.npy ... done (3.83s, 245.37MB)
  Running img_472.npy ... done (4.09s, 245.92MB)
  Running img_473.npy ... done (3.57s, 270.01MB)
  Running img_474.npy ... done (3.08s, 220.64MB)
  Running img_475.npy ... done (3.21s, 232.53MB)
  Running img_476.npy ... done (3.48s, 235.40MB)
  Running img_477.npy ... done (3.80s, 239.90MB)
  Running img_478.npy ... done (3.29s, 232.37MB)
  Running img_479.npy ... done (3.29s, 244.64MB)
  Running img_48.npy ... done (3.56s, 245.29MB)
  Running img_480.npy ... done (3.12s, 239.41MB)
  Running img_481.npy ... done (3.45s, 253.20MB)
  Running img_482.npy ... done (3.45s, 231.58MB)
  Running img_483.npy ... done (3.14s, 235.38MB)
  Running img_484.npy ... done (3.46s, 222.54MB)
  Running img_485.npy ... done (3.80s, 242.48MB)
  Running img_486.npy ... done (4.09s, 234.14MB)
  Running img_487.npy ... done (3.06s, 223.03MB)
  Running img_488.npy ... done (3.61s, 253.50MB)
  Running img_489.npy ... done (3.74s, 235.73MB)
  Running img_49.npy ... done (3.31s, 234.20MB)
  Running img_490.npy ... done (3.63s, 247.44MB)
  Running img_491.npy ... done (3.29s, 244.98MB)
  Running img_492.npy ... done (4.29s, 244.74MB)
  Running img_493.npy ... done (3.26s, 224.88MB)
  Running img_494.npy ... done (3.43s, 246.15MB)
  Running img_495.npy ... done (2.95s, 219.16MB)
  Running img_496.npy ... done (3.68s, 240.93MB)
  Running img_497.npy ... done (3.01s, 235.95MB)
  Running img_498.npy ... done (3.34s, 233.05MB)
  Running img_499.npy ... done (3.12s, 231.24MB)
  Running img_5.npy ... done (4.69s, 246.66MB)
  Running img_50.npy ... done (3.29s, 227.68MB)
  Running img_500.npy ... done (3.49s, 227.96MB)
  Running img_501.npy ... done (3.52s, 247.96MB)
  Running img_502.npy ... done (3.91s, 239.97MB)
  Running img_503.npy ... done (3.70s, 254.36MB)
  Running img_504.npy ... done (3.82s, 249.31MB)
  Running img_505.npy ... done (3.35s, 248.76MB)
  Running img_506.npy ... done (3.62s, 252.94MB)
  Running img_507.npy ... done (3.18s, 247.20MB)
  Running img_508.npy ... done (3.43s, 248.55MB)
  Running img_509.npy ... done (3.92s, 254.72MB)
  Running img_51.npy ... done (3.62s, 251.09MB)
  Running img_510.npy ... done (3.06s, 237.20MB)
  Running img_511.npy ... done (4.08s, 224.81MB)
  Running img_512.npy ... done (2.99s, 222.46MB)
  Running img_513.npy ... done (3.50s, 231.70MB)
  Running img_514.npy ... done (3.45s, 236.49MB)
  Running img_515.npy ... done (3.44s, 239.71MB)
  Running img_516.npy ... done (3.44s, 236.14MB)
  Running img_517.npy ... done (3.17s, 244.96MB)
  Running img_518.npy ... done (3.06s, 226.22MB)
  Running img_519.npy ... done (3.23s, 232.18MB)
  Running img_52.npy ... done (3.45s, 247.95MB)
  Running img_520.npy ... done (3.45s, 244.29MB)
  Running img_521.npy ... done (3.34s, 241.27MB)
  Running img_522.npy ... done (3.38s, 228.30MB)
  Running img_523.npy ... done (2.98s, 295.43MB)
  Running img_524.npy ... done (3.41s, 238.66MB)
  Running img_525.npy ... done (3.49s, 219.50MB)
  Running img_526.npy ... done (3.36s, 244.58MB)
  Running img_527.npy ... done (3.08s, 239.07MB)
  Running img_528.npy ... done (3.22s, 237.09MB)
  Running img_529.npy ... done (3.73s, 243.61MB)
  Running img_53.npy ... done (3.73s, 237.80MB)
  Running img_530.npy ... done (3.49s, 251.44MB)
  Running img_531.npy ... done (3.45s, 241.81MB)
  Running img_532.npy ... done (3.35s, 243.45MB)
  Running img_533.npy ... done (2.88s, 222.07MB)
  Running img_534.npy ... done (3.42s, 239.88MB)
  Running img_535.npy ... done (3.34s, 226.82MB)
  Running img_536.npy ... done (3.14s, 248.98MB)
  Running img_537.npy ... done (3.35s, 231.22MB)
  Running img_538.npy ... done (3.36s, 239.39MB)
  Running img_539.npy ... done (3.52s, 246.54MB)
  Running img_54.npy ... done (3.80s, 262.02MB)
  Running img_540.npy ... done (3.61s, 240.96MB)
  Running img_541.npy ... done (3.48s, 225.16MB)
  Running img_542.npy ... done (3.29s, 231.70MB)
  Running img_543.npy ... done (3.70s, 243.84MB)
  Running img_544.npy ... done (3.54s, 298.12MB)
  Running img_545.npy ... done (3.52s, 235.11MB)
  Running img_546.npy ... done (3.26s, 226.68MB)
  Running img_547.npy ... done (3.44s, 235.32MB)
  Running img_548.npy ... done (3.31s, 247.45MB)
  Running img_549.npy ... done (2.96s, 224.66MB)
  Running img_55.npy ... done (3.17s, 240.14MB)
  Running img_550.npy ... done (3.16s, 223.41MB)
  Running img_551.npy ... done (3.26s, 231.68MB)
  Running img_552.npy ... done (3.64s, 244.26MB)
  Running img_553.npy ... done (3.95s, 221.96MB)
  Running img_554.npy ... done (3.48s, 222.93MB)
  Running img_555.npy ... done (3.72s, 256.39MB)
  Running img_556.npy ... done (3.69s, 240.36MB)
  Running img_557.npy ... done (3.28s, 219.77MB)
  Running img_558.npy ... done (3.38s, 253.18MB)
  Running img_559.npy ... done (3.13s, 223.08MB)
  Running img_56.npy ... done (2.91s, 232.14MB)
  Running img_560.npy ... done (3.34s, 218.83MB)
  Running img_561.npy ... done (2.75s, 296.27MB)
  Running img_562.npy ... done (3.34s, 238.80MB)
  Running img_563.npy ... done (3.72s, 275.69MB)
  Running img_564.npy ... done (2.83s, 254.41MB)
  Running img_565.npy ... done (3.31s, 237.35MB)
  Running img_566.npy ... done (3.12s, 226.57MB)
  Running img_567.npy ... done (3.60s, 229.20MB)
  Running img_568.npy ... done (3.09s, 236.43MB)
  Running img_569.npy ... done (3.31s, 237.24MB)
  Running img_57.npy ... done (3.17s, 239.34MB)
  Running img_570.npy ... done (3.15s, 222.00MB)
  Running img_571.npy ... done (3.68s, 256.00MB)
  Running img_572.npy ... done (3.16s, 239.51MB)
  Running img_573.npy ... done (3.89s, 267.95MB)
  Running img_574.npy ... done (3.15s, 240.66MB)
  Running img_575.npy ... done (3.05s, 274.37MB)
  Running img_576.npy ... done (3.09s, 232.88MB)
  Running img_577.npy ... done (3.44s, 243.33MB)
  Running img_578.npy ... done (3.39s, 244.38MB)
  Running img_579.npy ... done (3.87s, 246.38MB)
  Running img_58.npy ... done (3.26s, 237.81MB)
  Running img_580.npy ... done (3.76s, 237.01MB)
  Running img_581.npy ... done (3.92s, 221.86MB)
  Running img_582.npy ... done (3.37s, 235.38MB)
  Running img_583.npy ... done (3.40s, 235.00MB)
  Running img_584.npy ... done (3.53s, 267.39MB)
  Running img_585.npy ... done (3.66s, 244.70MB)
  Running img_586.npy ... done (3.38s, 237.54MB)
  Running img_587.npy ... done (3.62s, 254.40MB)
  Running img_588.npy ... done (3.33s, 244.31MB)
  Running img_589.npy ... done (3.65s, 248.44MB)
  Running img_59.npy ... done (3.15s, 241.68MB)
  Running img_590.npy ... done (3.22s, 229.06MB)
  Running img_591.npy ... done (3.88s, 244.25MB)
  Running img_592.npy ... done (3.45s, 243.77MB)
  Running img_593.npy ... done (3.36s, 234.68MB)
  Running img_594.npy ... done (4.22s, 234.52MB)
  Running img_595.npy ... done (4.45s, 258.11MB)
  Running img_596.npy ... done (3.69s, 258.37MB)
  Running img_597.npy ... done (3.18s, 224.68MB)
  Running img_598.npy ... done (3.55s, 248.17MB)
  Running img_599.npy ... done (3.25s, 234.69MB)
  Running img_6.npy ... done (3.51s, 236.57MB)
  Running img_60.npy ... done (3.12s, 221.65MB)
  Running img_600.npy ... done (3.30s, 226.30MB)
  Running img_601.npy ... done (3.22s, 232.48MB)
  Running img_602.npy ... done (3.10s, 236.72MB)
  Running img_603.npy ... done (3.07s, 260.84MB)
  Running img_604.npy ... done (3.29s, 234.33MB)
  Running img_605.npy ... done (3.37s, 247.75MB)
  Running img_606.npy ... done (3.45s, 241.52MB)
  Running img_607.npy ... done (4.62s, 252.43MB)
  Running img_608.npy ... done (3.45s, 236.78MB)
  Running img_609.npy ... done (3.32s, 223.95MB)
  Running img_61.npy ... done (3.90s, 251.31MB)
  Running img_610.npy ... done (3.69s, 244.55MB)
  Running img_611.npy ... done (3.50s, 232.36MB)
  Running img_612.npy ... done (3.22s, 242.33MB)
  Running img_613.npy ... done (3.30s, 238.86MB)
  Running img_614.npy ... done (3.11s, 225.71MB)
  Running img_615.npy ... done (3.32s, 236.71MB)
  Running img_616.npy ... done (3.41s, 238.81MB)
  Running img_617.npy ... done (3.17s, 237.71MB)
  Running img_618.npy ... done (3.40s, 225.62MB)
  Running img_619.npy ... done (3.24s, 233.76MB)
  Running img_62.npy ... done (3.50s, 246.32MB)
  Running img_620.npy ... done (3.80s, 218.98MB)
  Running img_621.npy ... done (3.31s, 235.44MB)
  Running img_622.npy ... done (3.53s, 238.11MB)
  Running img_623.npy ... done (3.67s, 240.23MB)
  Running img_624.npy ... done (3.59s, 236.67MB)
  Running img_625.npy ... done (3.34s, 242.23MB)
  Running img_626.npy ... done (3.32s, 232.52MB)
  Running img_627.npy ... done (3.10s, 239.74MB)
  Running img_628.npy ... done (3.02s, 236.96MB)
  Running img_629.npy ... done (3.58s, 253.70MB)
  Running img_63.npy ... done (3.55s, 273.55MB)
  Running img_630.npy ... done (3.51s, 238.27MB)
  Running img_631.npy ... done (3.37s, 236.34MB)
  Running img_632.npy ... done (3.53s, 228.31MB)
  Running img_633.npy ... done (3.55s, 248.71MB)
  Running img_634.npy ... done (4.17s, 242.29MB)
  Running img_635.npy ... done (3.77s, 239.65MB)
  Running img_636.npy ... done (3.64s, 257.02MB)
  Running img_637.npy ... done (3.78s, 234.53MB)
  Running img_638.npy ... done (3.13s, 224.11MB)
  Running img_639.npy ... done (3.77s, 252.91MB)
  Running img_64.npy ... done (3.50s, 239.41MB)
  Running img_640.npy ... done (3.12s, 245.79MB)
  Running img_641.npy ... done (3.68s, 256.92MB)
  Running img_642.npy ... done (3.98s, 246.97MB)
  Running img_643.npy ... done (3.36s, 242.36MB)
  Running img_644.npy ... done (3.31s, 229.02MB)
  Running img_645.npy ... done (4.07s, 251.75MB)
  Running img_646.npy ... done (3.41s, 235.90MB)
  Running img_647.npy ... done (4.62s, 244.52MB)
  Running img_648.npy ... done (3.16s, 225.53MB)
  Running img_649.npy ... done (3.16s, 228.14MB)
  Running img_65.npy ... done (3.17s, 231.06MB)
  Running img_650.npy ... done (3.66s, 229.75MB)
  Running img_651.npy ... done (3.24s, 224.58MB)
  Running img_652.npy ... done (3.22s, 245.19MB)
  Running img_653.npy ... done (3.28s, 239.42MB)
  Running img_654.npy ... done (3.69s, 243.40MB)
  Running img_655.npy ... done (3.33s, 247.94MB)
  Running img_656.npy ... done (3.55s, 241.86MB)
  Running img_657.npy ... done (3.32s, 232.08MB)
  Running img_658.npy ... done (3.02s, 217.84MB)
  Running img_659.npy ... done (3.72s, 237.69MB)
  Running img_66.npy ... done (3.28s, 243.26MB)
  Running img_660.npy ... done (4.43s, 235.30MB)
  Running img_661.npy ... done (3.22s, 224.96MB)
  Running img_662.npy ... done (3.70s, 246.04MB)
  Running img_663.npy ... done (3.68s, 241.79MB)
  Running img_664.npy ... done (3.26s, 239.79MB)
  Running img_665.npy ... done (3.85s, 252.01MB)
  Running img_666.npy ... done (3.86s, 258.53MB)
  Running img_667.npy ... done (3.12s, 230.06MB)
  Running img_668.npy ... done (3.09s, 236.60MB)
  Running img_669.npy ... done (2.99s, 229.36MB)
  Running img_67.npy ... done (3.47s, 246.73MB)
  Running img_670.npy ... done (3.42s, 246.41MB)
  Running img_671.npy ... done (3.35s, 232.30MB)
  Running img_672.npy ... done (3.46s, 242.77MB)
  Running img_673.npy ... done (3.61s, 251.23MB)
  Running img_674.npy ... done (3.75s, 239.42MB)
  Running img_675.npy ... done (3.07s, 232.39MB)
  Running img_676.npy ... done (3.31s, 233.14MB)
  Running img_677.npy ... done (3.64s, 246.23MB)
  Running img_678.npy ... done (3.24s, 226.41MB)
  Running img_679.npy ... done (3.28s, 246.11MB)
  Running img_68.npy ... done (3.05s, 242.41MB)
  Running img_680.npy ... done (3.21s, 224.43MB)
  Running img_681.npy ... done (3.48s, 249.30MB)
  Running img_682.npy ... done (2.85s, 225.40MB)
  Running img_683.npy ... done (3.43s, 237.52MB)
  Running img_684.npy ... done (3.41s, 245.50MB)
  Running img_685.npy ... done (2.94s, 260.89MB)
  Running img_686.npy ... done (3.30s, 236.77MB)
  Running img_687.npy ... done (3.03s, 225.34MB)
  Running img_688.npy ... done (4.20s, 256.09MB)
  Running img_689.npy ... done (3.64s, 245.12MB)
  Running img_69.npy ... done (2.82s, 245.14MB)
  Running img_690.npy ... done (2.59s, 238.57MB)
  Running img_691.npy ... done (2.88s, 218.40MB)
  Running img_692.npy ... done (3.00s, 246.40MB)
  Running img_693.npy ... done (2.77s, 218.44MB)
  Running img_694.npy ... done (3.15s, 239.36MB)
  Running img_695.npy ... done (2.81s, 233.02MB)
  Running img_696.npy ... done (3.08s, 233.95MB)
  Running img_697.npy ... done (2.93s, 238.43MB)
  Running img_698.npy ... done (2.78s, 221.62MB)
  Running img_699.npy ... done (2.76s, 232.30MB)
  Running img_7.npy ... done (2.71s, 231.20MB)
  Running img_70.npy ... done (3.05s, 237.98MB)
  Running img_700.npy ... done (2.76s, 244.25MB)
  Running img_701.npy ... done (3.09s, 270.05MB)
  Running img_702.npy ... done (3.55s, 257.23MB)
  Running img_703.npy ... done (3.25s, 219.11MB)
  Running img_704.npy ... done (3.38s, 251.65MB)
  Running img_705.npy ... done (3.08s, 243.59MB)
  Running img_706.npy ... done (3.10s, 250.19MB)
  Running img_707.npy ... done (3.09s, 248.46MB)
  Running img_708.npy ... done (3.08s, 246.68MB)
  Running img_709.npy ... done (3.21s, 238.21MB)
  Running img_71.npy ... done (2.89s, 233.88MB)
  Running img_710.npy ... done (2.99s, 243.18MB)
  Running img_711.npy ... done (2.76s, 227.01MB)
  Running img_712.npy ... done (2.82s, 236.86MB)
  Running img_713.npy ... done (2.83s, 218.51MB)
  Running img_714.npy ... done (2.81s, 245.51MB)
  Running img_715.npy ... done (3.34s, 227.77MB)
  Running img_716.npy ... done (2.79s, 379.14MB)
  Running img_717.npy ... done (3.06s, 224.17MB)
  Running img_718.npy ... done (3.20s, 245.47MB)
  Running img_719.npy ... done (2.73s, 227.60MB)
  Running img_72.npy ... done (2.77s, 240.25MB)
  Running img_720.npy ... done (2.89s, 232.72MB)
  Running img_721.npy ... done (3.12s, 248.68MB)
  Running img_722.npy ... done (3.11s, 248.16MB)
  Running img_723.npy ... done (3.03s, 245.76MB)
  Running img_724.npy ... done (2.89s, 232.82MB)
  Running img_725.npy ... done (2.71s, 238.27MB)
  Running img_726.npy ... done (2.85s, 238.07MB)
  Running img_727.npy ... done (3.32s, 251.13MB)
  Running img_728.npy ... done (2.62s, 214.54MB)
  Running img_729.npy ... done (3.43s, 240.11MB)
  Running img_73.npy ... done (3.12s, 241.67MB)
  Running img_730.npy ... done (3.47s, 244.58MB)
  Running img_731.npy ... done (2.74s, 222.82MB)
  Running img_732.npy ... done (2.89s, 235.89MB)
  Running img_733.npy ... done (3.38s, 243.71MB)
  Running img_734.npy ... done (3.45s, 239.94MB)
  Running img_735.npy ... done (3.34s, 242.57MB)
  Running img_736.npy ... done (2.82s, 227.59MB)
  Running img_737.npy ... done (2.90s, 241.01MB)
  Running img_738.npy ... done (3.05s, 223.16MB)
  Running img_739.npy ... done (2.99s, 250.31MB)
  Running img_74.npy ... done (2.91s, 232.43MB)
  Running img_740.npy ... done (2.95s, 231.33MB)
  Running img_741.npy ... done (2.72s, 223.70MB)
  Running img_742.npy ... done (3.07s, 243.38MB)
  Running img_743.npy ... done (2.98s, 244.71MB)
  Running img_744.npy ... done (3.28s, 248.34MB)
  Running img_745.npy ... done (2.84s, 238.40MB)
  Running img_746.npy ... done (3.09s, 227.63MB)
  Running img_747.npy ... done (3.44s, 243.07MB)
  Running img_748.npy ... done (3.01s, 246.07MB)
  Running img_749.npy ... done (4.09s, 243.53MB)
  Running img_75.npy ... done (2.93s, 251.47MB)
  Running img_750.npy ... done (2.88s, 249.95MB)
  Running img_751.npy ... done (3.00s, 228.05MB)
  Running img_752.npy ... done (2.71s, 238.58MB)
  Running img_753.npy ... done (3.24s, 245.46MB)
  Running img_754.npy ... done (3.13s, 238.18MB)
  Running img_755.npy ... done (2.92s, 244.14MB)
  Running img_756.npy ... done (2.83s, 245.70MB)
  Running img_757.npy ... done (2.92s, 227.30MB)
  Running img_758.npy ... done (2.86s, 252.45MB)
  Running img_759.npy ... done (2.94s, 242.71MB)
  Running img_76.npy ... done (2.62s, 242.19MB)
  Running img_760.npy ... done (2.94s, 234.13MB)
  Running img_761.npy ... done (2.84s, 226.79MB)
  Running img_762.npy ... done (2.55s, 233.76MB)
  Running img_763.npy ... done (2.93s, 245.38MB)
  Running img_764.npy ... done (2.48s, 228.46MB)
  Running img_765.npy ... done (3.93s, 234.89MB)
  Running img_766.npy ... done (3.09s, 231.96MB)
  Running img_767.npy ... done (3.22s, 255.20MB)
  Running img_768.npy ... done (3.04s, 235.32MB)
  Running img_769.npy ... done (2.73s, 217.99MB)
  Running img_77.npy ... done (3.14s, 241.60MB)
  Running img_770.npy ... done (3.13s, 250.95MB)
  Running img_771.npy ... done (2.99s, 227.74MB)
  Running img_772.npy ... done (2.97s, 236.57MB)
  Running img_773.npy ... done (2.73s, 229.02MB)
  Running img_774.npy ... done (2.99s, 242.61MB)
  Running img_775.npy ... done (3.08s, 271.25MB)
  Running img_776.npy ... done (3.33s, 236.41MB)
  Running img_777.npy ... done (2.90s, 229.38MB)
  Running img_778.npy ... done (3.06s, 239.64MB)
  Running img_779.npy ... done (2.83s, 215.79MB)
  Running img_78.npy ... done (3.24s, 237.76MB)
  Running img_780.npy ... done (2.91s, 241.80MB)
  Running img_781.npy ... done (2.97s, 233.46MB)
  Running img_782.npy ... done (2.88s, 229.21MB)
  Running img_783.npy ... done (2.85s, 243.02MB)
  Running img_784.npy ... done (3.08s, 233.44MB)
  Running img_785.npy ... done (3.72s, 262.99MB)
  Running img_786.npy ... done (3.14s, 263.44MB)
  Running img_787.npy ... done (3.06s, 237.59MB)
  Running img_788.npy ... done (3.15s, 234.96MB)
  Running img_789.npy ... done (3.07s, 227.25MB)
  Running img_79.npy ... done (3.20s, 239.47MB)
  Running img_790.npy ... done (3.24s, 256.86MB)
  Running img_791.npy ... done (2.75s, 227.09MB)
  Running img_792.npy ... done (3.15s, 235.21MB)
  Running img_793.npy ... done (3.31s, 253.02MB)
  Running img_794.npy ... done (3.51s, 238.93MB)
  Running img_795.npy ... done (3.46s, 240.06MB)
  Running img_796.npy ... done (2.62s, 219.33MB)
  Running img_797.npy ... done (2.94s, 218.58MB)
  Running img_798.npy ... done (3.02s, 235.14MB)
  Running img_799.npy ... done (2.72s, 313.93MB)
  Running img_8.npy ... done (3.22s, 232.98MB)
  Running img_80.npy ... done (2.88s, 252.71MB)
  Running img_81.npy ... done (2.82s, 236.08MB)
  Running img_82.npy ... done (2.94s, 236.93MB)
  Running img_83.npy ... done (2.63s, 226.33MB)
  Running img_84.npy ... done (3.80s, 250.52MB)
  Running img_85.npy ... done (2.97s, 267.22MB)
  Running img_86.npy ... done (2.73s, 265.99MB)
  Running img_87.npy ... done (3.00s, 246.80MB)
  Running img_88.npy ... done (3.03s, 252.80MB)
  Running img_89.npy ... done (2.94s, 228.27MB)
  Running img_9.npy ... done (2.79s, 233.95MB)
  Running img_90.npy ... done (2.80s, 260.78MB)
  Running img_91.npy ... done (2.92s, 236.73MB)
  Running img_92.npy ... done (3.26s, 251.88MB)
  Running img_93.npy ... done (2.91s, 233.57MB)
  Running img_94.npy ... done (3.08s, 218.37MB)
  Running img_95.npy ... done (3.09s, 242.65MB)
  Running img_96.npy ... done (2.77s, 219.15MB)
  Running img_97.npy ... done (2.91s, 245.11MB)
  Running img_98.npy ... done (2.86s, 236.37MB)
  Running img_99.npy ... done (3.01s, 253.24MB)

Results saved into results/gudhi/div2k/dim1.csv
