[Tue Nov  4 22:33:32 CET 2025] Running METHOD=ttk, DATASET=mast, DIM=1
Saving to results/ttk/mast/dim1.csv
Running ttk on datasets/mast_npy (maxdim=1)...
  Running img_0.npy ... done (47.01s, 3457.43MB)
  Running img_1.npy ... done (47.83s, 3437.48MB)
  Running img_10.npy ... done (47.99s, 3441.39MB)
  Running img_11.npy ... done (52.37s, 3535.76MB)
  Running img_12.npy ... done (43.03s, 3538.17MB)
  Running img_13.npy ... done (42.16s, 3555.23MB)
  Running img_14.npy ... done (45.85s, 3443.15MB)
  Running img_15.npy ... done (42.37s, 3416.93MB)
  Running img_16.npy ... done (36.96s, 3427.27MB)
  Running img_17.npy ... done (38.64s, 3435.35MB)
  Running img_18.npy ... done (33.03s, 3443.28MB)
  Running img_19.npy ... done (30.20s, 3404.54MB)
  Running img_2.npy ... done (28.05s, 3444.52MB)
  Running img_20.npy ... done (26.23s, 3444.54MB)
  Running img_21.npy ... done (38.54s, 3770.07MB)
  Running img_22.npy ... done (38.96s, 3832.90MB)
  Running img_23.npy ... done (24.13s, 3441.12MB)
  Running img_24.npy ... done (27.18s, 3543.29MB)
  Running img_25.npy ... done (26.38s, 3557.73MB)
  Running img_26.npy ... done (24.37s, 3446.24MB)
  Running img_27.npy ... done (24.51s, 3442.53MB)
  Running img_28.npy ... done (24.80s, 3441.97MB)
  Running img_29.npy ... done (26.65s, 3432.14MB)
  Running img_3.npy ... done (23.94s, 3439.68MB)
  Running img_4.npy ... done (24.59s, 3433.07MB)
  Running img_5.npy ... done (35.74s, 3769.64MB)
  Running img_6.npy ... done (40.85s, 3822.02MB)
  Running img_7.npy ... done (25.21s, 3458.36MB)
  Running img_8.npy ... done (24.12s, 3445.03MB)
  Running img_9.npy ... done (28.08s, 3539.95MB)

Results saved into results/ttk/mast/dim1.csv
