[Tue Nov  4 22:33:32 CET 2025] Running METHOD=ripser, DATASET=mast, DIM=1
Saving to results/ripser/mast/dim1.csv
Running ripser on datasets/mast_npy (maxdim=1)...
  Running img_0.npy ... done (36.50s, 259.97MB)
  Running img_1.npy ... done (34.83s, 242.08MB)
  Running img_10.npy ... done (33.38s, 261.31MB)
  Running img_11.npy ... done (39.58s, 266.99MB)
  Running img_12.npy ... done (41.54s, 262.56MB)
  Running img_13.npy ... done (28.88s, 265.52MB)
  Running img_14.npy ... done (21.99s, 234.82MB)
  Running img_15.npy ... done (27.28s, 266.18MB)
  Running img_16.npy ... done (28.53s, 242.75MB)
  Running img_17.npy ... done (31.71s, 263.84MB)
  Running img_18.npy ... done (29.40s, 258.54MB)
  Running img_19.npy ... done (25.95s, 264.04MB)
  Running img_2.npy ... done (15.58s, 239.42MB)
  Running img_20.npy ... done (19.35s, 263.27MB)
  Running img_21.npy ... done (18.94s, 266.02MB)
  Running img_22.npy ... done (10.79s, 265.29MB)
  Running img_23.npy ... done (20.57s, 238.86MB)
  Running img_24.npy ... done (10.48s, 273.09MB)
  Running img_25.npy ... done (12.10s, 239.07MB)
  Running img_26.npy ... done (11.03s, 272.84MB)
  Running img_27.npy ... done (9.82s, 245.11MB)
  Running img_28.npy ... done (14.41s, 270.19MB)
  Running img_29.npy ... done (9.84s, 239.77MB)
  Running img_3.npy ... done (14.70s, 261.78MB)
  Running img_4.npy ... done (9.38s, 273.05MB)
  Running img_5.npy ... done (10.33s, 263.32MB)
  Running img_6.npy ... done (14.76s, 265.32MB)
  Running img_7.npy ... done (7.83s, 272.55MB)
  Running img_8.npy ... done (8.49s, 270.75MB)
  Running img_9.npy ... done (13.75s, 265.42MB)

Results saved into results/ripser/mast/dim1.csv
