[Tue Nov  4 22:33:19 CET 2025] Running METHOD=cripser, DATASET=div2k, DIM=1
Saving to results/cripser/div2k/dim1.csv
Running cripser on datasets/div2k_npy (maxdim=1)...
  Running img_0.npy ... done (2.11s, 142.71MB)
  Running img_1.npy ... done (1.64s, 139.33MB)
  Running img_10.npy ... done (2.00s, 151.13MB)
  Running img_100.npy ... done (1.93s, 145.46MB)
  Running img_101.npy ... done (1.97s, 141.79MB)
  Running img_102.npy ... done (1.91s, 146.48MB)
  Running img_103.npy ... done (2.00s, 149.99MB)
  Running img_104.npy ... done (1.87s, 139.38MB)
  Running img_105.npy ... done (1.95s, 149.40MB)
  Running img_106.npy ... done (1.80s, 149.37MB)
  Running img_107.npy ... done (1.99s, 140.41MB)
  Running img_108.npy ... done (2.01s, 148.43MB)
  Running img_109.npy ... done (2.08s, 140.33MB)
  Running img_11.npy ... done (1.65s, 145.80MB)
  Running img_110.npy ... done (1.82s, 146.10MB)
  Running img_111.npy ... done (1.94s, 146.38MB)
  Running img_112.npy ... done (1.81s, 143.73MB)
  Running img_113.npy ... done (1.87s, 147.77MB)
  Running img_114.npy ... done (1.85s, 152.73MB)
  Running img_115.npy ... done (1.97s, 139.29MB)
  Running img_116.npy ... done (1.79s, 155.30MB)
  Running img_117.npy ... done (1.84s, 144.88MB)
  Running img_118.npy ... done (1.53s, 148.28MB)
  Running img_119.npy ... done (2.01s, 149.88MB)
  Running img_12.npy ... done (1.97s, 145.34MB)
  Running img_120.npy ... done (1.74s, 143.76MB)
  Running img_121.npy ... done (1.83s, 143.69MB)
  Running img_122.npy ... done (1.70s, 140.40MB)
  Running img_123.npy ... done (1.81s, 147.38MB)
  Running img_124.npy ... done (1.71s, 146.17MB)
  Running img_125.npy ... done (1.89s, 154.52MB)
  Running img_126.npy ... done (1.95s, 150.55MB)
  Running img_127.npy ... done (1.59s, 135.28MB)
  Running img_128.npy ... done (1.94s, 149.15MB)
  Running img_129.npy ... done (1.81s, 149.04MB)
  Running img_13.npy ... done (1.79s, 148.00MB)
  Running img_130.npy ... done (1.82s, 149.29MB)
  Running img_131.npy ... done (1.81s, 146.74MB)
  Running img_132.npy ... done (1.83s, 137.47MB)
  Running img_133.npy ... done (1.83s, 146.66MB)
  Running img_134.npy ... done (1.84s, 150.93MB)
  Running img_135.npy ... done (1.60s, 149.59MB)
  Running img_136.npy ... done (1.74s, 146.46MB)
  Running img_137.npy ... done (1.66s, 146.86MB)
  Running img_138.npy ... done (1.93s, 150.84MB)
  Running img_139.npy ... done (2.08s, 150.95MB)
  Running img_14.npy ... done (1.83s, 149.12MB)
  Running img_140.npy ... done (1.72s, 152.01MB)
  Running img_141.npy ... done (1.75s, 146.23MB)
  Running img_142.npy ... done (1.90s, 146.28MB)
  Running img_143.npy ... done (1.68s, 141.01MB)
  Running img_144.npy ... done (1.60s, 141.16MB)
  Running img_145.npy ... done (1.88s, 144.66MB)
  Running img_146.npy ... done (1.86s, 151.23MB)
  Running img_147.npy ... done (2.15s, 150.04MB)
  Running img_148.npy ... done (1.68s, 148.10MB)
  Running img_149.npy ... done (1.78s, 140.57MB)
  Running img_15.npy ... done (1.69s, 147.47MB)
  Running img_150.npy ... done (1.79s, 143.90MB)
  Running img_151.npy ... done (1.83s, 148.08MB)
  Running img_152.npy ... done (1.89s, 143.80MB)
  Running img_153.npy ... done (1.86s, 148.80MB)
  Running img_154.npy ... done (1.92s, 141.21MB)
  Running img_155.npy ... done (1.65s, 142.64MB)
  Running img_156.npy ... done (1.84s, 145.24MB)
  Running img_157.npy ... done (1.86s, 141.08MB)
  Running img_158.npy ... done (1.92s, 146.11MB)
  Running img_159.npy ... done (1.82s, 147.23MB)
  Running img_16.npy ... done (1.74s, 146.95MB)
  Running img_160.npy ... done (1.66s, 138.41MB)
  Running img_161.npy ... done (1.70s, 150.89MB)
  Running img_162.npy ... done (1.93s, 156.36MB)
  Running img_163.npy ... done (1.77s, 151.00MB)
  Running img_164.npy ... done (2.06s, 153.93MB)
  Running img_165.npy ... done (1.83s, 145.68MB)
  Running img_166.npy ... done (1.86s, 153.47MB)
  Running img_167.npy ... done (1.70s, 138.68MB)
  Running img_168.npy ... done (1.72s, 146.64MB)
  Running img_169.npy ... done (1.66s, 143.41MB)
  Running img_17.npy ... done (1.78s, 148.47MB)
  Running img_170.npy ... done (1.82s, 150.39MB)
  Running img_171.npy ... done (1.78s, 149.30MB)
  Running img_172.npy ... done (1.97s, 151.47MB)
  Running img_173.npy ... done (1.84s, 150.56MB)
  Running img_174.npy ... done (1.87s, 140.03MB)
  Running img_175.npy ... done (1.70s, 147.03MB)
  Running img_176.npy ... done (1.88s, 149.20MB)
  Running img_177.npy ... done (1.74s, 142.07MB)
  Running img_178.npy ... done (1.75s, 147.61MB)
  Running img_179.npy ... done (1.94s, 142.38MB)
  Running img_18.npy ... done (1.78s, 149.42MB)
  Running img_180.npy ... done (1.79s, 147.79MB)
  Running img_181.npy ... done (1.70s, 149.93MB)
  Running img_182.npy ... done (1.76s, 141.41MB)
  Running img_183.npy ... done (1.89s, 141.21MB)
  Running img_184.npy ... done (1.92s, 149.42MB)
  Running img_185.npy ... done (1.83s, 146.88MB)
  Running img_186.npy ... done (2.08s, 150.22MB)
  Running img_187.npy ... done (1.97s, 146.63MB)
  Running img_188.npy ... done (1.79s, 148.95MB)
  Running img_189.npy ... done (1.79s, 147.35MB)
  Running img_19.npy ... done (1.78s, 150.48MB)
  Running img_190.npy ... done (1.90s, 153.80MB)
  Running img_191.npy ... done (1.73s, 143.11MB)
  Running img_192.npy ... done (1.85s, 166.46MB)
  Running img_193.npy ... done (1.61s, 142.80MB)
  Running img_194.npy ... done (1.80s, 148.62MB)
  Running img_195.npy ... done (1.89s, 156.47MB)
  Running img_196.npy ... done (1.70s, 146.41MB)
  Running img_197.npy ... done (2.02s, 150.98MB)
  Running img_198.npy ... done (1.81s, 152.18MB)
  Running img_199.npy ... done (1.69s, 149.14MB)
  Running img_2.npy ... done (1.78s, 144.56MB)
  Running img_20.npy ... done (1.63s, 140.65MB)
  Running img_200.npy ... done (1.84s, 152.20MB)
  Running img_201.npy ... done (1.69s, 143.38MB)
  Running img_202.npy ... done (1.62s, 146.75MB)
  Running img_203.npy ... done (1.68s, 148.09MB)
  Running img_204.npy ... done (1.66s, 139.19MB)
  Running img_205.npy ... done (1.89s, 145.10MB)
  Running img_206.npy ... done (2.01s, 149.04MB)
  Running img_207.npy ... done (1.85s, 147.92MB)
  Running img_208.npy ... done (1.69s, 148.28MB)
  Running img_209.npy ... done (1.98s, 150.96MB)
  Running img_21.npy ... done (1.89s, 142.99MB)
  Running img_210.npy ... done (1.67s, 145.23MB)
  Running img_211.npy ... done (1.82s, 145.19MB)
  Running img_212.npy ... done (2.04s, 146.14MB)
  Running img_213.npy ... done (1.61s, 151.21MB)
  Running img_214.npy ... done (1.71s, 139.75MB)
  Running img_215.npy ... done (1.90s, 148.66MB)
  Running img_216.npy ... done (1.84s, 145.07MB)
  Running img_217.npy ... done (1.82s, 139.24MB)
  Running img_218.npy ... done (1.80s, 146.18MB)
  Running img_219.npy ... done (1.58s, 144.07MB)
  Running img_22.npy ... done (1.73s, 145.43MB)
  Running img_220.npy ... done (1.92s, 144.11MB)
  Running img_221.npy ... done (1.63s, 135.55MB)
  Running img_222.npy ... done (1.61s, 151.62MB)
  Running img_223.npy ... done (1.86s, 145.18MB)
  Running img_224.npy ... done (1.70s, 137.94MB)
  Running img_225.npy ... done (1.95s, 154.97MB)
  Running img_226.npy ... done (1.77s, 141.47MB)
  Running img_227.npy ... done (1.92s, 145.54MB)
  Running img_228.npy ... done (1.90s, 151.33MB)
  Running img_229.npy ... done (1.90s, 155.26MB)
  Running img_23.npy ... done (1.66s, 142.07MB)
  Running img_230.npy ... done (1.88s, 145.63MB)
  Running img_231.npy ... done (1.83s, 145.31MB)
  Running img_232.npy ... done (1.91s, 144.95MB)
  Running img_233.npy ... done (1.82s, 153.47MB)
  Running img_234.npy ... done (1.81s, 146.65MB)
  Running img_235.npy ... done (1.67s, 142.95MB)
  Running img_236.npy ... done (1.40s, 133.38MB)
  Running img_237.npy ... done (1.81s, 147.87MB)
  Running img_238.npy ... done (1.91s, 142.32MB)
  Running img_239.npy ... done (2.02s, 146.02MB)
  Running img_24.npy ... done (1.87s, 155.53MB)
  Running img_240.npy ... done (1.74s, 154.26MB)
  Running img_241.npy ... done (1.59s, 143.08MB)
  Running img_242.npy ... done (1.88s, 145.26MB)
  Running img_243.npy ... done (1.79s, 147.63MB)
  Running img_244.npy ... done (1.80s, 146.84MB)
  Running img_245.npy ... done (1.71s, 153.62MB)
  Running img_246.npy ... done (1.86s, 148.57MB)
  Running img_247.npy ... done (1.83s, 159.15MB)
  Running img_248.npy ... done (1.85s, 142.28MB)
  Running img_249.npy ... done (1.96s, 146.50MB)
  Running img_25.npy ... done (1.89s, 137.65MB)
  Running img_250.npy ... done (1.74s, 148.02MB)
  Running img_251.npy ... done (1.89s, 145.26MB)
  Running img_252.npy ... done (1.88s, 144.99MB)
  Running img_253.npy ... done (1.88s, 150.38MB)
  Running img_254.npy ... done (1.84s, 140.29MB)
  Running img_255.npy ... done (1.87s, 145.46MB)
  Running img_256.npy ... done (1.93s, 152.34MB)
  Running img_257.npy ... done (1.95s, 154.01MB)
  Running img_258.npy ... done (1.87s, 143.60MB)
  Running img_259.npy ... done (1.88s, 145.65MB)
  Running img_26.npy ... done (1.82s, 137.30MB)
  Running img_260.npy ... done (1.78s, 143.80MB)
  Running img_261.npy ... done (2.13s, 152.27MB)
  Running img_262.npy ... done (2.06s, 154.60MB)
  Running img_263.npy ... done (2.25s, 141.28MB)
  Running img_264.npy ... done (1.94s, 149.25MB)
  Running img_265.npy ... done (1.58s, 141.09MB)
  Running img_266.npy ... done (1.76s, 146.16MB)
  Running img_267.npy ... done (1.67s, 149.81MB)
  Running img_268.npy ... done (1.79s, 144.10MB)
  Running img_269.npy ... done (1.82s, 137.93MB)
  Running img_27.npy ... done (2.05s, 151.68MB)
  Running img_270.npy ... done (1.88s, 151.87MB)
  Running img_271.npy ... done (1.74s, 142.18MB)
  Running img_272.npy ... done (1.70s, 148.16MB)
  Running img_273.npy ... done (1.63s, 151.45MB)
  Running img_274.npy ... done (1.72s, 146.98MB)
  Running img_275.npy ... done (1.84s, 146.21MB)
  Running img_276.npy ... done (1.67s, 150.16MB)
  Running img_277.npy ... done (1.67s, 146.07MB)
  Running img_278.npy ... done (1.84s, 150.62MB)
  Running img_279.npy ... done (1.82s, 148.84MB)
  Running img_28.npy ... done (1.97s, 145.73MB)
  Running img_280.npy ... done (1.91s, 149.80MB)
  Running img_281.npy ... done (1.68s, 141.27MB)
  Running img_282.npy ... done (1.75s, 146.93MB)
  Running img_283.npy ... done (1.93s, 168.88MB)
  Running img_284.npy ... done (1.85s, 153.55MB)
  Running img_285.npy ... done (1.64s, 145.59MB)
  Running img_286.npy ... done (1.97s, 146.92MB)
  Running img_287.npy ... done (1.75s, 147.44MB)
  Running img_288.npy ... done (1.83s, 147.03MB)
  Running img_289.npy ... done (1.71s, 145.55MB)
  Running img_29.npy ... done (2.25s, 141.38MB)
  Running img_290.npy ... done (1.58s, 141.27MB)
  Running img_291.npy ... done (1.78s, 148.66MB)
  Running img_292.npy ... done (2.00s, 140.12MB)
  Running img_293.npy ... done (1.91s, 149.19MB)
  Running img_294.npy ... done (1.81s, 157.76MB)
  Running img_295.npy ... done (1.89s, 147.48MB)
  Running img_296.npy ... done (1.78s, 147.78MB)
  Running img_297.npy ... done (1.97s, 157.96MB)
  Running img_298.npy ... done (1.62s, 150.82MB)
  Running img_299.npy ... done (1.81s, 144.18MB)
  Running img_3.npy ... done (1.73s, 145.79MB)
  Running img_30.npy ... done (1.89s, 144.55MB)
  Running img_300.npy ... done (1.93s, 146.55MB)
  Running img_301.npy ... done (1.61s, 146.24MB)
  Running img_302.npy ... done (1.80s, 144.79MB)
  Running img_303.npy ... done (1.61s, 139.21MB)
  Running img_304.npy ... done (1.79s, 147.87MB)
  Running img_305.npy ... done (1.89s, 153.14MB)
  Running img_306.npy ... done (1.68s, 138.84MB)
  Running img_307.npy ... done (2.08s, 147.29MB)
  Running img_308.npy ... done (1.86s, 151.89MB)
  Running img_309.npy ... done (1.93s, 151.26MB)
  Running img_31.npy ... done (1.86s, 154.82MB)
  Running img_310.npy ... done (1.77s, 151.61MB)
  Running img_311.npy ... done (1.89s, 158.84MB)
  Running img_312.npy ... done (1.73s, 155.83MB)
  Running img_313.npy ... done (1.78s, 142.71MB)
  Running img_314.npy ... done (2.35s, 151.87MB)
  Running img_315.npy ... done (1.68s, 136.82MB)
  Running img_316.npy ... done (1.91s, 156.00MB)
  Running img_317.npy ... done (1.90s, 149.36MB)
  Running img_318.npy ... done (1.76s, 147.27MB)
  Running img_319.npy ... done (1.98s, 151.03MB)
  Running img_32.npy ... done (1.86s, 151.82MB)
  Running img_320.npy ... done (1.93s, 156.96MB)
  Running img_321.npy ... done (1.89s, 149.66MB)
  Running img_322.npy ... done (1.62s, 157.64MB)
  Running img_323.npy ... done (1.22s, 135.10MB)
  Running img_324.npy ... done (1.73s, 143.80MB)
  Running img_325.npy ... done (1.78s, 155.11MB)
  Running img_326.npy ... done (1.73s, 144.08MB)
  Running img_327.npy ... done (1.71s, 150.52MB)
  Running img_328.npy ... done (1.82s, 147.22MB)
  Running img_329.npy ... done (1.99s, 155.62MB)
  Running img_33.npy ... done (1.93s, 150.30MB)
  Running img_330.npy ... done (1.80s, 149.73MB)
  Running img_331.npy ... done (1.58s, 148.77MB)
  Running img_332.npy ... done (1.83s, 146.20MB)
  Running img_333.npy ... done (1.78s, 149.91MB)
  Running img_334.npy ... done (1.88s, 147.33MB)
  Running img_335.npy ... done (1.95s, 145.39MB)
  Running img_336.npy ... done (1.65s, 144.73MB)
  Running img_337.npy ... done (1.78s, 149.65MB)
  Running img_338.npy ... done (1.56s, 141.85MB)
  Running img_339.npy ... done (1.81s, 144.71MB)
  Running img_34.npy ... done (1.81s, 152.60MB)
  Running img_340.npy ... done (2.33s, 149.72MB)
  Running img_341.npy ... done (1.91s, 140.82MB)
  Running img_342.npy ... done (1.72s, 144.19MB)
  Running img_343.npy ... done (1.64s, 142.87MB)
  Running img_344.npy ... done (1.81s, 148.47MB)
  Running img_345.npy ... done (1.90s, 145.85MB)
  Running img_346.npy ... done (1.67s, 154.05MB)
  Running img_347.npy ... done (1.88s, 147.96MB)
  Running img_348.npy ... done (1.62s, 139.48MB)
  Running img_349.npy ... done (1.78s, 144.03MB)
  Running img_35.npy ... done (1.77s, 151.13MB)
  Running img_350.npy ... done (1.60s, 147.50MB)
  Running img_351.npy ... done (1.81s, 139.03MB)
  Running img_352.npy ... done (1.70s, 153.44MB)
  Running img_353.npy ... done (1.95s, 144.72MB)
  Running img_354.npy ... done (1.74s, 144.21MB)
  Running img_355.npy ... done (1.71s, 145.23MB)
  Running img_356.npy ... done (1.88s, 144.07MB)
  Running img_357.npy ... done (1.94s, 148.73MB)
  Running img_358.npy ... done (1.65s, 144.82MB)
  Running img_359.npy ... done (1.80s, 143.07MB)
  Running img_36.npy ... done (1.98s, 142.47MB)
  Running img_360.npy ... done (1.75s, 142.68MB)
  Running img_361.npy ... done (2.00s, 147.56MB)
  Running img_362.npy ... done (1.60s, 148.14MB)
  Running img_363.npy ... done (1.75s, 144.61MB)
  Running img_364.npy ... done (2.31s, 149.80MB)
  Running img_365.npy ... done (1.76s, 147.94MB)
  Running img_366.npy ... done (1.89s, 147.15MB)
  Running img_367.npy ... done (1.82s, 153.54MB)
  Running img_368.npy ... done (1.81s, 149.48MB)
  Running img_369.npy ... done (1.78s, 141.80MB)
  Running img_37.npy ... done (1.94s, 147.04MB)
  Running img_370.npy ... done (1.90s, 151.77MB)
  Running img_371.npy ... done (1.90s, 141.45MB)
  Running img_372.npy ... done (1.88s, 144.84MB)
  Running img_373.npy ... done (1.93s, 151.21MB)
  Running img_374.npy ... done (1.72s, 147.50MB)
  Running img_375.npy ... done (1.85s, 149.09MB)
  Running img_376.npy ... done (1.74s, 149.15MB)
  Running img_377.npy ... done (1.94s, 146.41MB)
  Running img_378.npy ... done (1.82s, 153.03MB)
  Running img_379.npy ... done (1.91s, 151.36MB)
  Running img_38.npy ... done (1.66s, 137.18MB)
  Running img_380.npy ... done (1.59s, 138.05MB)
  Running img_381.npy ... done (1.79s, 136.66MB)
  Running img_382.npy ... done (2.08s, 145.93MB)
  Running img_383.npy ... done (1.79s, 144.40MB)
  Running img_384.npy ... done (1.86s, 146.67MB)
  Running img_385.npy ... done (1.82s, 145.03MB)
  Running img_386.npy ... done (1.98s, 151.71MB)
  Running img_387.npy ... done (1.88s, 147.00MB)
  Running img_388.npy ... done (1.80s, 144.15MB)
  Running img_389.npy ... done (1.60s, 150.15MB)
  Running img_39.npy ... done (1.83s, 144.49MB)
  Running img_390.npy ... done (1.59s, 145.67MB)
  Running img_391.npy ... done (1.88s, 151.75MB)
  Running img_392.npy ... done (1.86s, 148.11MB)
  Running img_393.npy ... done (2.09s, 148.33MB)
  Running img_394.npy ... done (1.64s, 141.31MB)
  Running img_395.npy ... done (1.75s, 156.82MB)
  Running img_396.npy ... done (1.53s, 139.93MB)
  Running img_397.npy ... done (1.86s, 149.43MB)
  Running img_398.npy ... done (2.18s, 148.14MB)
  Running img_399.npy ... done (1.78s, 147.93MB)
  Running img_4.npy ... done (1.80s, 143.46MB)
  Running img_40.npy ... done (1.78s, 139.28MB)
  Running img_400.npy ... done (1.97s, 149.01MB)
  Running img_401.npy ... done (1.82s, 151.55MB)
  Running img_402.npy ... done (1.90s, 139.34MB)
  Running img_403.npy ... done (1.76s, 139.10MB)
  Running img_404.npy ... done (1.84s, 145.38MB)
  Running img_405.npy ... done (1.88s, 149.29MB)
  Running img_406.npy ... done (1.94s, 139.97MB)
  Running img_407.npy ... done (2.04s, 149.25MB)
  Running img_408.npy ... done (1.67s, 146.57MB)
  Running img_409.npy ... done (1.67s, 154.39MB)
  Running img_41.npy ... done (1.70s, 156.99MB)
  Running img_410.npy ... done (1.92s, 146.42MB)
  Running img_411.npy ... done (1.83s, 153.04MB)
  Running img_412.npy ... done (1.96s, 152.61MB)
  Running img_413.npy ... done (1.71s, 144.75MB)
  Running img_414.npy ... done (1.71s, 153.02MB)
  Running img_415.npy ... done (1.45s, 134.12MB)
  Running img_416.npy ... done (1.76s, 143.06MB)
  Running img_417.npy ... done (1.87s, 150.44MB)
  Running img_418.npy ... done (1.89s, 144.42MB)
  Running img_419.npy ... done (1.75s, 141.07MB)
  Running img_42.npy ... done (1.82s, 152.81MB)
  Running img_420.npy ... done (1.59s, 145.12MB)
  Running img_421.npy ... done (1.93s, 147.04MB)
  Running img_422.npy ... done (1.86s, 144.57MB)
  Running img_423.npy ... done (1.72s, 145.85MB)
  Running img_424.npy ... done (1.93s, 148.64MB)
  Running img_425.npy ... done (1.82s, 148.68MB)
  Running img_426.npy ... done (1.80s, 151.75MB)
  Running img_427.npy ... done (1.78s, 146.51MB)
  Running img_428.npy ... done (2.06s, 151.73MB)
  Running img_429.npy ... done (2.05s, 145.63MB)
  Running img_43.npy ... done (1.91s, 154.34MB)
  Running img_430.npy ... done (1.78s, 144.29MB)
  Running img_431.npy ... done (1.48s, 143.65MB)
  Running img_432.npy ... done (1.53s, 142.76MB)
  Running img_433.npy ... done (1.44s, 133.30MB)
  Running img_434.npy ... done (1.91s, 167.59MB)
  Running img_435.npy ... done (2.00s, 152.88MB)
  Running img_436.npy ... done (1.77s, 146.00MB)
  Running img_437.npy ... done (1.65s, 147.30MB)
  Running img_438.npy ... done (1.90s, 153.45MB)
  Running img_439.npy ... done (1.79s, 141.01MB)
  Running img_44.npy ... done (1.80s, 139.95MB)
  Running img_440.npy ... done (2.00s, 147.38MB)
  Running img_441.npy ... done (1.75s, 154.48MB)
  Running img_442.npy ... done (2.02s, 147.53MB)
  Running img_443.npy ... done (1.87s, 139.85MB)
  Running img_444.npy ... done (1.75s, 151.98MB)
  Running img_445.npy ... done (1.76s, 145.27MB)
  Running img_446.npy ... done (1.89s, 168.77MB)
  Running img_447.npy ... done (2.08s, 149.31MB)
  Running img_448.npy ... done (1.94s, 149.17MB)
  Running img_449.npy ... done (1.87s, 146.04MB)
  Running img_45.npy ... done (1.88s, 146.51MB)
  Running img_450.npy ... done (1.79s, 148.69MB)
  Running img_451.npy ... done (1.69s, 145.91MB)
  Running img_452.npy ... done (1.83s, 170.96MB)
  Running img_453.npy ... done (1.90s, 149.86MB)
  Running img_454.npy ... done (1.79s, 140.46MB)
  Running img_455.npy ... done (1.83s, 138.84MB)
  Running img_456.npy ... done (1.83s, 144.87MB)
  Running img_457.npy ... done (1.87s, 137.31MB)
  Running img_458.npy ... done (1.76s, 148.59MB)
  Running img_459.npy ... done (1.66s, 139.11MB)
  Running img_46.npy ... done (1.75s, 150.84MB)
  Running img_460.npy ... done (1.89s, 150.24MB)
  Running img_461.npy ... done (1.66s, 142.75MB)
  Running img_462.npy ... done (1.78s, 145.93MB)
  Running img_463.npy ... done (1.59s, 142.02MB)
  Running img_464.npy ... done (2.03s, 151.05MB)
  Running img_465.npy ... done (1.74s, 141.88MB)
  Running img_466.npy ... done (1.68s, 146.58MB)
  Running img_467.npy ... done (1.91s, 150.90MB)
  Running img_468.npy ... done (1.79s, 152.63MB)
  Running img_469.npy ... done (1.74s, 153.11MB)
  Running img_47.npy ... done (1.90s, 143.23MB)
  Running img_470.npy ... done (1.93s, 148.89MB)
  Running img_471.npy ... done (1.93s, 151.21MB)
  Running img_472.npy ... done (1.61s, 150.38MB)
  Running img_473.npy ... done (1.70s, 143.05MB)
  Running img_474.npy ... done (1.75s, 137.54MB)
  Running img_475.npy ... done (1.61s, 146.18MB)
  Running img_476.npy ... done (1.84s, 144.87MB)
  Running img_477.npy ... done (1.89s, 148.39MB)
  Running img_478.npy ... done (1.84s, 147.22MB)
  Running img_479.npy ... done (1.94s, 153.07MB)
  Running img_48.npy ... done (1.79s, 151.78MB)
  Running img_480.npy ... done (1.80s, 145.32MB)
  Running img_481.npy ... done (1.69s, 157.15MB)
  Running img_482.npy ... done (1.95s, 146.01MB)
  Running img_483.npy ... done (1.74s, 146.37MB)
  Running img_484.npy ... done (1.73s, 138.40MB)
  Running img_485.npy ... done (2.03s, 149.21MB)
  Running img_486.npy ... done (1.80s, 147.68MB)
  Running img_487.npy ... done (1.88s, 139.38MB)
  Running img_488.npy ... done (1.88s, 152.64MB)
  Running img_489.npy ... done (1.72s, 145.79MB)
  Running img_49.npy ... done (1.85s, 145.01MB)
  Running img_490.npy ... done (1.79s, 152.02MB)
  Running img_491.npy ... done (2.00s, 150.32MB)
  Running img_492.npy ... done (2.06s, 147.85MB)
  Running img_493.npy ... done (1.76s, 140.90MB)
  Running img_494.npy ... done (1.89s, 150.54MB)
  Running img_495.npy ... done (1.60s, 136.99MB)
  Running img_496.npy ... done (1.92s, 148.74MB)
  Running img_497.npy ... done (1.62s, 148.03MB)
  Running img_498.npy ... done (1.68s, 146.79MB)
  Running img_499.npy ... done (1.63s, 138.74MB)
  Running img_5.npy ... done (1.82s, 149.33MB)
  Running img_50.npy ... done (1.83s, 142.98MB)
  Running img_500.npy ... done (1.79s, 141.95MB)
  Running img_501.npy ... done (1.83s, 151.56MB)
  Running img_502.npy ... done (1.90s, 147.88MB)
  Running img_503.npy ... done (1.74s, 143.93MB)
  Running img_504.npy ... done (1.70s, 151.71MB)
  Running img_505.npy ... done (1.77s, 152.14MB)
  Running img_506.npy ... done (1.80s, 153.10MB)
  Running img_507.npy ... done (1.64s, 153.50MB)
  Running img_508.npy ... done (1.79s, 152.73MB)
  Running img_509.npy ... done (1.84s, 151.95MB)
  Running img_51.npy ... done (1.87s, 153.51MB)
  Running img_510.npy ... done (1.71s, 146.43MB)
  Running img_511.npy ... done (1.89s, 141.24MB)
  Running img_512.npy ... done (1.72s, 139.67MB)
  Running img_513.npy ... done (1.63s, 143.10MB)
  Running img_514.npy ... done (1.69s, 146.18MB)
  Running img_515.npy ... done (1.69s, 151.00MB)
  Running img_516.npy ... done (2.00s, 145.57MB)
  Running img_517.npy ... done (1.96s, 152.03MB)
  Running img_518.npy ... done (1.68s, 141.79MB)
  Running img_519.npy ... done (1.91s, 143.98MB)
  Running img_52.npy ... done (1.78s, 150.98MB)
  Running img_520.npy ... done (1.96s, 149.21MB)
  Running img_521.npy ... done (1.82s, 147.79MB)
  Running img_522.npy ... done (1.84s, 147.75MB)
  Running img_523.npy ... done (1.63s, 138.21MB)
  Running img_524.npy ... done (1.98s, 147.03MB)
  Running img_525.npy ... done (1.73s, 137.88MB)
  Running img_526.npy ... done (1.66s, 152.70MB)
  Running img_527.npy ... done (1.81s, 148.02MB)
  Running img_528.npy ... done (1.63s, 148.31MB)
  Running img_529.npy ... done (1.76s, 147.94MB)
  Running img_53.npy ... done (1.87s, 145.27MB)
  Running img_530.npy ... done (1.87s, 152.82MB)
  Running img_531.npy ... done (1.92s, 149.54MB)
  Running img_532.npy ... done (1.61s, 147.95MB)
  Running img_533.npy ... done (1.51s, 139.03MB)
  Running img_534.npy ... done (1.93s, 146.47MB)
  Running img_535.npy ... done (1.58s, 141.70MB)
  Running img_536.npy ... done (1.68s, 153.77MB)
  Running img_537.npy ... done (1.91s, 138.22MB)
  Running img_538.npy ... done (1.64s, 148.77MB)
  Running img_539.npy ... done (1.71s, 145.08MB)
  Running img_54.npy ... done (1.59s, 138.88MB)
  Running img_540.npy ... done (1.83s, 147.55MB)
  Running img_541.npy ... done (1.80s, 140.32MB)
  Running img_542.npy ... done (1.77s, 146.22MB)
  Running img_543.npy ... done (1.95s, 149.80MB)
  Running img_544.npy ... done (1.74s, 153.11MB)
  Running img_545.npy ... done (1.69s, 143.90MB)
  Running img_546.npy ... done (2.16s, 142.33MB)
  Running img_547.npy ... done (1.99s, 145.57MB)
  Running img_548.npy ... done (1.66s, 150.36MB)
  Running img_549.npy ... done (1.67s, 140.18MB)
  Running img_55.npy ... done (1.76s, 148.20MB)
  Running img_550.npy ... done (1.73s, 140.47MB)
  Running img_551.npy ... done (1.60s, 141.88MB)
  Running img_552.npy ... done (1.94s, 152.02MB)
  Running img_553.npy ... done (1.63s, 139.06MB)
  Running img_554.npy ... done (1.72s, 139.73MB)
  Running img_555.npy ... done (2.06s, 151.30MB)
  Running img_556.npy ... done (1.80s, 147.63MB)
  Running img_557.npy ... done (1.92s, 137.17MB)
  Running img_558.npy ... done (1.64s, 153.45MB)
  Running img_559.npy ... done (1.67s, 139.53MB)
  Running img_56.npy ... done (1.43s, 141.88MB)
  Running img_560.npy ... done (1.79s, 136.03MB)
  Running img_561.npy ... done (1.46s, 137.52MB)
  Running img_562.npy ... done (1.85s, 148.63MB)
  Running img_563.npy ... done (1.55s, 146.16MB)
  Running img_564.npy ... done (1.69s, 145.31MB)
  Running img_565.npy ... done (1.64s, 145.00MB)
  Running img_566.npy ... done (1.72s, 141.54MB)
  Running img_567.npy ... done (2.01s, 141.80MB)
  Running img_568.npy ... done (1.65s, 147.28MB)
  Running img_569.npy ... done (1.78s, 145.61MB)
  Running img_57.npy ... done (1.79s, 145.93MB)
  Running img_570.npy ... done (1.68s, 139.07MB)
  Running img_571.npy ... done (1.80s, 158.25MB)
  Running img_572.npy ... done (2.09s, 147.05MB)
  Running img_573.npy ... done (1.94s, 167.62MB)
  Running img_574.npy ... done (1.62s, 146.74MB)
  Running img_575.npy ... done (1.49s, 145.81MB)
  Running img_576.npy ... done (1.62s, 145.70MB)
  Running img_577.npy ... done (1.82s, 150.75MB)
  Running img_578.npy ... done (1.87s, 149.28MB)
  Running img_579.npy ... done (1.84s, 152.23MB)
  Running img_58.npy ... done (1.73s, 143.43MB)
  Running img_580.npy ... done (1.99s, 142.01MB)
  Running img_581.npy ... done (1.68s, 138.75MB)
  Running img_582.npy ... done (1.99s, 145.13MB)
  Running img_583.npy ... done (1.90s, 144.71MB)
  Running img_584.npy ... done (1.84s, 169.67MB)
  Running img_585.npy ... done (1.86s, 143.85MB)
  Running img_586.npy ... done (1.72s, 146.11MB)
  Running img_587.npy ... done (1.90s, 144.72MB)
  Running img_588.npy ... done (1.71s, 151.62MB)
  Running img_589.npy ... done (1.60s, 150.57MB)
  Running img_59.npy ... done (1.86s, 150.45MB)
  Running img_590.npy ... done (1.66s, 140.52MB)
  Running img_591.npy ... done (1.95s, 149.28MB)
  Running img_592.npy ... done (1.81s, 146.50MB)
  Running img_593.npy ... done (1.66s, 145.70MB)
  Running img_594.npy ... done (1.66s, 145.95MB)
  Running img_595.npy ... done (1.84s, 155.04MB)
  Running img_596.npy ... done (1.73s, 157.43MB)
  Running img_597.npy ... done (1.58s, 141.40MB)
  Running img_598.npy ... done (1.66s, 153.84MB)
  Running img_599.npy ... done (2.30s, 144.12MB)
  Running img_6.npy ... done (1.87s, 146.47MB)
  Running img_60.npy ... done (1.45s, 139.58MB)
  Running img_600.npy ... done (1.62s, 141.85MB)
  Running img_601.npy ... done (1.74s, 145.54MB)
  Running img_602.npy ... done (1.83s, 146.55MB)
  Running img_603.npy ... done (1.64s, 142.77MB)
  Running img_604.npy ... done (1.80s, 144.20MB)
  Running img_605.npy ... done (1.83s, 148.64MB)
  Running img_606.npy ... done (1.70s, 149.02MB)
  Running img_607.npy ... done (1.80s, 153.40MB)
  Running img_608.npy ... done (1.71s, 146.83MB)
  Running img_609.npy ... done (1.80s, 140.05MB)
  Running img_61.npy ... done (1.89s, 151.61MB)
  Running img_610.npy ... done (1.94s, 150.94MB)
  Running img_611.npy ... done (1.87s, 144.07MB)
  Running img_612.npy ... done (1.72s, 150.87MB)
  Running img_613.npy ... done (1.89s, 148.62MB)
  Running img_614.npy ... done (1.57s, 140.38MB)
  Running img_615.npy ... done (1.65s, 146.00MB)
  Running img_616.npy ... done (1.55s, 146.25MB)
  Running img_617.npy ... done (1.90s, 146.96MB)
  Running img_618.npy ... done (1.65s, 141.19MB)
  Running img_619.npy ... done (1.83s, 144.25MB)
  Running img_62.npy ... done (1.66s, 151.27MB)
  Running img_620.npy ... done (1.70s, 136.71MB)
  Running img_621.npy ... done (1.69s, 145.79MB)
  Running img_622.npy ... done (1.91s, 147.55MB)
  Running img_623.npy ... done (1.99s, 147.29MB)
  Running img_624.npy ... done (1.92s, 145.54MB)
  Running img_625.npy ... done (1.84s, 148.44MB)
  Running img_626.npy ... done (1.71s, 147.96MB)
  Running img_627.npy ... done (1.49s, 149.68MB)
  Running img_628.npy ... done (1.69s, 147.62MB)
  Running img_629.npy ... done (1.77s, 156.21MB)
  Running img_63.npy ... done (1.58s, 146.13MB)
  Running img_630.npy ... done (1.88s, 147.03MB)
  Running img_631.npy ... done (1.72s, 146.53MB)
  Running img_632.npy ... done (1.83s, 149.35MB)
  Running img_633.npy ... done (1.64s, 152.65MB)
  Running img_634.npy ... done (1.56s, 150.45MB)
  Running img_635.npy ... done (1.64s, 147.61MB)
  Running img_636.npy ... done (1.90s, 155.72MB)
  Running img_637.npy ... done (1.70s, 145.09MB)
  Running img_638.npy ... done (1.58s, 140.30MB)
  Running img_639.npy ... done (1.81s, 153.55MB)
  Running img_64.npy ... done (1.74s, 148.21MB)
  Running img_640.npy ... done (1.62s, 152.98MB)
  Running img_641.npy ... done (1.77s, 155.79MB)
  Running img_642.npy ... done (1.90s, 151.57MB)
  Running img_643.npy ... done (1.84s, 150.39MB)
  Running img_644.npy ... done (1.56s, 143.01MB)
  Running img_645.npy ... done (1.87s, 149.81MB)
  Running img_646.npy ... done (1.54s, 147.42MB)
  Running img_647.npy ... done (1.72s, 149.97MB)
  Running img_648.npy ... done (1.70s, 141.01MB)
  Running img_649.npy ... done (1.64s, 140.18MB)
  Running img_65.npy ... done (1.62s, 140.97MB)
  Running img_650.npy ... done (1.74s, 148.62MB)
  Running img_651.npy ... done (2.30s, 139.11MB)
  Running img_652.npy ... done (1.56s, 151.63MB)
  Running img_653.npy ... done (1.68s, 148.53MB)
  Running img_654.npy ... done (1.69s, 149.73MB)
  Running img_655.npy ... done (1.64s, 148.03MB)
  Running img_656.npy ... done (1.63s, 148.46MB)
  Running img_657.npy ... done (1.75s, 145.36MB)
  Running img_658.npy ... done (1.58s, 136.50MB)
  Running img_659.npy ... done (1.71s, 146.33MB)
  Running img_66.npy ... done (1.61s, 149.62MB)
  Running img_660.npy ... done (1.67s, 147.03MB)
  Running img_661.npy ... done (1.61s, 141.04MB)
  Running img_662.npy ... done (1.72s, 149.75MB)
  Running img_663.npy ... done (1.82s, 146.99MB)
  Running img_664.npy ... done (1.60s, 147.68MB)
  Running img_665.npy ... done (1.79s, 153.58MB)
  Running img_666.npy ... done (1.93s, 156.43MB)
  Running img_667.npy ... done (1.78s, 142.30MB)
  Running img_668.npy ... done (1.68s, 146.56MB)
  Running img_669.npy ... done (1.66s, 142.84MB)
  Running img_67.npy ... done (1.53s, 149.67MB)
  Running img_670.npy ... done (1.68s, 151.08MB)
  Running img_671.npy ... done (1.74s, 143.94MB)
  Running img_672.npy ... done (1.66s, 147.23MB)
  Running img_673.npy ... done (1.59s, 153.70MB)
  Running img_674.npy ... done (1.63s, 147.62MB)
  Running img_675.npy ... done (1.58s, 147.75MB)
  Running img_676.npy ... done (1.77s, 145.80MB)
  Running img_677.npy ... done (1.60s, 148.62MB)
  Running img_678.npy ... done (1.74s, 142.55MB)
  Running img_679.npy ... done (1.63s, 151.08MB)
  Running img_68.npy ... done (2.04s, 149.95MB)
  Running img_680.npy ... done (1.76s, 139.91MB)
  Running img_681.npy ... done (1.67s, 152.19MB)
  Running img_682.npy ... done (1.62s, 141.45MB)
  Running img_683.npy ... done (1.64s, 145.23MB)
  Running img_684.npy ... done (1.76s, 149.51MB)
  Running img_685.npy ... done (1.60s, 142.86MB)
  Running img_686.npy ... done (1.61s, 145.65MB)
  Running img_687.npy ... done (1.53s, 142.73MB)
  Running img_688.npy ... done (1.73s, 158.99MB)
  Running img_689.npy ... done (1.81s, 150.26MB)
  Running img_69.npy ... done (1.78s, 152.64MB)
  Running img_690.npy ... done (1.64s, 147.57MB)
  Running img_691.npy ... done (1.68s, 137.89MB)
  Running img_692.npy ... done (1.63s, 150.84MB)
  Running img_693.npy ... done (1.71s, 137.14MB)
  Running img_694.npy ... done (1.63s, 146.79MB)
  Running img_695.npy ... done (1.74s, 144.33MB)
  Running img_696.npy ... done (1.65s, 144.23MB)
  Running img_697.npy ... done (1.69s, 144.83MB)
  Running img_698.npy ... done (1.58s, 138.05MB)
  Running img_699.npy ... done (1.63s, 146.76MB)
  Running img_7.npy ... done (1.55s, 143.29MB)
  Running img_70.npy ... done (1.55s, 147.34MB)
  Running img_700.npy ... done (1.46s, 150.32MB)
  Running img_701.npy ... done (1.78s, 168.88MB)
  Running img_702.npy ... done (1.70s, 155.42MB)
  Running img_703.npy ... done (1.50s, 136.88MB)
  Running img_704.npy ... done (1.67s, 152.29MB)
  Running img_705.npy ... done (1.74s, 150.90MB)
  Running img_706.npy ... done (1.77s, 152.72MB)
  Running img_707.npy ... done (2.06s, 150.43MB)
  Running img_708.npy ... done (1.64s, 151.36MB)
  Running img_709.npy ... done (1.78s, 147.46MB)
  Running img_71.npy ... done (1.59s, 145.00MB)
  Running img_710.npy ... done (1.82s, 149.80MB)
  Running img_711.npy ... done (1.73s, 141.45MB)
  Running img_712.npy ... done (1.54s, 143.04MB)
  Running img_713.npy ... done (1.67s, 134.90MB)
  Running img_714.npy ... done (1.43s, 152.38MB)
  Running img_715.npy ... done (1.59s, 149.20MB)
  Running img_716.npy ... done (1.21s, 137.57MB)
  Running img_717.npy ... done (1.51s, 141.32MB)
  Running img_718.npy ... done (1.73s, 151.05MB)
  Running img_719.npy ... done (1.56s, 141.18MB)
  Running img_72.npy ... done (1.75s, 147.04MB)
  Running img_720.npy ... done (1.80s, 145.34MB)
  Running img_721.npy ... done (1.49s, 149.61MB)
  Running img_722.npy ... done (1.51s, 153.61MB)
  Running img_723.npy ... done (1.75s, 149.93MB)
  Running img_724.npy ... done (1.74s, 141.33MB)
  Running img_725.npy ... done (1.52s, 147.39MB)
  Running img_726.npy ... done (1.60s, 147.20MB)
  Running img_727.npy ... done (1.72s, 152.81MB)
  Running img_728.npy ... done (1.60s, 134.80MB)
  Running img_729.npy ... done (1.83s, 146.23MB)
  Running img_73.npy ... done (1.75s, 148.40MB)
  Running img_730.npy ... done (1.78s, 150.22MB)
  Running img_731.npy ... done (1.59s, 140.08MB)
  Running img_732.npy ... done (1.64s, 142.97MB)
  Running img_733.npy ... done (1.68s, 150.74MB)
  Running img_734.npy ... done (1.86s, 145.77MB)
  Running img_735.npy ... done (2.02s, 149.39MB)
  Running img_736.npy ... done (1.56s, 141.28MB)
  Running img_737.npy ... done (1.52s, 149.83MB)
  Running img_738.npy ... done (1.68s, 139.73MB)
  Running img_739.npy ... done (1.56s, 152.72MB)
  Running img_74.npy ... done (1.59s, 141.82MB)
  Running img_740.npy ... done (1.58s, 147.19MB)
  Running img_741.npy ... done (1.60s, 140.21MB)
  Running img_742.npy ... done (1.65s, 149.20MB)
  Running img_743.npy ... done (1.66s, 151.80MB)
  Running img_744.npy ... done (1.67s, 148.90MB)
  Running img_745.npy ... done (1.79s, 145.62MB)
  Running img_746.npy ... done (1.71s, 141.40MB)
  Running img_747.npy ... done (1.76s, 148.97MB)
  Running img_748.npy ... done (1.73s, 150.12MB)
  Running img_749.npy ... done (1.70s, 148.39MB)
  Running img_75.npy ... done (1.71s, 156.53MB)
  Running img_750.npy ... done (1.55s, 153.21MB)
  Running img_751.npy ... done (1.80s, 148.71MB)
  Running img_752.npy ... done (1.77s, 146.99MB)
  Running img_753.npy ... done (1.79s, 147.68MB)
  Running img_754.npy ... done (1.79s, 148.45MB)
  Running img_755.npy ... done (1.57s, 145.05MB)
  Running img_756.npy ... done (1.59s, 149.80MB)
  Running img_757.npy ... done (1.69s, 142.14MB)
  Running img_758.npy ... done (1.62s, 150.18MB)
  Running img_759.npy ... done (1.65s, 147.79MB)
  Running img_76.npy ... done (1.53s, 148.81MB)
  Running img_760.npy ... done (1.60s, 142.53MB)
  Running img_761.npy ... done (1.71s, 141.92MB)
  Running img_762.npy ... done (2.11s, 139.07MB)
  Running img_763.npy ... done (1.86s, 150.84MB)
  Running img_764.npy ... done (1.55s, 137.67MB)
  Running img_765.npy ... done (1.60s, 146.53MB)
  Running img_766.npy ... done (1.73s, 145.97MB)
  Running img_767.npy ... done (1.67s, 154.66MB)
  Running img_768.npy ... done (1.67s, 145.29MB)
  Running img_769.npy ... done (1.76s, 136.18MB)
  Running img_77.npy ... done (1.52s, 146.79MB)
  Running img_770.npy ... done (1.55s, 153.26MB)
  Running img_771.npy ... done (1.47s, 142.66MB)
  Running img_772.npy ... done (1.62s, 146.16MB)
  Running img_773.npy ... done (1.70s, 148.34MB)
  Running img_774.npy ... done (1.70s, 151.04MB)
  Running img_775.npy ... done (1.72s, 168.32MB)
  Running img_776.npy ... done (1.58s, 146.39MB)
  Running img_777.npy ... done (1.76s, 143.00MB)
  Running img_778.npy ... done (1.56s, 147.02MB)
  Running img_779.npy ... done (1.44s, 134.36MB)
  Running img_78.npy ... done (1.83s, 146.66MB)
  Running img_780.npy ... done (1.62s, 148.62MB)
  Running img_781.npy ... done (1.63s, 150.19MB)
  Running img_782.npy ... done (1.51s, 142.23MB)
  Running img_783.npy ... done (1.73s, 148.64MB)
  Running img_784.npy ... done (1.60s, 145.70MB)
  Running img_785.npy ... done (1.68s, 148.30MB)
  Running img_786.npy ... done (1.77s, 149.09MB)
  Running img_787.npy ... done (2.14s, 146.15MB)
  Running img_788.npy ... done (1.73s, 144.14MB)
  Running img_789.npy ... done (1.78s, 142.39MB)
  Running img_79.npy ... done (1.60s, 148.37MB)
  Running img_790.npy ... done (1.80s, 156.08MB)
  Running img_791.npy ... done (1.61s, 138.90MB)
  Running img_792.npy ... done (1.68s, 146.72MB)
  Running img_793.npy ... done (1.70s, 154.39MB)
  Running img_794.npy ... done (1.77s, 148.20MB)
  Running img_795.npy ... done (1.84s, 147.80MB)
  Running img_796.npy ... done (1.43s, 137.38MB)
  Running img_797.npy ... done (1.60s, 137.11MB)
  Running img_798.npy ... done (1.56s, 145.30MB)
  Running img_799.npy ... done (1.44s, 137.09MB)
  Running img_8.npy ... done (1.74s, 145.38MB)
  Running img_80.npy ... done (1.63s, 154.84MB)
  Running img_81.npy ... done (1.52s, 145.92MB)
  Running img_82.npy ... done (1.57s, 147.07MB)
  Running img_83.npy ... done (1.63s, 142.03MB)
  Running img_84.npy ... done (1.76s, 151.31MB)
  Running img_85.npy ... done (1.67s, 170.78MB)
  Running img_86.npy ... done (1.34s, 140.27MB)
  Running img_87.npy ... done (1.61s, 150.06MB)
  Running img_88.npy ... done (1.66s, 153.19MB)
  Running img_89.npy ... done (1.71s, 148.32MB)
  Running img_9.npy ... done (1.52s, 148.07MB)
  Running img_90.npy ... done (1.61s, 147.46MB)
  Running img_91.npy ... done (1.62s, 146.10MB)
  Running img_92.npy ... done (1.94s, 153.04MB)
  Running img_93.npy ... done (1.59s, 150.43MB)
  Running img_94.npy ... done (1.68s, 137.13MB)
  Running img_95.npy ... done (1.56s, 148.45MB)
  Running img_96.npy ... done (1.53s, 137.25MB)
  Running img_97.npy ... done (1.77s, 150.53MB)
  Running img_98.npy ... done (1.74s, 147.05MB)
  Running img_99.npy ... done (2.23s, 154.79MB)

Results saved into results/cripser/div2k/dim1.csv
