[Tue Nov  4 22:33:19 CET 2025] Running METHOD=ttk, DATASET=div2k, DIM=1
Saving to results/ttk/div2k/dim1.csv
Running ttk on datasets/div2k_npy (maxdim=1)...
  Running img_0.npy ... done (4.63s, 349.37MB)
  Running img_1.npy ... done (4.21s, 266.41MB)
  Running img_10.npy ... done (4.40s, 262.79MB)
  Running img_100.npy ... done (4.69s, 323.29MB)
  Running img_101.npy ... done (4.29s, 284.71MB)
  Running img_102.npy ... done (4.70s, 267.71MB)
  Running img_103.npy ... done (4.40s, 352.99MB)
  Running img_104.npy ... done (4.20s, 267.66MB)
  Running img_105.npy ... done (4.23s, 276.71MB)
  Running img_106.npy ... done (4.02s, 357.39MB)
  Running img_107.npy ... done (4.05s, 286.95MB)
  Running img_108.npy ... done (4.48s, 264.89MB)
  Running img_109.npy ... done (4.25s, 356.40MB)
  Running img_11.npy ... done (3.95s, 291.96MB)
  Running img_110.npy ... done (4.07s, 268.31MB)
  Running img_111.npy ... done (4.44s, 293.91MB)
  Running img_112.npy ... done (4.14s, 279.40MB)
  Running img_113.npy ... done (4.36s, 266.98MB)
  Running img_114.npy ... done (3.99s, 274.02MB)
  Running img_115.npy ... done (4.09s, 247.44MB)
  Running img_116.npy ... done (4.54s, 277.68MB)
  Running img_117.npy ... done (4.07s, 264.29MB)
  Running img_118.npy ... done (3.94s, 259.02MB)
  Running img_119.npy ... done (4.57s, 261.52MB)
  Running img_12.npy ... done (4.07s, 263.74MB)
  Running img_120.npy ... done (4.41s, 254.45MB)
  Running img_121.npy ... done (4.48s, 260.64MB)
  Running img_122.npy ... done (4.01s, 345.70MB)
  Running img_123.npy ... done (4.03s, 291.86MB)
  Running img_124.npy ... done (4.37s, 262.46MB)
  Running img_125.npy ... done (4.47s, 363.69MB)
  Running img_126.npy ... done (4.21s, 293.18MB)
  Running img_127.npy ... done (3.80s, 251.95MB)
  Running img_128.npy ... done (4.35s, 282.45MB)
  Running img_129.npy ... done (4.07s, 304.20MB)
  Running img_13.npy ... done (4.12s, 256.63MB)
  Running img_130.npy ... done (4.58s, 276.63MB)
  Running img_131.npy ... done (4.12s, 284.70MB)
  Running img_132.npy ... done (4.27s, 255.21MB)
  Running img_133.npy ... done (4.11s, 270.95MB)
  Running img_134.npy ... done (3.97s, 271.44MB)
  Running img_135.npy ... done (4.47s, 258.59MB)
  Running img_136.npy ... done (4.70s, 271.29MB)
  Running img_137.npy ... done (4.11s, 258.65MB)
  Running img_138.npy ... done (4.53s, 265.56MB)
  Running img_139.npy ... done (4.37s, 327.27MB)
  Running img_14.npy ... done (4.09s, 263.14MB)
  Running img_140.npy ... done (4.25s, 262.67MB)
  Running img_141.npy ... done (4.42s, 282.45MB)
  Running img_142.npy ... done (4.31s, 250.73MB)
  Running img_143.npy ... done (4.39s, 251.60MB)
  Running img_144.npy ... done (4.23s, 332.94MB)
  Running img_145.npy ... done (4.32s, 287.67MB)
  Running img_146.npy ... done (4.71s, 276.18MB)
  Running img_147.npy ... done (4.07s, 336.60MB)
  Running img_148.npy ... done (3.99s, 278.71MB)
  Running img_149.npy ... done (4.54s, 262.16MB)
  Running img_15.npy ... done (4.47s, 273.89MB)
  Running img_150.npy ... done (4.57s, 267.75MB)
  Running img_151.npy ... done (4.37s, 357.77MB)
  Running img_152.npy ... done (4.30s, 288.61MB)
  Running img_153.npy ... done (4.11s, 258.78MB)
  Running img_154.npy ... done (4.40s, 295.09MB)
  Running img_155.npy ... done (4.20s, 297.25MB)
  Running img_156.npy ... done (4.21s, 278.94MB)
  Running img_157.npy ... done (4.32s, 258.61MB)
  Running img_158.npy ... done (4.19s, 362.75MB)
  Running img_159.npy ... done (4.10s, 280.87MB)
  Running img_16.npy ... done (4.58s, 260.55MB)
  Running img_160.npy ... done (4.10s, 355.38MB)
  Running img_161.npy ... done (4.34s, 292.23MB)
  Running img_162.npy ... done (4.67s, 280.64MB)
  Running img_163.npy ... done (4.38s, 338.75MB)
  Running img_164.npy ... done (4.33s, 275.07MB)
  Running img_165.npy ... done (4.26s, 269.07MB)
  Running img_166.npy ... done (4.10s, 356.07MB)
  Running img_167.npy ... done (4.29s, 269.69MB)
  Running img_168.npy ... done (4.51s, 268.19MB)
  Running img_169.npy ... done (4.26s, 315.52MB)
  Running img_17.npy ... done (4.21s, 267.81MB)
  Running img_170.npy ... done (4.77s, 279.95MB)
  Running img_171.npy ... done (3.95s, 302.45MB)
  Running img_172.npy ... done (4.22s, 265.29MB)
  Running img_173.npy ... done (4.56s, 273.11MB)
  Running img_174.npy ... done (3.80s, 250.57MB)
  Running img_175.npy ... done (4.64s, 272.05MB)
  Running img_176.npy ... done (4.24s, 305.26MB)
  Running img_177.npy ... done (4.32s, 261.69MB)
  Running img_178.npy ... done (4.66s, 274.24MB)
  Running img_179.npy ... done (4.07s, 302.54MB)
  Running img_18.npy ... done (4.28s, 264.27MB)
  Running img_180.npy ... done (4.75s, 266.40MB)
  Running img_181.npy ... done (4.22s, 277.58MB)
  Running img_182.npy ... done (4.19s, 251.01MB)
  Running img_183.npy ... done (4.24s, 349.65MB)
  Running img_184.npy ... done (4.37s, 294.08MB)
  Running img_185.npy ... done (3.97s, 265.63MB)
  Running img_186.npy ... done (4.82s, 341.90MB)
  Running img_187.npy ... done (4.42s, 268.23MB)
  Running img_188.npy ... done (4.40s, 273.89MB)
  Running img_189.npy ... done (4.32s, 327.71MB)
  Running img_19.npy ... done (4.32s, 270.66MB)
  Running img_190.npy ... done (4.77s, 274.64MB)
  Running img_191.npy ... done (4.29s, 271.65MB)
  Running img_192.npy ... done (4.87s, 306.63MB)
  Running img_193.npy ... done (3.83s, 290.81MB)
  Running img_194.npy ... done (4.20s, 264.02MB)
  Running img_195.npy ... done (4.10s, 287.39MB)
  Running img_196.npy ... done (4.34s, 274.63MB)
  Running img_197.npy ... done (4.40s, 258.60MB)
  Running img_198.npy ... done (4.13s, 341.06MB)
  Running img_199.npy ... done (4.14s, 273.76MB)
  Running img_2.npy ... done (4.18s, 255.36MB)
  Running img_20.npy ... done (4.07s, 334.26MB)
  Running img_200.npy ... done (4.34s, 287.07MB)
  Running img_201.npy ... done (4.32s, 256.57MB)
  Running img_202.npy ... done (3.86s, 314.91MB)
  Running img_203.npy ... done (3.94s, 268.68MB)
  Running img_204.npy ... done (4.22s, 333.18MB)
  Running img_205.npy ... done (4.12s, 296.85MB)
  Running img_206.npy ... done (4.40s, 253.96MB)
  Running img_207.npy ... done (4.08s, 327.31MB)
  Running img_208.npy ... done (4.15s, 270.93MB)
  Running img_209.npy ... done (4.41s, 260.61MB)
  Running img_21.npy ... done (4.30s, 294.83MB)
  Running img_210.npy ... done (4.34s, 247.32MB)
  Running img_211.npy ... done (4.48s, 278.09MB)
  Running img_212.npy ... done (4.07s, 294.21MB)
  Running img_213.npy ... done (4.35s, 259.16MB)
  Running img_214.npy ... done (3.82s, 284.38MB)
  Running img_215.npy ... done (4.13s, 281.15MB)
  Running img_216.npy ... done (4.22s, 251.40MB)
  Running img_217.npy ... done (4.17s, 287.25MB)
  Running img_218.npy ... done (4.35s, 253.51MB)
  Running img_219.npy ... done (4.25s, 253.73MB)
  Running img_22.npy ... done (4.05s, 288.98MB)
  Running img_220.npy ... done (4.27s, 249.14MB)
  Running img_221.npy ... done (3.91s, 285.63MB)
  Running img_222.npy ... done (4.19s, 315.20MB)
  Running img_223.npy ... done (4.13s, 265.51MB)
  Running img_224.npy ... done (4.25s, 238.45MB)
  Running img_225.npy ... done (4.42s, 316.84MB)
  Running img_226.npy ... done (4.09s, 260.08MB)
  Running img_227.npy ... done (4.21s, 254.25MB)
  Running img_228.npy ... done (4.09s, 350.96MB)
  Running img_229.npy ... done (4.33s, 289.25MB)
  Running img_23.npy ... done (4.60s, 243.34MB)
  Running img_230.npy ... done (4.05s, 324.68MB)
  Running img_231.npy ... done (4.26s, 264.18MB)
  Running img_232.npy ... done (4.19s, 263.55MB)
  Running img_233.npy ... done (3.87s, 327.68MB)
  Running img_234.npy ... done (3.68s, 270.74MB)
  Running img_235.npy ... done (4.10s, 263.55MB)
  Running img_236.npy ... done (3.79s, 303.11MB)
  Running img_237.npy ... done (3.83s, 281.29MB)
  Running img_238.npy ... done (4.34s, 262.36MB)
  Running img_239.npy ... done (4.00s, 332.91MB)
  Running img_24.npy ... done (4.42s, 278.14MB)
  Running img_240.npy ... done (3.83s, 278.28MB)
  Running img_241.npy ... done (3.70s, 266.68MB)
  Running img_242.npy ... done (3.92s, 253.50MB)
  Running img_243.npy ... done (4.57s, 277.46MB)
  Running img_244.npy ... done (4.37s, 259.20MB)
  Running img_245.npy ... done (4.39s, 266.32MB)
  Running img_246.npy ... done (4.52s, 272.71MB)
  Running img_247.npy ... done (4.41s, 282.49MB)
  Running img_248.npy ... done (4.29s, 266.57MB)
  Running img_249.npy ... done (3.91s, 302.61MB)
  Running img_25.npy ... done (3.77s, 255.38MB)
  Running img_250.npy ... done (4.59s, 261.78MB)
  Running img_251.npy ... done (4.19s, 278.15MB)
  Running img_252.npy ... done (3.95s, 261.86MB)
  Running img_253.npy ... done (4.00s, 268.00MB)
  Running img_254.npy ... done (3.94s, 242.34MB)
  Running img_255.npy ... done (4.27s, 265.86MB)
  Running img_256.npy ... done (4.56s, 294.68MB)
  Running img_257.npy ... done (4.22s, 282.34MB)
  Running img_258.npy ... done (4.20s, 261.31MB)
  Running img_259.npy ... done (4.07s, 324.84MB)
  Running img_26.npy ... done (3.96s, 264.18MB)
  Running img_260.npy ... done (4.19s, 266.13MB)
  Running img_261.npy ... done (3.99s, 275.23MB)
  Running img_262.npy ... done (4.44s, 270.73MB)
  Running img_263.npy ... done (4.25s, 276.99MB)
  Running img_264.npy ... done (4.15s, 279.20MB)
  Running img_265.npy ... done (4.03s, 253.50MB)
  Running img_266.npy ... done (4.17s, 323.57MB)
  Running img_267.npy ... done (3.92s, 275.90MB)
  Running img_268.npy ... done (4.21s, 260.72MB)
  Running img_269.npy ... done (3.71s, 257.66MB)
  Running img_27.npy ... done (3.92s, 258.77MB)
  Running img_270.npy ... done (4.45s, 267.28MB)
  Running img_271.npy ... done (4.01s, 259.39MB)
  Running img_272.npy ... done (4.20s, 249.00MB)
  Running img_273.npy ... done (4.25s, 267.86MB)
  Running img_274.npy ... done (4.33s, 262.30MB)
  Running img_275.npy ... done (4.22s, 255.82MB)
  Running img_276.npy ... done (4.16s, 265.38MB)
  Running img_277.npy ... done (3.97s, 261.70MB)
  Running img_278.npy ... done (4.21s, 254.51MB)
  Running img_279.npy ... done (4.20s, 265.95MB)
  Running img_28.npy ... done (4.03s, 254.12MB)
  Running img_280.npy ... done (4.13s, 258.27MB)
  Running img_281.npy ... done (4.36s, 261.43MB)
  Running img_282.npy ... done (4.22s, 260.38MB)
  Running img_283.npy ... done (4.70s, 290.46MB)
  Running img_284.npy ... done (4.23s, 273.96MB)
  Running img_285.npy ... done (3.99s, 264.35MB)
  Running img_286.npy ... done (4.22s, 289.21MB)
  Running img_287.npy ... done (4.01s, 258.74MB)
  Running img_288.npy ... done (4.41s, 258.16MB)
  Running img_289.npy ... done (3.89s, 262.50MB)
  Running img_29.npy ... done (3.67s, 243.52MB)
  Running img_290.npy ... done (4.13s, 248.58MB)
  Running img_291.npy ... done (4.28s, 266.86MB)
  Running img_292.npy ... done (3.63s, 248.02MB)
  Running img_293.npy ... done (4.03s, 269.68MB)
  Running img_294.npy ... done (4.36s, 273.94MB)
  Running img_295.npy ... done (4.35s, 260.53MB)
  Running img_296.npy ... done (4.32s, 275.19MB)
  Running img_297.npy ... done (4.31s, 270.00MB)
  Running img_298.npy ... done (4.16s, 266.25MB)
  Running img_299.npy ... done (3.79s, 265.26MB)
  Running img_3.npy ... done (3.84s, 253.91MB)
  Running img_30.npy ... done (3.96s, 258.41MB)
  Running img_300.npy ... done (3.83s, 266.90MB)
  Running img_301.npy ... done (4.27s, 261.10MB)
  Running img_302.npy ... done (4.38s, 269.91MB)
  Running img_303.npy ... done (3.91s, 288.07MB)
  Running img_304.npy ... done (3.70s, 264.77MB)
  Running img_305.npy ... done (4.54s, 299.05MB)
  Running img_306.npy ... done (3.69s, 269.28MB)
  Running img_307.npy ... done (4.31s, 264.39MB)
  Running img_308.npy ... done (3.84s, 317.03MB)
  Running img_309.npy ... done (4.29s, 266.70MB)
  Running img_31.npy ... done (4.32s, 293.50MB)
  Running img_310.npy ... done (4.16s, 282.63MB)
  Running img_311.npy ... done (4.16s, 287.06MB)
  Running img_312.npy ... done (4.10s, 322.39MB)
  Running img_313.npy ... done (3.59s, 263.72MB)
  Running img_314.npy ... done (4.60s, 279.76MB)
  Running img_315.npy ... done (4.14s, 287.84MB)
  Running img_316.npy ... done (4.13s, 273.63MB)
  Running img_317.npy ... done (4.45s, 326.99MB)
  Running img_318.npy ... done (3.98s, 280.75MB)
  Running img_319.npy ... done (4.43s, 269.48MB)
  Running img_32.npy ... done (3.68s, 325.57MB)
  Running img_320.npy ... done (4.24s, 273.30MB)
  Running img_321.npy ... done (4.32s, 337.49MB)
  Running img_322.npy ... done (4.07s, 278.64MB)
  Running img_323.npy ... done (4.53s, 258.95MB)
  Running img_324.npy ... done (4.16s, 268.67MB)
  Running img_325.npy ... done (4.18s, 283.94MB)
  Running img_326.npy ... done (3.84s, 270.62MB)
  Running img_327.npy ... done (4.08s, 261.76MB)
  Running img_328.npy ... done (3.97s, 334.53MB)
  Running img_329.npy ... done (4.10s, 281.45MB)
  Running img_33.npy ... done (4.45s, 268.00MB)
  Running img_330.npy ... done (3.79s, 288.06MB)
  Running img_331.npy ... done (3.91s, 275.05MB)
  Running img_332.npy ... done (3.81s, 266.20MB)
  Running img_333.npy ... done (3.92s, 266.32MB)
  Running img_334.npy ... done (3.87s, 265.85MB)
  Running img_335.npy ... done (4.47s, 258.57MB)
  Running img_336.npy ... done (3.60s, 264.14MB)
  Running img_337.npy ... done (3.77s, 259.93MB)
  Running img_338.npy ... done (3.84s, 258.77MB)
  Running img_339.npy ... done (3.70s, 251.23MB)
  Running img_34.npy ... done (3.88s, 262.73MB)
  Running img_340.npy ... done (4.09s, 265.38MB)
  Running img_341.npy ... done (3.89s, 247.24MB)
  Running img_342.npy ... done (4.08s, 263.86MB)
  Running img_343.npy ... done (3.39s, 315.58MB)
  Running img_344.npy ... done (4.11s, 267.68MB)
  Running img_345.npy ... done (3.75s, 322.92MB)
  Running img_346.npy ... done (3.63s, 276.72MB)
  Running img_347.npy ... done (4.82s, 268.74MB)
  Running img_348.npy ... done (4.22s, 248.66MB)
  Running img_349.npy ... done (3.71s, 356.97MB)
  Running img_35.npy ... done (3.79s, 271.61MB)
  Running img_350.npy ... done (3.91s, 269.07MB)
  Running img_351.npy ... done (3.85s, 250.14MB)
  Running img_352.npy ... done (4.14s, 267.81MB)
  Running img_353.npy ... done (3.74s, 274.05MB)
  Running img_354.npy ... done (4.02s, 265.87MB)
  Running img_355.npy ... done (3.68s, 291.94MB)
  Running img_356.npy ... done (3.64s, 262.51MB)
  Running img_357.npy ... done (3.62s, 321.83MB)
  Running img_358.npy ... done (3.71s, 250.77MB)
  Running img_359.npy ... done (4.03s, 263.24MB)
  Running img_36.npy ... done (3.81s, 294.14MB)
  Running img_360.npy ... done (4.02s, 253.04MB)
  Running img_361.npy ... done (4.03s, 314.34MB)
  Running img_362.npy ... done (3.54s, 264.16MB)
  Running img_363.npy ... done (3.80s, 277.27MB)
  Running img_364.npy ... done (3.68s, 293.59MB)
  Running img_365.npy ... done (3.97s, 269.16MB)
  Running img_366.npy ... done (3.67s, 322.90MB)
  Running img_367.npy ... done (4.12s, 273.85MB)
  Running img_368.npy ... done (3.97s, 269.99MB)
  Running img_369.npy ... done (3.78s, 269.28MB)
  Running img_37.npy ... done (4.06s, 268.60MB)
  Running img_370.npy ... done (3.78s, 326.93MB)
  Running img_371.npy ... done (3.94s, 250.02MB)
  Running img_372.npy ... done (3.57s, 337.94MB)
  Running img_373.npy ... done (3.83s, 294.55MB)
  Running img_374.npy ... done (3.91s, 261.41MB)
  Running img_375.npy ... done (3.77s, 315.15MB)
  Running img_376.npy ... done (3.73s, 277.63MB)
  Running img_377.npy ... done (3.73s, 271.84MB)
  Running img_378.npy ... done (3.38s, 322.22MB)
  Running img_379.npy ... done (3.85s, 269.82MB)
  Running img_38.npy ... done (4.15s, 305.73MB)
  Running img_380.npy ... done (3.66s, 280.64MB)
  Running img_381.npy ... done (3.75s, 249.23MB)
  Running img_382.npy ... done (3.72s, 353.15MB)
  Running img_383.npy ... done (3.59s, 284.68MB)
  Running img_384.npy ... done (4.03s, 270.61MB)
  Running img_385.npy ... done (3.74s, 260.12MB)
  Running img_386.npy ... done (3.87s, 262.62MB)
  Running img_387.npy ... done (4.19s, 310.97MB)
  Running img_388.npy ... done (3.53s, 274.37MB)
  Running img_389.npy ... done (4.18s, 271.40MB)
  Running img_39.npy ... done (3.52s, 323.36MB)
  Running img_390.npy ... done (3.65s, 258.04MB)
  Running img_391.npy ... done (4.06s, 303.16MB)
  Running img_392.npy ... done (3.46s, 269.75MB)
  Running img_393.npy ... done (4.21s, 275.36MB)
  Running img_394.npy ... done (4.04s, 316.54MB)
  Running img_395.npy ... done (3.91s, 273.52MB)
  Running img_396.npy ... done (3.45s, 292.41MB)
  Running img_397.npy ... done (3.68s, 250.88MB)
  Running img_398.npy ... done (4.26s, 270.05MB)
  Running img_399.npy ... done (3.57s, 261.39MB)
  Running img_4.npy ... done (3.91s, 256.70MB)
  Running img_40.npy ... done (3.46s, 256.96MB)
  Running img_400.npy ... done (4.10s, 259.18MB)
  Running img_401.npy ... done (4.15s, 269.93MB)
  Running img_402.npy ... done (3.68s, 248.93MB)
  Running img_403.npy ... done (3.56s, 253.02MB)
  Running img_404.npy ... done (3.60s, 262.75MB)
  Running img_405.npy ... done (3.98s, 252.38MB)
  Running img_406.npy ... done (3.78s, 258.57MB)
  Running img_407.npy ... done (4.03s, 258.94MB)
  Running img_408.npy ... done (3.98s, 262.28MB)
  Running img_409.npy ... done (3.80s, 268.23MB)
  Running img_41.npy ... done (3.43s, 261.55MB)
  Running img_410.npy ... done (4.14s, 260.76MB)
  Running img_411.npy ... done (3.64s, 260.64MB)
  Running img_412.npy ... done (4.02s, 271.10MB)
  Running img_413.npy ... done (3.48s, 255.58MB)
  Running img_414.npy ... done (3.73s, 254.63MB)
  Running img_415.npy ... done (3.72s, 246.34MB)
  Running img_416.npy ... done (3.69s, 250.46MB)
  Running img_417.npy ... done (3.85s, 255.95MB)
  Running img_418.npy ... done (3.68s, 259.93MB)
  Running img_419.npy ... done (3.33s, 239.96MB)
  Running img_42.npy ... done (4.55s, 264.40MB)
  Running img_420.npy ... done (3.51s, 250.45MB)
  Running img_421.npy ... done (3.64s, 264.04MB)
  Running img_422.npy ... done (3.32s, 245.83MB)
  Running img_423.npy ... done (3.75s, 266.28MB)
  Running img_424.npy ... done (3.42s, 265.64MB)
  Running img_425.npy ... done (3.41s, 262.42MB)
  Running img_426.npy ... done (3.67s, 268.59MB)
  Running img_427.npy ... done (3.64s, 265.88MB)
  Running img_428.npy ... done (3.87s, 268.50MB)
  Running img_429.npy ... done (3.62s, 264.76MB)
  Running img_43.npy ... done (3.78s, 273.69MB)
  Running img_430.npy ... done (3.65s, 268.82MB)
  Running img_431.npy ... done (3.53s, 264.98MB)
  Running img_432.npy ... done (3.77s, 316.67MB)
  Running img_433.npy ... done (3.43s, 250.66MB)
  Running img_434.npy ... done (3.76s, 295.96MB)
  Running img_435.npy ... done (3.63s, 256.74MB)
  Running img_436.npy ... done (3.97s, 265.00MB)
  Running img_437.npy ... done (3.85s, 276.40MB)
  Running img_438.npy ... done (3.70s, 273.80MB)
  Running img_439.npy ... done (3.29s, 314.33MB)
  Running img_44.npy ... done (3.24s, 251.77MB)
  Running img_440.npy ... done (3.65s, 273.80MB)
  Running img_441.npy ... done (3.71s, 261.85MB)
  Running img_442.npy ... done (3.67s, 293.55MB)
  Running img_443.npy ... done (3.47s, 275.46MB)
  Running img_444.npy ... done (3.77s, 268.04MB)
  Running img_445.npy ... done (3.38s, 295.94MB)
  Running img_446.npy ... done (3.84s, 283.72MB)
  Running img_447.npy ... done (3.41s, 266.68MB)
  Running img_448.npy ... done (3.67s, 258.96MB)
  Running img_449.npy ... done (3.80s, 289.86MB)
  Running img_45.npy ... done (3.71s, 259.01MB)
  Running img_450.npy ... done (3.91s, 269.50MB)
  Running img_451.npy ... done (3.49s, 255.00MB)
  Running img_452.npy ... done (4.02s, 278.34MB)
  Running img_453.npy ... done (3.88s, 319.57MB)
  Running img_454.npy ... done (3.44s, 262.86MB)
  Running img_455.npy ... done (4.10s, 279.37MB)
  Running img_456.npy ... done (3.39s, 284.36MB)
  Running img_457.npy ... done (3.68s, 252.23MB)
  Running img_458.npy ... done (4.44s, 315.33MB)
  Running img_459.npy ... done (3.86s, 249.30MB)
  Running img_46.npy ... done (3.79s, 341.43MB)
  Running img_460.npy ... done (3.65s, 271.58MB)
  Running img_461.npy ... done (4.18s, 283.52MB)
  Running img_462.npy ... done (3.47s, 271.72MB)
  Running img_463.npy ... done (3.49s, 248.26MB)
  Running img_464.npy ... done (3.77s, 294.38MB)
  Running img_465.npy ... done (3.39s, 245.81MB)
  Running img_466.npy ... done (3.52s, 255.40MB)
  Running img_467.npy ... done (3.81s, 268.30MB)
  Running img_468.npy ... done (3.61s, 258.69MB)
  Running img_469.npy ... done (3.76s, 276.03MB)
  Running img_47.npy ... done (3.58s, 251.40MB)
  Running img_470.npy ... done (4.29s, 265.08MB)
  Running img_471.npy ... done (3.82s, 265.64MB)
  Running img_472.npy ... done (3.63s, 259.59MB)
  Running img_473.npy ... done (3.40s, 265.46MB)
  Running img_474.npy ... done (3.47s, 237.51MB)
  Running img_475.npy ... done (3.61s, 255.11MB)
  Running img_476.npy ... done (3.70s, 265.43MB)
  Running img_477.npy ... done (3.54s, 258.74MB)
  Running img_478.npy ... done (3.70s, 254.71MB)
  Running img_479.npy ... done (3.75s, 266.04MB)
  Running img_48.npy ... done (3.54s, 255.15MB)
  Running img_480.npy ... done (3.98s, 262.62MB)
  Running img_481.npy ... done (3.44s, 265.96MB)
  Running img_482.npy ... done (3.71s, 252.14MB)
  Running img_483.npy ... done (4.41s, 250.16MB)
  Running img_484.npy ... done (3.39s, 237.80MB)
  Running img_485.npy ... done (3.79s, 265.79MB)
  Running img_486.npy ... done (3.73s, 256.04MB)
  Running img_487.npy ... done (3.32s, 238.60MB)
  Running img_488.npy ... done (3.68s, 271.09MB)
  Running img_489.npy ... done (3.72s, 254.63MB)
  Running img_49.npy ... done (3.53s, 261.05MB)
  Running img_490.npy ... done (3.75s, 265.86MB)
  Running img_491.npy ... done (3.45s, 269.05MB)
  Running img_492.npy ... done (3.78s, 277.93MB)
  Running img_493.npy ... done (3.53s, 246.06MB)
  Running img_494.npy ... done (3.55s, 272.79MB)
  Running img_495.npy ... done (3.51s, 246.31MB)
  Running img_496.npy ... done (4.49s, 255.50MB)
  Running img_497.npy ... done (3.71s, 258.43MB)
  Running img_498.npy ... done (3.62s, 252.44MB)
  Running img_499.npy ... done (3.47s, 249.70MB)
  Running img_5.npy ... done (3.61s, 263.68MB)
  Running img_50.npy ... done (3.25s, 249.22MB)
  Running img_500.npy ... done (3.19s, 246.77MB)
  Running img_501.npy ... done (3.55s, 253.17MB)
  Running img_502.npy ... done (3.50s, 267.73MB)
  Running img_503.npy ... done (3.70s, 251.84MB)
  Running img_504.npy ... done (3.60s, 256.97MB)
  Running img_505.npy ... done (3.32s, 256.23MB)
  Running img_506.npy ... done (3.55s, 273.70MB)
  Running img_507.npy ... done (3.70s, 255.55MB)
  Running img_508.npy ... done (3.82s, 253.14MB)
  Running img_509.npy ... done (3.86s, 256.21MB)
  Running img_51.npy ... done (3.72s, 263.29MB)
  Running img_510.npy ... done (3.55s, 252.18MB)
  Running img_511.npy ... done (3.69s, 253.95MB)
  Running img_512.npy ... done (3.91s, 247.47MB)
  Running img_513.npy ... done (3.42s, 256.32MB)
  Running img_514.npy ... done (3.40s, 255.32MB)
  Running img_515.npy ... done (3.53s, 263.28MB)
  Running img_516.npy ... done (3.68s, 256.55MB)
  Running img_517.npy ... done (3.54s, 254.21MB)
  Running img_518.npy ... done (3.64s, 239.93MB)
  Running img_519.npy ... done (3.51s, 255.32MB)
  Running img_52.npy ... done (3.64s, 253.41MB)
  Running img_520.npy ... done (3.45s, 315.38MB)
  Running img_521.npy ... done (3.67s, 256.26MB)
  Running img_522.npy ... done (3.74s, 278.36MB)
  Running img_523.npy ... done (3.45s, 253.63MB)
  Running img_524.npy ... done (3.69s, 257.25MB)
  Running img_525.npy ... done (3.49s, 267.14MB)
  Running img_526.npy ... done (3.62s, 255.90MB)
  Running img_527.npy ... done (3.36s, 302.17MB)
  Running img_528.npy ... done (3.24s, 253.93MB)
  Running img_529.npy ... done (3.56s, 264.46MB)
  Running img_53.npy ... done (3.43s, 270.96MB)
  Running img_530.npy ... done (3.66s, 264.81MB)
  Running img_531.npy ... done (3.55s, 295.75MB)
  Running img_532.npy ... done (3.55s, 253.28MB)
  Running img_533.npy ... done (3.27s, 301.46MB)
  Running img_534.npy ... done (4.74s, 281.02MB)
  Running img_535.npy ... done (3.74s, 287.27MB)
  Running img_536.npy ... done (3.53s, 280.36MB)
  Running img_537.npy ... done (3.71s, 237.03MB)
  Running img_538.npy ... done (3.60s, 285.72MB)
  Running img_539.npy ... done (3.62s, 246.93MB)
  Running img_54.npy ... done (3.53s, 241.56MB)
  Running img_540.npy ... done (3.71s, 275.13MB)
  Running img_541.npy ... done (3.68s, 245.35MB)
  Running img_542.npy ... done (3.45s, 285.23MB)
  Running img_543.npy ... done (3.94s, 248.91MB)
  Running img_544.npy ... done (3.69s, 264.66MB)
  Running img_545.npy ... done (3.70s, 262.64MB)
  Running img_546.npy ... done (3.79s, 244.95MB)
  Running img_547.npy ... done (4.21s, 264.43MB)
  Running img_548.npy ... done (3.92s, 250.34MB)
  Running img_549.npy ... done (3.61s, 279.68MB)
  Running img_55.npy ... done (3.99s, 262.39MB)
  Running img_550.npy ... done (3.54s, 237.77MB)
  Running img_551.npy ... done (3.25s, 245.92MB)
  Running img_552.npy ... done (3.63s, 275.55MB)
  Running img_553.npy ... done (3.61s, 241.27MB)
  Running img_554.npy ... done (3.51s, 263.38MB)
  Running img_555.npy ... done (3.66s, 280.47MB)
  Running img_556.npy ... done (4.18s, 262.63MB)
  Running img_557.npy ... done (3.51s, 254.79MB)
  Running img_558.npy ... done (4.04s, 266.83MB)
  Running img_559.npy ... done (3.37s, 251.11MB)
  Running img_56.npy ... done (3.98s, 271.38MB)
  Running img_560.npy ... done (3.32s, 238.52MB)
  Running img_561.npy ... done (3.75s, 279.91MB)
  Running img_562.npy ... done (3.45s, 254.06MB)
  Running img_563.npy ... done (3.36s, 249.93MB)
  Running img_564.npy ... done (3.14s, 257.12MB)
  Running img_565.npy ... done (3.50s, 248.60MB)
  Running img_566.npy ... done (3.26s, 254.83MB)
  Running img_567.npy ... done (3.43s, 239.29MB)
  Running img_568.npy ... done (3.58s, 258.16MB)
  Running img_569.npy ... done (3.37s, 252.80MB)
  Running img_57.npy ... done (3.51s, 259.96MB)
  Running img_570.npy ... done (3.38s, 252.38MB)
  Running img_571.npy ... done (3.39s, 265.33MB)
  Running img_572.npy ... done (4.20s, 252.54MB)
  Running img_573.npy ... done (3.73s, 280.74MB)
  Running img_574.npy ... done (3.30s, 262.52MB)
  Running img_575.npy ... done (3.31s, 282.69MB)
  Running img_576.npy ... done (3.44s, 249.44MB)
  Running img_577.npy ... done (3.29s, 287.81MB)
  Running img_578.npy ... done (3.25s, 265.20MB)
  Running img_579.npy ... done (3.72s, 259.36MB)
  Running img_58.npy ... done (3.26s, 277.05MB)
  Running img_580.npy ... done (3.83s, 245.77MB)
  Running img_581.npy ... done (3.30s, 291.22MB)
  Running img_582.npy ... done (3.70s, 264.96MB)
  Running img_583.npy ... done (3.57s, 252.99MB)
  Running img_584.npy ... done (3.54s, 297.67MB)
  Running img_585.npy ... done (3.70s, 244.61MB)
  Running img_586.npy ... done (4.45s, 262.95MB)
  Running img_587.npy ... done (3.65s, 252.15MB)
  Running img_588.npy ... done (3.54s, 255.28MB)
  Running img_589.npy ... done (3.79s, 275.88MB)
  Running img_59.npy ... done (3.75s, 257.75MB)
  Running img_590.npy ... done (3.52s, 282.13MB)
  Running img_591.npy ... done (3.69s, 255.73MB)
  Running img_592.npy ... done (3.80s, 280.38MB)
  Running img_593.npy ... done (3.56s, 266.94MB)
  Running img_594.npy ... done (3.66s, 249.75MB)
  Running img_595.npy ... done (3.54s, 299.98MB)
  Running img_596.npy ... done (3.78s, 266.11MB)
  Running img_597.npy ... done (3.57s, 246.51MB)
  Running img_598.npy ... done (3.70s, 279.18MB)
  Running img_599.npy ... done (4.38s, 250.95MB)
  Running img_6.npy ... done (3.42s, 327.45MB)
  Running img_60.npy ... done (3.59s, 246.87MB)
  Running img_600.npy ... done (3.78s, 251.39MB)
  Running img_601.npy ... done (3.67s, 274.02MB)
  Running img_602.npy ... done (3.42s, 257.57MB)
  Running img_603.npy ... done (3.14s, 335.48MB)
  Running img_604.npy ... done (3.61s, 278.37MB)
  Running img_605.npy ... done (3.64s, 259.50MB)
  Running img_606.npy ... done (3.42s, 333.20MB)
  Running img_607.npy ... done (3.63s, 274.85MB)
  Running img_608.npy ... done (4.12s, 267.53MB)
  Running img_609.npy ... done (3.58s, 283.29MB)
  Running img_61.npy ... done (3.92s, 271.37MB)
  Running img_610.npy ... done (4.41s, 314.18MB)
  Running img_611.npy ... done (3.52s, 258.52MB)
  Running img_612.npy ... done (3.74s, 330.67MB)
  Running img_613.npy ... done (3.52s, 257.10MB)
  Running img_614.npy ... done (3.65s, 255.45MB)
  Running img_615.npy ... done (3.62s, 257.30MB)
  Running img_616.npy ... done (3.58s, 255.69MB)
  Running img_617.npy ... done (3.72s, 265.75MB)
  Running img_618.npy ... done (3.59s, 270.47MB)
  Running img_619.npy ... done (3.97s, 269.73MB)
  Running img_62.npy ... done (3.46s, 333.96MB)
  Running img_620.npy ... done (3.62s, 252.06MB)
  Running img_621.npy ... done (3.79s, 265.02MB)
  Running img_622.npy ... done (3.61s, 270.68MB)
  Running img_623.npy ... done (4.29s, 264.30MB)
  Running img_624.npy ... done (3.75s, 280.72MB)
  Running img_625.npy ... done (3.95s, 268.58MB)
  Running img_626.npy ... done (3.59s, 279.88MB)
  Running img_627.npy ... done (3.65s, 265.32MB)
  Running img_628.npy ... done (3.47s, 258.94MB)
  Running img_629.npy ... done (3.73s, 275.42MB)
  Running img_63.npy ... done (3.65s, 260.78MB)
  Running img_630.npy ... done (3.31s, 260.93MB)
  Running img_631.npy ... done (3.51s, 266.63MB)
  Running img_632.npy ... done (3.20s, 253.91MB)
  Running img_633.npy ... done (3.48s, 258.68MB)
  Running img_634.npy ... done (3.57s, 267.28MB)
  Running img_635.npy ... done (3.32s, 256.29MB)
  Running img_636.npy ... done (4.70s, 268.05MB)
  Running img_637.npy ... done (3.21s, 264.02MB)
  Running img_638.npy ... done (3.48s, 251.62MB)
  Running img_639.npy ... done (3.44s, 262.04MB)
  Running img_64.npy ... done (3.37s, 262.41MB)
  Running img_640.npy ... done (3.42s, 264.25MB)
  Running img_641.npy ... done (3.41s, 266.52MB)
  Running img_642.npy ... done (3.62s, 269.27MB)
  Running img_643.npy ... done (3.28s, 260.46MB)
  Running img_644.npy ... done (3.37s, 254.89MB)
  Running img_645.npy ... done (3.41s, 261.69MB)
  Running img_646.npy ... done (3.27s, 249.91MB)
  Running img_647.npy ... done (3.68s, 271.14MB)
  Running img_648.npy ... done (3.45s, 246.94MB)
  Running img_649.npy ... done (3.65s, 238.14MB)
  Running img_65.npy ... done (4.01s, 242.73MB)
  Running img_650.npy ... done (3.34s, 250.49MB)
  Running img_651.npy ... done (3.20s, 241.43MB)
  Running img_652.npy ... done (3.57s, 261.20MB)
  Running img_653.npy ... done (3.06s, 259.79MB)
  Running img_654.npy ... done (3.41s, 266.45MB)
  Running img_655.npy ... done (3.23s, 261.52MB)
  Running img_656.npy ... done (3.27s, 257.41MB)
  Running img_657.npy ... done (3.35s, 263.58MB)
  Running img_658.npy ... done (3.08s, 242.84MB)
  Running img_659.npy ... done (3.29s, 252.15MB)
  Running img_66.npy ... done (3.44s, 264.12MB)
  Running img_660.npy ... done (3.25s, 255.47MB)
  Running img_661.npy ... done (3.45s, 245.09MB)
  Running img_662.npy ... done (3.49s, 268.52MB)
  Running img_663.npy ... done (3.46s, 278.81MB)
  Running img_664.npy ... done (3.36s, 267.82MB)
  Running img_665.npy ... done (3.44s, 268.68MB)
  Running img_666.npy ... done (3.44s, 273.59MB)
  Running img_667.npy ... done (3.56s, 262.36MB)
  Running img_668.npy ... done (3.47s, 257.34MB)
  Running img_669.npy ... done (3.68s, 253.46MB)
  Running img_67.npy ... done (3.60s, 266.92MB)
  Running img_670.npy ... done (3.44s, 266.68MB)
  Running img_671.npy ... done (3.31s, 267.48MB)
  Running img_672.npy ... done (3.61s, 260.29MB)
  Running img_673.npy ... done (3.91s, 269.46MB)
  Running img_674.npy ... done (3.59s, 301.72MB)
  Running img_675.npy ... done (3.51s, 251.53MB)
  Running img_676.npy ... done (3.67s, 259.63MB)
  Running img_677.npy ... done (3.95s, 269.38MB)
  Running img_678.npy ... done (3.60s, 271.40MB)
  Running img_679.npy ... done (3.80s, 272.86MB)
  Running img_68.npy ... done (3.60s, 355.75MB)
  Running img_680.npy ... done (3.25s, 293.29MB)
  Running img_681.npy ... done (3.76s, 263.14MB)
  Running img_682.npy ... done (3.50s, 351.16MB)
  Running img_683.npy ... done (3.65s, 257.52MB)
  Running img_684.npy ... done (3.51s, 263.66MB)
  Running img_685.npy ... done (3.62s, 259.38MB)
  Running img_686.npy ... done (3.23s, 252.48MB)
  Running img_687.npy ... done (3.65s, 254.41MB)
  Running img_688.npy ... done (3.35s, 274.93MB)
  Running img_689.npy ... done (3.50s, 260.50MB)
  Running img_69.npy ... done (4.68s, 260.11MB)
  Running img_690.npy ... done (3.61s, 257.38MB)
  Running img_691.npy ... done (3.66s, 254.83MB)
  Running img_692.npy ... done (3.63s, 260.12MB)
  Running img_693.npy ... done (3.30s, 248.77MB)
  Running img_694.npy ... done (3.76s, 270.83MB)
  Running img_695.npy ... done (3.48s, 283.07MB)
  Running img_696.npy ... done (3.43s, 256.42MB)
  Running img_697.npy ... done (3.79s, 262.30MB)
  Running img_698.npy ... done (3.21s, 266.25MB)
  Running img_699.npy ... done (3.73s, 262.32MB)
  Running img_7.npy ... done (3.53s, 337.04MB)
  Running img_70.npy ... done (3.37s, 291.68MB)
  Running img_700.npy ... done (3.62s, 262.98MB)
  Running img_701.npy ... done (5.33s, 272.19MB)
  Running img_702.npy ... done (3.92s, 276.93MB)
  Running img_703.npy ... done (3.23s, 317.34MB)
  Running img_704.npy ... done (3.61s, 258.12MB)
  Running img_705.npy ... done (3.62s, 258.33MB)
  Running img_706.npy ... done (3.41s, 262.50MB)
  Running img_707.npy ... done (3.92s, 263.29MB)
  Running img_708.npy ... done (3.63s, 261.81MB)
  Running img_709.npy ... done (3.48s, 250.74MB)
  Running img_71.npy ... done (3.34s, 258.16MB)
  Running img_710.npy ... done (4.03s, 253.96MB)
  Running img_711.npy ... done (3.49s, 240.03MB)
  Running img_712.npy ... done (3.41s, 247.00MB)
  Running img_713.npy ... done (3.50s, 245.70MB)
  Running img_714.npy ... done (3.57s, 261.95MB)
  Running img_715.npy ... done (3.74s, 245.14MB)
  Running img_716.npy ... done (3.36s, 248.01MB)
  Running img_717.npy ... done (3.57s, 261.58MB)
  Running img_718.npy ... done (3.45s, 290.86MB)
  Running img_719.npy ... done (3.51s, 250.97MB)
  Running img_72.npy ... done (3.76s, 275.33MB)
  Running img_720.npy ... done (3.28s, 293.79MB)
  Running img_721.npy ... done (3.27s, 261.92MB)
  Running img_722.npy ... done (3.83s, 276.17MB)
  Running img_723.npy ... done (3.53s, 296.74MB)
  Running img_724.npy ... done (3.48s, 254.16MB)
  Running img_725.npy ... done (3.90s, 267.77MB)
  Running img_726.npy ... done (3.21s, 297.82MB)
  Running img_727.npy ... done (3.92s, 268.75MB)
  Running img_728.npy ... done (3.20s, 350.40MB)
  Running img_729.npy ... done (3.36s, 259.77MB)
  Running img_73.npy ... done (3.49s, 266.21MB)
  Running img_730.npy ... done (3.93s, 269.81MB)
  Running img_731.npy ... done (3.24s, 284.15MB)
  Running img_732.npy ... done (3.67s, 257.44MB)
  Running img_733.npy ... done (3.97s, 286.69MB)
  Running img_734.npy ... done (3.52s, 290.23MB)
  Running img_735.npy ... done (4.08s, 264.31MB)
  Running img_736.npy ... done (3.49s, 301.32MB)
  Running img_737.npy ... done (3.68s, 266.71MB)
  Running img_738.npy ... done (3.86s, 260.23MB)
  Running img_739.npy ... done (3.58s, 286.23MB)
  Running img_74.npy ... done (3.64s, 254.49MB)
  Running img_740.npy ... done (3.53s, 332.73MB)
  Running img_741.npy ... done (3.17s, 281.21MB)
  Running img_742.npy ... done (3.61s, 265.72MB)
  Running img_743.npy ... done (4.49s, 277.54MB)
  Running img_744.npy ... done (3.77s, 264.04MB)
  Running img_745.npy ... done (3.73s, 276.28MB)
  Running img_746.npy ... done (3.49s, 248.44MB)
  Running img_747.npy ... done (4.00s, 261.46MB)
  Running img_748.npy ... done (3.90s, 348.48MB)
  Running img_749.npy ... done (3.54s, 288.46MB)
  Running img_75.npy ... done (3.77s, 279.64MB)
  Running img_750.npy ... done (3.47s, 318.77MB)
  Running img_751.npy ... done (4.07s, 250.05MB)
  Running img_752.npy ... done (3.45s, 268.51MB)
  Running img_753.npy ... done (3.66s, 272.61MB)
  Running img_754.npy ... done (3.97s, 268.34MB)
  Running img_755.npy ... done (3.38s, 285.81MB)
  Running img_756.npy ... done (3.51s, 262.07MB)
  Running img_757.npy ... done (3.93s, 260.17MB)
  Running img_758.npy ... done (3.33s, 259.87MB)
  Running img_759.npy ... done (3.74s, 266.80MB)
  Running img_76.npy ... done (3.86s, 276.60MB)
  Running img_760.npy ... done (3.82s, 272.02MB)
  Running img_761.npy ... done (3.53s, 260.77MB)
  Running img_762.npy ... done (3.15s, 243.93MB)
  Running img_763.npy ... done (3.56s, 258.71MB)
  Running img_764.npy ... done (3.68s, 260.59MB)
  Running img_765.npy ... done (3.38s, 258.05MB)
  Running img_766.npy ... done (3.60s, 253.01MB)
  Running img_767.npy ... done (3.83s, 271.57MB)
  Running img_768.npy ... done (3.25s, 288.89MB)
  Running img_769.npy ... done (3.27s, 244.29MB)
  Running img_77.npy ... done (3.80s, 266.55MB)
  Running img_770.npy ... done (3.63s, 280.68MB)
  Running img_771.npy ... done (3.57s, 259.16MB)
  Running img_772.npy ... done (3.29s, 258.87MB)
  Running img_773.npy ... done (3.64s, 252.39MB)
  Running img_774.npy ... done (3.82s, 269.90MB)
  Running img_775.npy ... done (3.69s, 271.43MB)
  Running img_776.npy ... done (3.43s, 267.50MB)
  Running img_777.npy ... done (3.36s, 251.35MB)
  Running img_778.npy ... done (3.32s, 261.88MB)
  Running img_779.npy ... done (3.61s, 246.09MB)
  Running img_78.npy ... done (3.58s, 257.47MB)
  Running img_780.npy ... done (3.59s, 252.34MB)
  Running img_781.npy ... done (3.57s, 258.55MB)
  Running img_782.npy ... done (3.29s, 249.35MB)
  Running img_783.npy ... done (3.24s, 260.23MB)
  Running img_784.npy ... done (3.55s, 260.35MB)
  Running img_785.npy ... done (3.41s, 260.92MB)
  Running img_786.npy ... done (3.31s, 253.61MB)
  Running img_787.npy ... done (3.71s, 267.00MB)
  Running img_788.npy ... done (3.99s, 251.28MB)
  Running img_789.npy ... done (3.55s, 250.70MB)
  Running img_79.npy ... done (3.77s, 267.41MB)
  Running img_790.npy ... done (3.72s, 264.22MB)
  Running img_791.npy ... done (3.56s, 251.33MB)
  Running img_792.npy ... done (3.46s, 260.84MB)
  Running img_793.npy ... done (3.59s, 265.29MB)
  Running img_794.npy ... done (3.68s, 269.09MB)
  Running img_795.npy ... done (3.41s, 273.52MB)
  Running img_796.npy ... done (3.58s, 252.57MB)
  Running img_797.npy ... done (3.87s, 236.17MB)
  Running img_798.npy ... done (3.76s, 263.08MB)
  Running img_799.npy ... done (2.98s, 256.68MB)
  Running img_8.npy ... done (3.47s, 246.55MB)
  Running img_80.npy ... done (3.86s, 272.30MB)
  Running img_81.npy ... done (3.25s, 255.82MB)
  Running img_82.npy ... done (3.57s, 257.02MB)
  Running img_83.npy ... done (3.54s, 258.00MB)
  Running img_84.npy ... done (3.57s, 265.67MB)
  Running img_85.npy ... done (3.79s, 274.24MB)
  Running img_86.npy ... done (3.31s, 254.34MB)
  Running img_87.npy ... done (3.59s, 259.10MB)
  Running img_88.npy ... done (3.72s, 265.36MB)
  Running img_89.npy ... done (3.57s, 254.76MB)
  Running img_9.npy ... done (3.48s, 281.09MB)
  Running img_90.npy ... done (3.67s, 270.77MB)
  Running img_91.npy ... done (3.96s, 261.86MB)
  Running img_92.npy ... done (3.49s, 271.80MB)
  Running img_93.npy ... done (3.70s, 267.35MB)
  Running img_94.npy ... done (3.46s, 243.58MB)
  Running img_95.npy ... done (3.38s, 276.61MB)
  Running img_96.npy ... done (3.68s, 251.60MB)
  Running img_97.npy ... done (3.81s, 253.43MB)
  Running img_98.npy ... done (3.58s, 258.62MB)
  Running img_99.npy ... done (3.92s, 270.16MB)

Results saved into results/ttk/div2k/dim1.csv
