[Tue Nov  4 22:33:19 CET 2025] Running METHOD=ripser, DATASET=div2k, DIM=0
Saving to results/ripser/div2k/dim0.csv
Running ripser on datasets/div2k_npy (maxdim=0)...
  Running img_0.npy ... done (10.57s, 1223.76MB)
  Running img_1.npy ... done (9.88s, 1224.11MB)
  Running img_10.npy ... done (9.72s, 1223.85MB)
  Running img_100.npy ... done (9.00s, 1223.88MB)
  Running img_101.npy ... done (9.47s, 1223.30MB)
  Running img_102.npy ... done (9.68s, 1223.97MB)
  Running img_103.npy ... done (9.76s, 1224.03MB)
  Running img_104.npy ... done (8.94s, 1223.57MB)
  Running img_105.npy ... done (9.21s, 1226.73MB)
  Running img_106.npy ... done (9.35s, 1223.59MB)
  Running img_107.npy ... done (9.76s, 1224.01MB)
  Running img_108.npy ... done (9.04s, 1223.52MB)
  Running img_109.npy ... done (9.04s, 1223.74MB)
  Running img_11.npy ... done (9.15s, 1224.00MB)
  Running img_110.npy ... done (9.56s, 1223.76MB)
  Running img_111.npy ... done (9.21s, 1223.72MB)
  Running img_112.npy ... done (9.03s, 1224.16MB)
  Running img_113.npy ... done (8.97s, 1223.63MB)
  Running img_114.npy ... done (8.69s, 1223.59MB)
  Running img_115.npy ... done (8.90s, 1224.02MB)
  Running img_116.npy ... done (8.82s, 1223.70MB)
  Running img_117.npy ... done (9.15s, 1223.00MB)
  Running img_118.npy ... done (8.99s, 1223.93MB)
  Running img_119.npy ... done (9.27s, 1222.71MB)
  Running img_12.npy ... done (9.52s, 1223.82MB)
  Running img_120.npy ... done (8.68s, 1223.70MB)
  Running img_121.npy ... done (9.37s, 1223.82MB)
  Running img_122.npy ... done (9.28s, 1223.61MB)
  Running img_123.npy ... done (9.16s, 1223.65MB)
  Running img_124.npy ... done (8.91s, 1224.17MB)
  Running img_125.npy ... done (9.92s, 1223.72MB)
  Running img_126.npy ... done (9.51s, 1228.05MB)
  Running img_127.npy ... done (9.43s, 1224.05MB)
  Running img_128.npy ... done (9.54s, 1223.71MB)
  Running img_129.npy ... done (9.06s, 1223.98MB)
  Running img_13.npy ... done (9.85s, 1223.52MB)
  Running img_130.npy ... done (9.24s, 1223.72MB)
  Running img_131.npy ... done (9.56s, 1223.96MB)
  Running img_132.npy ... done (9.40s, 1223.34MB)
  Running img_133.npy ... done (9.24s, 1223.68MB)
  Running img_134.npy ... done (9.21s, 1223.75MB)
  Running img_135.npy ... done (9.54s, 1223.88MB)
  Running img_136.npy ... done (9.36s, 1223.90MB)
  Running img_137.npy ... done (8.88s, 1223.57MB)
  Running img_138.npy ... done (9.21s, 1223.78MB)
  Running img_139.npy ... done (9.68s, 1224.04MB)
  Running img_14.npy ... done (9.14s, 1223.77MB)
  Running img_140.npy ... done (9.33s, 1224.02MB)
  Running img_141.npy ... done (9.50s, 1223.92MB)
  Running img_142.npy ... done (8.93s, 1223.83MB)
  Running img_143.npy ... done (9.12s, 1223.82MB)
  Running img_144.npy ... done (8.81s, 1224.04MB)
  Running img_145.npy ... done (9.70s, 1223.64MB)
  Running img_146.npy ... done (8.99s, 1223.77MB)
  Running img_147.npy ... done (9.17s, 1223.74MB)
  Running img_148.npy ... done (8.79s, 1223.76MB)
  Running img_149.npy ... done (9.16s, 1223.29MB)
  Running img_15.npy ... done (9.35s, 1223.82MB)
  Running img_150.npy ... done (9.20s, 1223.53MB)
  Running img_151.npy ... done (8.98s, 1223.53MB)
  Running img_152.npy ... done (9.19s, 1223.97MB)
  Running img_153.npy ... done (9.44s, 1223.55MB)
  Running img_154.npy ... done (8.68s, 1223.77MB)
  Running img_155.npy ... done (9.14s, 1223.60MB)
  Running img_156.npy ... done (9.45s, 1223.54MB)
  Running img_157.npy ... done (9.58s, 1223.42MB)
  Running img_158.npy ... done (9.25s, 1223.93MB)
  Running img_159.npy ... done (9.73s, 1224.00MB)
  Running img_16.npy ... done (9.37s, 1223.67MB)
  Running img_160.npy ... done (8.91s, 1223.52MB)
  Running img_161.npy ... done (8.46s, 1223.70MB)
  Running img_162.npy ... done (9.43s, 1223.44MB)
  Running img_163.npy ... done (9.14s, 1223.82MB)
  Running img_164.npy ... done (8.87s, 1223.74MB)
  Running img_165.npy ... done (10.00s, 1226.35MB)
  Running img_166.npy ... done (9.52s, 1223.73MB)
  Running img_167.npy ... done (9.36s, 1223.85MB)
  Running img_168.npy ... done (9.13s, 1223.20MB)
  Running img_169.npy ... done (8.91s, 1222.75MB)
  Running img_17.npy ... done (8.85s, 1223.64MB)
  Running img_170.npy ... done (9.51s, 1223.88MB)
  Running img_171.npy ... done (8.94s, 1223.59MB)
  Running img_172.npy ... done (8.89s, 1223.65MB)
  Running img_173.npy ... done (9.32s, 1223.70MB)
  Running img_174.npy ... done (8.91s, 1225.94MB)
  Running img_175.npy ... done (8.93s, 1223.77MB)
  Running img_176.npy ... done (9.28s, 1223.88MB)
  Running img_177.npy ... done (8.91s, 1223.59MB)
  Running img_178.npy ... done (9.35s, 1223.80MB)
  Running img_179.npy ... done (9.27s, 1223.88MB)
  Running img_18.npy ... done (9.06s, 1223.79MB)
  Running img_180.npy ... done (9.58s, 1223.37MB)
  Running img_181.npy ... done (8.65s, 1223.60MB)
  Running img_182.npy ... done (9.24s, 1223.95MB)
  Running img_183.npy ... done (9.30s, 1223.80MB)
  Running img_184.npy ... done (9.25s, 1223.68MB)
  Running img_185.npy ... done (9.60s, 1223.65MB)
  Running img_186.npy ... done (9.69s, 1223.60MB)
  Running img_187.npy ... done (8.95s, 1223.82MB)
  Running img_188.npy ... done (9.33s, 1223.62MB)
  Running img_189.npy ... done (8.95s, 1223.56MB)
  Running img_19.npy ... done (9.07s, 1223.50MB)
  Running img_190.npy ... done (8.73s, 1223.60MB)
  Running img_191.npy ... done (8.82s, 1223.42MB)
  Running img_192.npy ... done (9.16s, 1223.93MB)
  Running img_193.npy ... done (8.91s, 1223.40MB)
  Running img_194.npy ... done (8.57s, 1223.94MB)
  Running img_195.npy ... done (9.05s, 1223.78MB)
  Running img_196.npy ... done (8.71s, 1223.53MB)
  Running img_197.npy ... done (8.63s, 1224.07MB)
  Running img_198.npy ... done (9.34s, 1223.60MB)
  Running img_199.npy ... done (8.93s, 1223.48MB)
  Running img_2.npy ... done (8.95s, 1223.89MB)
  Running img_20.npy ... done (8.63s, 1223.68MB)
  Running img_200.npy ... done (9.32s, 1223.81MB)
  Running img_201.npy ... done (8.84s, 1223.98MB)
  Running img_202.npy ... done (8.69s, 1223.68MB)
  Running img_203.npy ... done (8.10s, 1223.58MB)
  Running img_204.npy ... done (8.73s, 1223.90MB)
  Running img_205.npy ... done (8.24s, 1222.89MB)
  Running img_206.npy ... done (9.19s, 1223.84MB)
  Running img_207.npy ... done (8.39s, 1223.59MB)
  Running img_208.npy ... done (8.40s, 1223.93MB)
  Running img_209.npy ... done (8.11s, 1225.21MB)
  Running img_21.npy ... done (8.76s, 1223.52MB)
  Running img_210.npy ... done (8.22s, 1223.16MB)
  Running img_211.npy ... done (8.06s, 1223.43MB)
  Running img_212.npy ... done (8.96s, 1223.85MB)
  Running img_213.npy ... done (8.00s, 1223.58MB)
  Running img_214.npy ... done (8.50s, 1223.84MB)
  Running img_215.npy ... done (8.58s, 1223.29MB)
  Running img_216.npy ... done (8.13s, 1223.72MB)
  Running img_217.npy ... done (8.53s, 1224.02MB)
  Running img_218.npy ... done (8.73s, 1223.96MB)
  Running img_219.npy ... done (8.44s, 1223.68MB)
  Running img_22.npy ... done (8.20s, 1223.54MB)
  Running img_220.npy ... done (8.56s, 1223.90MB)
  Running img_221.npy ... done (8.17s, 1223.87MB)
  Running img_222.npy ... done (8.47s, 1223.96MB)
  Running img_223.npy ... done (8.07s, 1223.91MB)
  Running img_224.npy ... done (8.16s, 1223.51MB)
  Running img_225.npy ... done (8.32s, 1223.62MB)
  Running img_226.npy ... done (8.03s, 1223.89MB)
  Running img_227.npy ... done (8.77s, 1223.66MB)
  Running img_228.npy ... done (8.25s, 1223.93MB)
  Running img_229.npy ... done (8.79s, 1223.54MB)
  Running img_23.npy ... done (8.83s, 1223.75MB)
  Running img_230.npy ... done (8.39s, 1224.00MB)
  Running img_231.npy ... done (8.59s, 1223.61MB)
  Running img_232.npy ... done (8.68s, 1223.54MB)
  Running img_233.npy ... done (8.72s, 1223.44MB)
  Running img_234.npy ... done (8.16s, 1223.93MB)
  Running img_235.npy ... done (8.52s, 1224.05MB)
  Running img_236.npy ... done (8.21s, 1223.95MB)
  Running img_237.npy ... done (8.34s, 1223.39MB)
  Running img_238.npy ... done (8.65s, 1223.83MB)
  Running img_239.npy ... done (8.67s, 1223.75MB)
  Running img_24.npy ... done (8.84s, 1224.00MB)
  Running img_240.npy ... done (7.72s, 1223.86MB)
  Running img_241.npy ... done (8.65s, 1223.71MB)
  Running img_242.npy ... done (8.68s, 1223.99MB)
  Running img_243.npy ... done (8.25s, 1223.50MB)
  Running img_244.npy ... done (7.98s, 1223.85MB)
  Running img_245.npy ... done (8.51s, 1223.77MB)
  Running img_246.npy ... done (7.78s, 1223.88MB)
  Running img_247.npy ... done (7.88s, 1223.82MB)
  Running img_248.npy ... done (7.97s, 1223.38MB)
  Running img_249.npy ... done (8.02s, 1223.66MB)
  Running img_25.npy ... done (8.14s, 1223.66MB)
  Running img_250.npy ... done (8.21s, 1223.61MB)
  Running img_251.npy ... done (7.91s, 1223.22MB)
  Running img_252.npy ... done (8.01s, 1223.63MB)
  Running img_253.npy ... done (8.26s, 1227.41MB)
  Running img_254.npy ... done (8.20s, 1223.53MB)
  Running img_255.npy ... done (8.25s, 1223.99MB)
  Running img_256.npy ... done (7.88s, 1224.00MB)
  Running img_257.npy ... done (8.44s, 1223.63MB)
  Running img_258.npy ... done (7.93s, 1223.81MB)
  Running img_259.npy ... done (8.36s, 1223.53MB)
  Running img_26.npy ... done (8.08s, 1223.84MB)
  Running img_260.npy ... done (8.21s, 1223.87MB)
  Running img_261.npy ... done (8.24s, 1223.83MB)
  Running img_262.npy ... done (9.72s, 1223.53MB)
  Running img_263.npy ... done (7.87s, 1223.79MB)
  Running img_264.npy ... done (8.95s, 1223.75MB)
  Running img_265.npy ... done (8.20s, 1223.95MB)
  Running img_266.npy ... done (7.72s, 1223.71MB)
  Running img_267.npy ... done (7.96s, 1224.11MB)
  Running img_268.npy ... done (8.95s, 1223.47MB)
  Running img_269.npy ... done (8.43s, 1227.12MB)
  Running img_27.npy ... done (8.32s, 1223.68MB)
  Running img_270.npy ... done (8.34s, 1223.78MB)
  Running img_271.npy ... done (8.53s, 1223.89MB)
  Running img_272.npy ... done (8.62s, 1223.83MB)
  Running img_273.npy ... done (9.22s, 1223.80MB)
  Running img_274.npy ... done (8.27s, 1223.99MB)
  Running img_275.npy ... done (8.18s, 1223.77MB)
  Running img_276.npy ... done (8.23s, 1226.32MB)
  Running img_277.npy ... done (8.15s, 1224.16MB)
  Running img_278.npy ... done (8.49s, 1223.97MB)
  Running img_279.npy ... done (8.65s, 1223.88MB)
  Running img_28.npy ... done (9.03s, 1223.81MB)
  Running img_280.npy ... done (8.57s, 1223.62MB)
  Running img_281.npy ... done (7.68s, 1224.02MB)
  Running img_282.npy ... done (7.67s, 1224.15MB)
  Running img_283.npy ... done (8.09s, 1223.53MB)
  Running img_284.npy ... done (8.25s, 1223.73MB)
  Running img_285.npy ... done (8.20s, 1223.88MB)
  Running img_286.npy ... done (8.10s, 1223.46MB)
  Running img_287.npy ... done (8.06s, 1224.01MB)
  Running img_288.npy ... done (7.67s, 1223.98MB)
  Running img_289.npy ... done (8.59s, 1223.10MB)
  Running img_29.npy ... done (7.91s, 1223.98MB)
  Running img_290.npy ... done (8.40s, 1223.67MB)
  Running img_291.npy ... done (7.66s, 1223.46MB)
  Running img_292.npy ... done (8.04s, 1223.50MB)
  Running img_293.npy ... done (8.00s, 1224.04MB)
  Running img_294.npy ... done (7.89s, 1223.74MB)
  Running img_295.npy ... done (8.16s, 1223.75MB)
  Running img_296.npy ... done (8.55s, 1223.85MB)
  Running img_297.npy ... done (8.27s, 1223.36MB)
  Running img_298.npy ... done (8.34s, 1223.61MB)
  Running img_299.npy ... done (8.51s, 1223.83MB)
  Running img_3.npy ... done (8.00s, 1223.74MB)
  Running img_30.npy ... done (8.56s, 1223.85MB)
  Running img_300.npy ... done (8.65s, 1223.83MB)
  Running img_301.npy ... done (8.92s, 1223.62MB)
  Running img_302.npy ... done (8.23s, 1223.81MB)
  Running img_303.npy ... done (7.82s, 1224.07MB)
  Running img_304.npy ... done (8.11s, 1223.96MB)
  Running img_305.npy ... done (8.55s, 1223.68MB)
  Running img_306.npy ... done (8.58s, 1223.74MB)
  Running img_307.npy ... done (8.79s, 1223.88MB)
  Running img_308.npy ... done (8.25s, 1223.79MB)
  Running img_309.npy ... done (7.86s, 1223.82MB)
  Running img_31.npy ... done (7.52s, 1223.57MB)
  Running img_310.npy ... done (7.61s, 1223.76MB)
  Running img_311.npy ... done (7.66s, 1223.73MB)
  Running img_312.npy ... done (8.65s, 1224.04MB)
  Running img_313.npy ... done (7.82s, 1223.84MB)
  Running img_314.npy ... done (7.75s, 1223.93MB)
  Running img_315.npy ... done (7.65s, 1224.11MB)
  Running img_316.npy ... done (8.02s, 1223.79MB)
  Running img_317.npy ... done (8.31s, 1223.70MB)
  Running img_318.npy ... done (8.29s, 1223.80MB)
  Running img_319.npy ... done (8.54s, 1223.79MB)
  Running img_32.npy ... done (8.73s, 1223.89MB)
  Running img_320.npy ... done (7.70s, 1223.70MB)
  Running img_321.npy ... done (8.20s, 1223.87MB)
  Running img_322.npy ... done (7.33s, 1223.97MB)
  Running img_323.npy ... done (8.41s, 1223.49MB)
  Running img_324.npy ... done (8.48s, 1223.65MB)
  Running img_325.npy ... done (7.88s, 1223.39MB)
  Running img_326.npy ... done (8.51s, 1223.88MB)
  Running img_327.npy ... done (8.09s, 1223.74MB)
  Running img_328.npy ... done (7.76s, 1223.73MB)
  Running img_329.npy ... done (8.97s, 1223.98MB)
  Running img_33.npy ... done (9.06s, 1223.53MB)
  Running img_330.npy ... done (7.98s, 1223.97MB)
  Running img_331.npy ... done (8.06s, 1223.86MB)
  Running img_332.npy ... done (8.26s, 1223.96MB)
  Running img_333.npy ... done (8.20s, 1223.77MB)
  Running img_334.npy ... done (8.17s, 1223.46MB)
  Running img_335.npy ... done (9.31s, 1223.66MB)
  Running img_336.npy ... done (8.30s, 1223.77MB)
  Running img_337.npy ... done (8.43s, 1223.91MB)
  Running img_338.npy ... done (7.88s, 1223.64MB)
  Running img_339.npy ... done (8.16s, 1223.44MB)
  Running img_34.npy ... done (7.50s, 1223.93MB)
  Running img_340.npy ... done (7.80s, 1223.26MB)
  Running img_341.npy ... done (7.69s, 1223.70MB)
  Running img_342.npy ... done (7.23s, 1223.82MB)
  Running img_343.npy ... done (7.35s, 1224.08MB)
  Running img_344.npy ... done (7.10s, 1223.21MB)
  Running img_345.npy ... done (7.31s, 1223.22MB)
  Running img_346.npy ... done (7.07s, 1224.00MB)
  Running img_347.npy ... done (8.22s, 1223.77MB)
  Running img_348.npy ... done (7.80s, 1223.95MB)
  Running img_349.npy ... done (7.03s, 1223.67MB)
  Running img_35.npy ... done (7.58s, 1223.95MB)
  Running img_350.npy ... done (6.98s, 1223.28MB)
  Running img_351.npy ... done (7.32s, 1223.69MB)
  Running img_352.npy ... done (7.47s, 1223.73MB)
  Running img_353.npy ... done (7.12s, 1223.71MB)
  Running img_354.npy ... done (7.01s, 1223.71MB)
  Running img_355.npy ... done (7.24s, 1223.82MB)
  Running img_356.npy ... done (7.61s, 1223.55MB)
  Running img_357.npy ... done (7.16s, 1223.79MB)
  Running img_358.npy ... done (7.19s, 1223.78MB)
  Running img_359.npy ... done (7.97s, 1223.92MB)
  Running img_36.npy ... done (8.60s, 1223.79MB)
  Running img_360.npy ... done (7.69s, 1223.91MB)
  Running img_361.npy ... done (7.62s, 1223.92MB)
  Running img_362.npy ... done (7.27s, 1224.38MB)
  Running img_363.npy ... done (7.48s, 1223.54MB)
  Running img_364.npy ... done (7.21s, 1223.73MB)
  Running img_365.npy ... done (7.80s, 1224.04MB)
  Running img_366.npy ... done (8.77s, 1223.93MB)
  Running img_367.npy ... done (7.52s, 1223.68MB)
  Running img_368.npy ... done (7.45s, 1223.77MB)
  Running img_369.npy ... done (7.53s, 1224.08MB)
  Running img_37.npy ... done (7.65s, 1223.80MB)
  Running img_370.npy ... done (7.62s, 1223.49MB)
  Running img_371.npy ... done (7.21s, 1223.89MB)
  Running img_372.npy ... done (8.27s, 1223.67MB)
  Running img_373.npy ... done (7.65s, 1223.56MB)
  Running img_374.npy ... done (7.44s, 1223.81MB)
  Running img_375.npy ... done (7.93s, 1223.91MB)
  Running img_376.npy ... done (7.55s, 1223.87MB)
  Running img_377.npy ... done (7.38s, 1224.08MB)
  Running img_378.npy ... done (7.45s, 1229.79MB)
  Running img_379.npy ... done (7.83s, 1223.38MB)
  Running img_38.npy ... done (7.49s, 1224.00MB)
  Running img_380.npy ... done (7.74s, 1223.79MB)
  Running img_381.npy ... done (7.69s, 1223.73MB)
  Running img_382.npy ... done (7.54s, 1223.71MB)
  Running img_383.npy ... done (7.63s, 1224.02MB)
  Running img_384.npy ... done (7.73s, 1223.66MB)
  Running img_385.npy ... done (7.49s, 1223.57MB)
  Running img_386.npy ... done (7.56s, 1223.94MB)
  Running img_387.npy ... done (8.03s, 1224.07MB)
  Running img_388.npy ... done (7.88s, 1228.53MB)
  Running img_389.npy ... done (7.72s, 1224.52MB)
  Running img_39.npy ... done (7.77s, 1224.04MB)
  Running img_390.npy ... done (7.56s, 1225.88MB)
  Running img_391.npy ... done (8.14s, 1223.78MB)
  Running img_392.npy ... done (7.53s, 1223.89MB)
  Running img_393.npy ... done (7.66s, 1223.84MB)
  Running img_394.npy ... done (7.38s, 1224.08MB)
  Running img_395.npy ... done (7.26s, 1223.11MB)
  Running img_396.npy ... done (7.33s, 1223.79MB)
  Running img_397.npy ... done (7.15s, 1223.70MB)
  Running img_398.npy ... done (7.42s, 1223.82MB)
  Running img_399.npy ... done (7.25s, 1223.86MB)
  Running img_4.npy ... done (7.15s, 1223.87MB)
  Running img_40.npy ... done (7.53s, 1223.64MB)
  Running img_400.npy ... done (7.05s, 1223.78MB)
  Running img_401.npy ... done (7.01s, 1223.82MB)
  Running img_402.npy ... done (7.48s, 1223.91MB)
  Running img_403.npy ... done (7.41s, 1223.73MB)
  Running img_404.npy ... done (7.12s, 1223.88MB)
  Running img_405.npy ... done (7.21s, 1223.49MB)
  Running img_406.npy ... done (7.61s, 1223.86MB)
  Running img_407.npy ... done (7.26s, 1223.41MB)
  Running img_408.npy ... done (7.13s, 1223.90MB)
  Running img_409.npy ... done (7.53s, 1223.95MB)
  Running img_41.npy ... done (7.40s, 1223.89MB)
  Running img_410.npy ... done (7.01s, 1224.04MB)
  Running img_411.npy ... done (7.24s, 1223.90MB)
  Running img_412.npy ... done (7.56s, 1223.64MB)
  Running img_413.npy ... done (7.78s, 1222.97MB)
  Running img_414.npy ... done (7.48s, 1224.05MB)
  Running img_415.npy ... done (7.41s, 1223.75MB)
  Running img_416.npy ... done (7.03s, 1223.86MB)
  Running img_417.npy ... done (7.82s, 1223.62MB)
  Running img_418.npy ... done (7.54s, 1223.58MB)
  Running img_419.npy ... done (7.26s, 1223.59MB)
  Running img_42.npy ... done (7.25s, 1223.78MB)
  Running img_420.npy ... done (7.33s, 1223.66MB)
  Running img_421.npy ... done (7.25s, 1223.96MB)
  Running img_422.npy ... done (8.13s, 1223.29MB)
  Running img_423.npy ... done (7.59s, 1223.93MB)
  Running img_424.npy ... done (7.36s, 1223.86MB)
  Running img_425.npy ... done (7.41s, 1223.94MB)
  Running img_426.npy ... done (6.91s, 1223.84MB)
  Running img_427.npy ... done (7.20s, 1223.87MB)
  Running img_428.npy ... done (7.41s, 1223.91MB)
  Running img_429.npy ... done (7.23s, 1223.68MB)
  Running img_43.npy ... done (6.92s, 1224.01MB)
  Running img_430.npy ... done (6.96s, 1223.82MB)
  Running img_431.npy ... done (7.35s, 1223.87MB)
  Running img_432.npy ... done (6.97s, 1223.92MB)
  Running img_433.npy ... done (6.75s, 1223.90MB)
  Running img_434.npy ... done (6.91s, 1224.07MB)
  Running img_435.npy ... done (7.31s, 1223.82MB)
  Running img_436.npy ... done (7.18s, 1226.42MB)
  Running img_437.npy ... done (7.44s, 1223.73MB)
  Running img_438.npy ... done (7.11s, 1223.75MB)
  Running img_439.npy ... done (7.25s, 1223.82MB)
  Running img_44.npy ... done (6.73s, 1223.78MB)
  Running img_440.npy ... done (7.18s, 1223.82MB)
  Running img_441.npy ... done (8.11s, 1223.54MB)
  Running img_442.npy ... done (7.24s, 1223.64MB)
  Running img_443.npy ... done (6.65s, 1224.24MB)
  Running img_444.npy ... done (7.23s, 1223.91MB)
  Running img_445.npy ... done (6.90s, 1223.70MB)
  Running img_446.npy ... done (6.45s, 1229.02MB)
  Running img_447.npy ... done (7.63s, 1223.34MB)
  Running img_448.npy ... done (7.29s, 1223.71MB)
  Running img_449.npy ... done (7.13s, 1223.91MB)
  Running img_45.npy ... done (6.94s, 1223.77MB)
  Running img_450.npy ... done (7.09s, 1223.71MB)
  Running img_451.npy ... done (7.66s, 1223.98MB)
  Running img_452.npy ... done (6.72s, 1223.98MB)
  Running img_453.npy ... done (7.34s, 1223.62MB)
  Running img_454.npy ... done (7.03s, 1223.81MB)
  Running img_455.npy ... done (7.17s, 1223.75MB)
  Running img_456.npy ... done (6.62s, 1223.71MB)
  Running img_457.npy ... done (8.19s, 1223.39MB)
  Running img_458.npy ... done (6.82s, 1223.96MB)
  Running img_459.npy ... done (6.53s, 1223.56MB)
  Running img_46.npy ... done (6.96s, 1223.96MB)
  Running img_460.npy ... done (7.06s, 1224.21MB)
  Running img_461.npy ... done (6.72s, 1226.48MB)
  Running img_462.npy ... done (7.77s, 1223.56MB)
  Running img_463.npy ... done (7.22s, 1223.71MB)
  Running img_464.npy ... done (6.80s, 1223.25MB)
  Running img_465.npy ... done (6.97s, 1223.39MB)
  Running img_466.npy ... done (7.09s, 1223.89MB)
  Running img_467.npy ... done (6.80s, 1224.41MB)
  Running img_468.npy ... done (7.39s, 1223.93MB)
  Running img_469.npy ... done (6.92s, 1226.27MB)
  Running img_47.npy ... done (6.74s, 1224.51MB)
  Running img_470.npy ... done (6.61s, 1224.06MB)
  Running img_471.npy ... done (7.01s, 1223.82MB)
  Running img_472.npy ... done (7.01s, 1224.15MB)
  Running img_473.npy ... done (7.27s, 1223.84MB)
  Running img_474.npy ... done (7.03s, 1223.62MB)
  Running img_475.npy ... done (7.17s, 1223.84MB)
  Running img_476.npy ... done (7.05s, 1226.12MB)
  Running img_477.npy ... done (7.00s, 1223.55MB)
  Running img_478.npy ... done (6.79s, 1224.66MB)
  Running img_479.npy ... done (7.49s, 1227.87MB)
  Running img_48.npy ... done (6.95s, 1224.96MB)
  Running img_480.npy ... done (6.96s, 1224.16MB)
  Running img_481.npy ... done (7.12s, 1229.65MB)
  Running img_482.npy ... done (6.98s, 1223.77MB)
  Running img_483.npy ... done (7.14s, 1223.61MB)
  Running img_484.npy ... done (7.88s, 1223.73MB)
  Running img_485.npy ... done (7.17s, 1223.10MB)
  Running img_486.npy ... done (7.09s, 1223.89MB)
  Running img_487.npy ... done (7.15s, 1223.79MB)
  Running img_488.npy ... done (7.24s, 1222.99MB)
  Running img_489.npy ... done (6.96s, 1224.02MB)
  Running img_49.npy ... done (7.45s, 1223.99MB)
  Running img_490.npy ... done (6.82s, 1226.97MB)
  Running img_491.npy ... done (6.55s, 1224.69MB)
  Running img_492.npy ... done (6.74s, 1223.70MB)
  Running img_493.npy ... done (6.61s, 1223.81MB)
  Running img_494.npy ... done (6.51s, 1223.50MB)
  Running img_495.npy ... done (7.01s, 1223.96MB)
  Running img_496.npy ... done (6.91s, 1223.74MB)
  Running img_497.npy ... done (6.72s, 1223.27MB)
  Running img_498.npy ... done (6.96s, 1223.90MB)
  Running img_499.npy ... done (6.82s, 1223.69MB)
  Running img_5.npy ... done (6.85s, 1223.23MB)
  Running img_50.npy ... done (6.75s, 1223.72MB)
  Running img_500.npy ... done (7.44s, 1223.81MB)
  Running img_501.npy ... done (6.75s, 1223.58MB)
  Running img_502.npy ... done (7.06s, 1223.43MB)
  Running img_503.npy ... done (7.18s, 1223.77MB)
  Running img_504.npy ... done (7.60s, 1223.42MB)
  Running img_505.npy ... done (7.00s, 1223.59MB)
  Running img_506.npy ... done (6.99s, 1223.87MB)
  Running img_507.npy ... done (7.06s, 1223.19MB)
  Running img_508.npy ... done (6.75s, 1224.00MB)
  Running img_509.npy ... done (6.90s, 1224.04MB)
  Running img_51.npy ... done (7.03s, 1223.30MB)
  Running img_510.npy ... done (7.50s, 1223.75MB)
  Running img_511.npy ... done (8.66s, 1223.65MB)
  Running img_512.npy ... done (6.97s, 1223.70MB)
  Running img_513.npy ... done (6.68s, 1223.76MB)
  Running img_514.npy ... done (7.38s, 1223.92MB)
  Running img_515.npy ... done (7.15s, 1223.53MB)
  Running img_516.npy ... done (7.24s, 1223.78MB)
  Running img_517.npy ... done (8.31s, 1223.09MB)
  Running img_518.npy ... done (6.99s, 1224.07MB)
  Running img_519.npy ... done (7.11s, 1224.29MB)
  Running img_52.npy ... done (7.00s, 1223.63MB)
  Running img_520.npy ... done (6.86s, 1223.99MB)
  Running img_521.npy ... done (7.07s, 1223.74MB)
  Running img_522.npy ... done (7.12s, 1223.66MB)
  Running img_523.npy ... done (7.47s, 1223.55MB)
  Running img_524.npy ... done (7.16s, 1223.88MB)
  Running img_525.npy ... done (7.26s, 1224.01MB)
  Running img_526.npy ... done (6.85s, 1223.89MB)
  Running img_527.npy ... done (6.94s, 1223.63MB)
  Running img_528.npy ... done (6.72s, 1223.47MB)
  Running img_529.npy ... done (7.57s, 1223.95MB)
  Running img_53.npy ... done (6.84s, 1223.84MB)
  Running img_530.npy ... done (6.63s, 1223.67MB)
  Running img_531.npy ... done (6.41s, 1223.44MB)
  Running img_532.npy ... done (6.98s, 1223.77MB)
  Running img_533.npy ... done (6.98s, 1222.90MB)
  Running img_534.npy ... done (7.97s, 1223.45MB)
  Running img_535.npy ... done (6.40s, 1223.84MB)
  Running img_536.npy ... done (6.27s, 1223.80MB)
  Running img_537.npy ... done (6.34s, 1224.03MB)
  Running img_538.npy ... done (6.39s, 1223.31MB)
  Running img_539.npy ... done (6.54s, 1223.63MB)
  Running img_54.npy ... done (6.40s, 1223.71MB)
  Running img_540.npy ... done (8.17s, 1223.98MB)
  Running img_541.npy ... done (6.49s, 1223.61MB)
  Running img_542.npy ... done (6.63s, 1223.70MB)
  Running img_543.npy ... done (6.51s, 1229.68MB)
  Running img_544.npy ... done (6.42s, 1224.56MB)
  Running img_545.npy ... done (6.79s, 1223.62MB)
  Running img_546.npy ... done (6.63s, 1223.88MB)
  Running img_547.npy ... done (7.43s, 1223.73MB)
  Running img_548.npy ... done (6.66s, 1223.66MB)
  Running img_549.npy ... done (7.09s, 1223.86MB)
  Running img_55.npy ... done (6.65s, 1224.28MB)
  Running img_550.npy ... done (6.88s, 1226.39MB)
  Running img_551.npy ... done (6.55s, 1225.50MB)
  Running img_552.npy ... done (7.23s, 1224.46MB)
  Running img_553.npy ... done (7.26s, 1223.83MB)
  Running img_554.npy ... done (7.09s, 1224.57MB)
  Running img_555.npy ... done (6.88s, 1223.67MB)
  Running img_556.npy ... done (7.12s, 1223.34MB)
  Running img_557.npy ... done (6.77s, 1224.17MB)
  Running img_558.npy ... done (6.66s, 1223.70MB)
  Running img_559.npy ... done (7.97s, 1223.94MB)
  Running img_56.npy ... done (6.67s, 1225.32MB)
  Running img_560.npy ... done (7.15s, 1223.98MB)
  Running img_561.npy ... done (6.62s, 1229.01MB)
  Running img_562.npy ... done (6.84s, 1223.95MB)
  Running img_563.npy ... done (6.51s, 1223.89MB)
  Running img_564.npy ... done (6.79s, 1223.98MB)
  Running img_565.npy ... done (7.33s, 1223.68MB)
  Running img_566.npy ... done (6.70s, 1223.90MB)
  Running img_567.npy ... done (6.89s, 1224.18MB)
  Running img_568.npy ... done (6.70s, 1223.91MB)
  Running img_569.npy ... done (7.09s, 1223.91MB)
  Running img_57.npy ... done (6.90s, 1223.82MB)
  Running img_570.npy ... done (8.79s, 1223.89MB)
  Running img_571.npy ... done (6.74s, 1223.86MB)
  Running img_572.npy ... done (6.97s, 1224.03MB)
  Running img_573.npy ... done (6.89s, 1223.85MB)
  Running img_574.npy ... done (6.99s, 1223.43MB)
  Running img_575.npy ... done (6.93s, 1223.84MB)
  Running img_576.npy ... done (7.02s, 1223.62MB)
  Running img_577.npy ... done (6.92s, 1223.53MB)
  Running img_578.npy ... done (7.18s, 1223.82MB)
  Running img_579.npy ... done (7.14s, 1223.84MB)
  Running img_58.npy ... done (6.82s, 1223.09MB)
  Running img_580.npy ... done (6.51s, 1223.52MB)
  Running img_581.npy ... done (6.84s, 1223.57MB)
  Running img_582.npy ... done (8.01s, 1223.88MB)
  Running img_583.npy ... done (6.77s, 1223.66MB)
  Running img_584.npy ... done (6.40s, 1223.62MB)
  Running img_585.npy ... done (6.65s, 1223.63MB)
  Running img_586.npy ... done (6.74s, 1223.79MB)
  Running img_587.npy ... done (6.82s, 1223.90MB)
  Running img_588.npy ... done (6.78s, 1223.90MB)
  Running img_589.npy ... done (7.79s, 1223.60MB)
  Running img_59.npy ... done (6.92s, 1223.68MB)
  Running img_590.npy ... done (7.02s, 1223.52MB)
  Running img_591.npy ... done (7.07s, 1223.70MB)
  Running img_592.npy ... done (6.49s, 1224.36MB)
  Running img_593.npy ... done (6.68s, 1223.62MB)
  Running img_594.npy ... done (6.72s, 1223.79MB)
  Running img_595.npy ... done (7.08s, 1223.71MB)
  Running img_596.npy ... done (6.62s, 1223.64MB)
  Running img_597.npy ... done (6.68s, 1223.42MB)
  Running img_598.npy ... done (6.68s, 1224.22MB)
  Running img_599.npy ... done (6.68s, 1223.62MB)
  Running img_6.npy ... done (7.08s, 1223.92MB)
  Running img_60.npy ... done (6.72s, 1223.36MB)
  Running img_600.npy ... done (7.28s, 1223.83MB)
  Running img_601.npy ... done (7.18s, 1223.64MB)
  Running img_602.npy ... done (6.99s, 1223.29MB)
  Running img_603.npy ... done (6.93s, 1224.01MB)
  Running img_604.npy ... done (6.95s, 1223.25MB)
  Running img_605.npy ... done (6.76s, 1223.49MB)
  Running img_606.npy ... done (8.34s, 1223.98MB)
  Running img_607.npy ... done (6.88s, 1223.48MB)
  Running img_608.npy ... done (6.90s, 1223.85MB)
  Running img_609.npy ... done (6.74s, 1223.74MB)
  Running img_61.npy ... done (6.80s, 1223.80MB)
  Running img_610.npy ... done (6.89s, 1223.95MB)
  Running img_611.npy ... done (7.01s, 1223.09MB)
  Running img_612.npy ... done (7.45s, 1223.86MB)
  Running img_613.npy ... done (6.93s, 1223.32MB)
  Running img_614.npy ... done (7.10s, 1223.77MB)
  Running img_615.npy ... done (6.87s, 1223.71MB)
  Running img_616.npy ... done (6.61s, 1223.86MB)
  Running img_617.npy ... done (6.68s, 1224.09MB)
  Running img_618.npy ... done (8.38s, 1223.95MB)
  Running img_619.npy ... done (6.54s, 1224.04MB)
  Running img_62.npy ... done (7.06s, 1224.54MB)
  Running img_620.npy ... done (7.06s, 1223.73MB)
  Running img_621.npy ... done (7.16s, 1223.79MB)
  Running img_622.npy ... done (7.10s, 1223.73MB)
  Running img_623.npy ... done (6.90s, 1223.88MB)
  Running img_624.npy ... done (7.82s, 1223.96MB)
  Running img_625.npy ... done (6.91s, 1223.99MB)
  Running img_626.npy ... done (6.67s, 1223.76MB)
  Running img_627.npy ... done (6.84s, 1224.58MB)
  Running img_628.npy ... done (6.68s, 1227.68MB)
  Running img_629.npy ... done (6.94s, 1224.67MB)
  Running img_63.npy ... done (7.37s, 1224.85MB)
  Running img_630.npy ... done (7.14s, 1223.88MB)
  Running img_631.npy ... done (7.05s, 1224.38MB)
  Running img_632.npy ... done (7.12s, 1224.07MB)
  Running img_633.npy ... done (6.94s, 1226.25MB)
  Running img_634.npy ... done (6.74s, 1223.78MB)
  Running img_635.npy ... done (6.68s, 1223.34MB)
  Running img_636.npy ... done (6.84s, 1223.71MB)
  Running img_637.npy ... done (7.58s, 1224.28MB)
  Running img_638.npy ... done (6.92s, 1224.40MB)
  Running img_639.npy ... done (7.14s, 1224.25MB)
  Running img_64.npy ... done (6.86s, 1223.39MB)
  Running img_640.npy ... done (6.59s, 1224.93MB)
  Running img_641.npy ... done (7.22s, 1223.66MB)
  Running img_642.npy ... done (7.15s, 1223.61MB)
  Running img_643.npy ... done (9.01s, 1224.00MB)
  Running img_644.npy ... done (6.99s, 1223.80MB)
  Running img_645.npy ... done (7.48s, 1223.41MB)
  Running img_646.npy ... done (6.95s, 1223.87MB)
  Running img_647.npy ... done (7.07s, 1223.62MB)
  Running img_648.npy ... done (6.96s, 1223.32MB)
  Running img_649.npy ... done (6.73s, 1223.47MB)
  Running img_65.npy ... done (7.01s, 1223.12MB)
  Running img_650.npy ... done (7.74s, 1223.67MB)
  Running img_651.npy ... done (7.21s, 1223.84MB)
  Running img_652.npy ... done (7.15s, 1223.79MB)
  Running img_653.npy ... done (6.61s, 1223.73MB)
  Running img_654.npy ... done (7.06s, 1223.71MB)
  Running img_655.npy ... done (7.67s, 1223.42MB)
  Running img_656.npy ... done (6.91s, 1223.28MB)
  Running img_657.npy ... done (7.15s, 1223.77MB)
  Running img_658.npy ... done (6.73s, 1223.80MB)
  Running img_659.npy ... done (7.06s, 1223.75MB)
  Running img_66.npy ... done (6.82s, 1223.36MB)
  Running img_660.npy ... done (7.06s, 1223.62MB)
  Running img_661.npy ... done (6.90s, 1223.87MB)
  Running img_662.npy ... done (6.91s, 1223.00MB)
  Running img_663.npy ... done (8.33s, 1223.79MB)
  Running img_664.npy ... done (6.82s, 1224.05MB)
  Running img_665.npy ... done (6.78s, 1223.71MB)
  Running img_666.npy ... done (6.75s, 1223.77MB)
  Running img_667.npy ... done (6.86s, 1223.56MB)
  Running img_668.npy ... done (6.90s, 1223.69MB)
  Running img_669.npy ... done (7.00s, 1223.77MB)
  Running img_67.npy ... done (7.17s, 1224.01MB)
  Running img_670.npy ... done (7.69s, 1223.58MB)
  Running img_671.npy ... done (6.95s, 1223.49MB)
  Running img_672.npy ... done (6.76s, 1223.95MB)
  Running img_673.npy ... done (7.04s, 1223.78MB)
  Running img_674.npy ... done (6.84s, 1223.62MB)
  Running img_675.npy ... done (6.70s, 1223.33MB)
  Running img_676.npy ... done (7.09s, 1223.83MB)
  Running img_677.npy ... done (8.24s, 1223.54MB)
  Running img_678.npy ... done (7.06s, 1223.92MB)
  Running img_679.npy ... done (6.85s, 1223.71MB)
  Running img_68.npy ... done (7.02s, 1223.64MB)
  Running img_680.npy ... done (6.97s, 1223.87MB)
  Running img_681.npy ... done (6.95s, 1223.46MB)
  Running img_682.npy ... done (7.15s, 1223.91MB)
  Running img_683.npy ... done (8.79s, 1222.95MB)
  Running img_684.npy ... done (6.95s, 1223.76MB)
  Running img_685.npy ... done (6.70s, 1223.68MB)
  Running img_686.npy ... done (7.06s, 1223.85MB)
  Running img_687.npy ... done (6.74s, 1225.14MB)
  Running img_688.npy ... done (6.84s, 1227.27MB)
  Running img_689.npy ... done (7.24s, 1224.45MB)
  Running img_69.npy ... done (8.38s, 1223.94MB)
  Running img_690.npy ... done (6.70s, 1223.66MB)
  Running img_691.npy ... done (7.22s, 1223.46MB)
  Running img_692.npy ... done (6.95s, 1223.85MB)
  Running img_693.npy ... done (6.73s, 1223.81MB)
  Running img_694.npy ... done (7.01s, 1223.92MB)
  Running img_695.npy ... done (7.06s, 1228.08MB)
  Running img_696.npy ... done (8.30s, 1223.81MB)
  Running img_697.npy ... done (6.74s, 1224.76MB)
  Running img_698.npy ... done (6.73s, 1224.23MB)
  Running img_699.npy ... done (6.84s, 1223.57MB)
  Running img_7.npy ... done (7.04s, 1223.53MB)
  Running img_70.npy ... done (6.61s, 1223.62MB)
  Running img_700.npy ... done (6.62s, 1223.48MB)
  Running img_701.npy ... done (9.09s, 1223.45MB)
  Running img_702.npy ... done (7.67s, 1225.48MB)
  Running img_703.npy ... done (6.81s, 1224.95MB)
  Running img_704.npy ... done (6.55s, 1222.78MB)
  Running img_705.npy ... done (6.66s, 1226.59MB)
  Running img_706.npy ... done (6.82s, 1223.29MB)
  Running img_707.npy ... done (6.50s, 1223.86MB)
  Running img_708.npy ... done (8.27s, 1223.42MB)
  Running img_709.npy ... done (6.55s, 1223.78MB)
  Running img_71.npy ... done (6.87s, 1223.36MB)
  Running img_710.npy ... done (7.20s, 1224.37MB)
  Running img_711.npy ... done (6.85s, 1223.90MB)
  Running img_712.npy ... done (6.64s, 1229.77MB)
  Running img_713.npy ... done (6.71s, 1223.98MB)
  Running img_714.npy ... done (6.54s, 1223.93MB)
  Running img_715.npy ... done (7.67s, 1223.91MB)
  Running img_716.npy ... done (6.40s, 1224.00MB)
  Running img_717.npy ... done (6.29s, 1223.84MB)
  Running img_718.npy ... done (6.19s, 1223.85MB)
  Running img_719.npy ... done (6.24s, 1223.83MB)
  Running img_72.npy ... done (6.09s, 1223.94MB)
  Running img_720.npy ... done (6.11s, 1223.68MB)
  Running img_721.npy ... done (7.57s, 1223.51MB)
  Running img_722.npy ... done (6.04s, 1223.62MB)
  Running img_723.npy ... done (6.20s, 1223.80MB)
  Running img_724.npy ... done (6.20s, 1223.95MB)
  Running img_725.npy ... done (6.12s, 1223.70MB)
  Running img_726.npy ... done (6.11s, 1223.77MB)
  Running img_727.npy ... done (6.33s, 1223.70MB)
  Running img_728.npy ... done (6.33s, 1223.85MB)
  Running img_729.npy ... done (7.44s, 1223.74MB)
  Running img_73.npy ... done (5.90s, 1223.45MB)
  Running img_730.npy ... done (6.21s, 1223.43MB)
  Running img_731.npy ... done (6.12s, 1223.58MB)
  Running img_732.npy ... done (5.78s, 1223.39MB)
  Running img_733.npy ... done (6.40s, 1223.56MB)
  Running img_734.npy ... done (6.29s, 1223.55MB)
  Running img_735.npy ... done (5.95s, 1223.97MB)
  Running img_736.npy ... done (6.22s, 1223.99MB)
  Running img_737.npy ... done (6.18s, 1223.72MB)
  Running img_738.npy ... done (6.15s, 1223.70MB)
  Running img_739.npy ... done (5.96s, 1224.01MB)
  Running img_74.npy ... done (6.09s, 1223.86MB)
  Running img_740.npy ... done (5.78s, 1223.51MB)
  Running img_741.npy ... done (5.72s, 1223.57MB)
  Running img_742.npy ... done (6.07s, 1223.81MB)
  Running img_743.npy ... done (7.02s, 1223.31MB)
  Running img_744.npy ... done (6.09s, 1223.88MB)
  Running img_745.npy ... done (5.91s, 1224.05MB)
  Running img_746.npy ... done (5.97s, 1223.88MB)
  Running img_747.npy ... done (6.33s, 1223.79MB)
  Running img_748.npy ... done (6.00s, 1223.93MB)
  Running img_749.npy ... done (5.95s, 1223.93MB)
  Running img_75.npy ... done (5.99s, 1223.75MB)
  Running img_750.npy ... done (6.70s, 1223.37MB)
  Running img_751.npy ... done (6.24s, 1223.82MB)
  Running img_752.npy ... done (6.04s, 1223.83MB)
  Running img_753.npy ... done (5.89s, 1223.51MB)
  Running img_754.npy ... done (6.09s, 1224.02MB)
  Running img_755.npy ... done (5.82s, 1223.39MB)
  Running img_756.npy ... done (6.01s, 1224.27MB)
  Running img_757.npy ... done (6.06s, 1223.73MB)
  Running img_758.npy ... done (6.98s, 1223.90MB)
  Running img_759.npy ... done (6.00s, 1223.68MB)
  Running img_76.npy ... done (5.93s, 1223.92MB)
  Running img_760.npy ... done (5.94s, 1223.95MB)
  Running img_761.npy ... done (6.14s, 1223.90MB)
  Running img_762.npy ... done (5.92s, 1223.76MB)
  Running img_763.npy ... done (6.01s, 1224.05MB)
  Running img_764.npy ... done (5.84s, 1224.05MB)
  Running img_765.npy ... done (6.59s, 1224.06MB)
  Running img_766.npy ... done (5.99s, 1223.88MB)
  Running img_767.npy ... done (6.20s, 1223.50MB)
  Running img_768.npy ... done (6.22s, 1223.53MB)
  Running img_769.npy ... done (6.24s, 1223.90MB)
  Running img_77.npy ... done (5.95s, 1223.97MB)
  Running img_770.npy ... done (5.91s, 1223.84MB)
  Running img_771.npy ... done (6.15s, 1223.42MB)
  Running img_772.npy ... done (6.99s, 1223.34MB)
  Running img_773.npy ... done (6.31s, 1223.56MB)
  Running img_774.npy ... done (5.92s, 1223.94MB)
  Running img_775.npy ... done (6.05s, 1223.73MB)
  Running img_776.npy ... done (5.94s, 1223.95MB)
  Running img_777.npy ... done (5.85s, 1223.76MB)
  Running img_778.npy ... done (6.02s, 1223.98MB)
  Running img_779.npy ... done (6.22s, 1223.76MB)
  Running img_78.npy ... done (6.53s, 1223.73MB)
  Running img_780.npy ... done (6.05s, 1223.82MB)
  Running img_781.npy ... done (6.15s, 1223.73MB)
  Running img_782.npy ... done (6.00s, 1223.91MB)
  Running img_783.npy ... done (5.92s, 1223.71MB)
  Running img_784.npy ... done (6.06s, 1224.00MB)
  Running img_785.npy ... done (5.87s, 1223.75MB)
  Running img_786.npy ... done (6.11s, 1223.48MB)
  Running img_787.npy ... done (6.48s, 1224.17MB)
  Running img_788.npy ... done (6.20s, 1223.76MB)
  Running img_789.npy ... done (6.05s, 1223.33MB)
  Running img_79.npy ... done (6.04s, 1223.89MB)
  Running img_790.npy ... done (6.03s, 1223.95MB)
  Running img_791.npy ... done (5.88s, 1223.52MB)
  Running img_792.npy ... done (6.22s, 1223.96MB)
  Running img_793.npy ... done (6.22s, 1223.75MB)
  Running img_794.npy ... done (6.65s, 1224.02MB)
  Running img_795.npy ... done (6.23s, 1223.88MB)
  Running img_796.npy ... done (6.01s, 1224.00MB)
  Running img_797.npy ... done (5.97s, 1223.95MB)
  Running img_798.npy ... done (6.00s, 1224.08MB)
  Running img_799.npy ... done (5.95s, 1223.88MB)
  Running img_8.npy ... done (6.41s, 1223.60MB)
  Running img_80.npy ... done (7.15s, 1223.30MB)
  Running img_81.npy ... done (6.02s, 1223.56MB)
  Running img_82.npy ... done (6.01s, 1223.95MB)
  Running img_83.npy ... done (6.11s, 1223.45MB)
  Running img_84.npy ... done (6.08s, 1223.55MB)
  Running img_85.npy ... done (6.06s, 1223.16MB)
  Running img_86.npy ... done (5.88s, 1223.80MB)
  Running img_87.npy ... done (5.75s, 1223.82MB)
  Running img_88.npy ... done (6.60s, 1223.93MB)
  Running img_89.npy ... done (6.08s, 1223.45MB)
  Running img_9.npy ... done (6.07s, 1223.86MB)
  Running img_90.npy ... done (5.96s, 1223.63MB)
  Running img_91.npy ... done (6.01s, 1223.45MB)
  Running img_92.npy ... done (6.17s, 1223.01MB)
  Running img_93.npy ... done (5.98s, 1223.36MB)
  Running img_94.npy ... done (6.01s, 1223.63MB)
  Running img_95.npy ... done (6.86s, 1223.53MB)
  Running img_96.npy ... done (6.15s, 1223.71MB)
  Running img_97.npy ... done (5.84s, 1223.90MB)
  Running img_98.npy ... done (5.98s, 1223.73MB)
  Running img_99.npy ... done (6.01s, 1223.57MB)

Results saved into results/ripser/div2k/dim0.csv
