[Tue Nov  4 22:33:32 CET 2025] Running METHOD=cripser, DATASET=mast, DIM=1
Saving to results/cripser/mast/dim1.csv
Running cripser on datasets/mast_npy (maxdim=1)...
  Running img_0.npy ... done (9.18s, 2058.02MB)
  Running img_1.npy ... done (9.14s, 2017.84MB)
  Running img_10.npy ... done (16.12s, 2026.31MB)
  Running img_11.npy ... done (16.45s, 2209.70MB)
  Running img_12.npy ... done (16.89s, 2202.77MB)
  Running img_13.npy ... done (24.13s, 2290.25MB)
  Running img_14.npy ... done (11.03s, 2014.09MB)
  Running img_15.npy ... done (12.17s, 2014.04MB)
  Running img_16.npy ... done (14.07s, 2050.68MB)
  Running img_17.npy ... done (16.58s, 2014.38MB)
  Running img_18.npy ... done (12.43s, 2017.86MB)
  Running img_19.npy ... done (12.22s, 2018.00MB)
  Running img_2.npy ... done (15.86s, 2017.93MB)
  Running img_20.npy ... done (11.96s, 2008.59MB)
  Running img_21.npy ... done (31.32s, 2935.67MB)
  Running img_22.npy ... done (37.34s, 3265.25MB)
  Running img_23.npy ... done (10.26s, 2019.85MB)
  Running img_24.npy ... done (15.68s, 2212.45MB)
  Running img_25.npy ... done (20.93s, 2294.15MB)
  Running img_26.npy ... done (7.77s, 2018.20MB)
  Running img_27.npy ... done (8.81s, 2008.55MB)
  Running img_28.npy ... done (11.47s, 2050.84MB)
  Running img_29.npy ... done (8.59s, 2014.40MB)
  Running img_3.npy ... done (10.38s, 2013.99MB)
  Running img_4.npy ... done (9.36s, 2014.35MB)
  Running img_5.npy ... done (30.29s, 2935.40MB)
  Running img_6.npy ... done (30.84s, 3265.18MB)
  Running img_7.npy ... done (8.01s, 2053.77MB)
  Running img_8.npy ... done (6.14s, 2008.71MB)
  Running img_9.npy ... done (13.93s, 2203.14MB)

Results saved into results/cripser/mast/dim1.csv
