[Tue Nov  4 22:33:37 CET 2025] Running METHOD=cripser, DATASET=mast, DIM=0
Saving to results/cripser/mast/dim0.csv
Running cripser on datasets/mast_npy (maxdim=0)...
  Running img_0.npy ... done (14.74s, 2057.56MB)
  Running img_1.npy ... done (14.64s, 2009.58MB)
  Running img_10.npy ... done (18.66s, 2016.51MB)
  Running img_11.npy ... done (12.47s, 2206.71MB)
  Running img_12.npy ... done (17.81s, 2193.55MB)
  Running img_13.npy ... done (17.04s, 2284.55MB)
  Running img_14.npy ... done (11.68s, 2012.27MB)
  Running img_15.npy ... done (16.36s, 2010.20MB)
  Running img_16.npy ... done (16.76s, 2041.02MB)
  Running img_17.npy ... done (13.82s, 2008.30MB)
  Running img_18.npy ... done (12.81s, 2008.33MB)
  Running img_19.npy ... done (16.83s, 2011.52MB)
  Running img_2.npy ... done (8.55s, 2008.66MB)
  Running img_20.npy ... done (11.87s, 2013.70MB)
  Running img_21.npy ... done (17.60s, 2655.91MB)
  Running img_22.npy ... done (24.07s, 2754.47MB)
  Running img_23.npy ... done (9.61s, 2020.08MB)
  Running img_24.npy ... done (8.99s, 2206.75MB)
  Running img_25.npy ... done (14.37s, 2284.39MB)
  Running img_26.npy ... done (12.63s, 2011.70MB)
  Running img_27.npy ... done (14.97s, 2008.30MB)
  Running img_28.npy ... done (11.53s, 2041.39MB)
  Running img_29.npy ... done (10.48s, 2011.89MB)
  Running img_3.npy ... done (10.64s, 2011.69MB)
  Running img_4.npy ... done (10.27s, 2008.60MB)
  Running img_5.npy ... done (17.40s, 2655.60MB)
  Running img_6.npy ... done (19.59s, 2764.07MB)
  Running img_7.npy ... done (6.46s, 2049.66MB)
  Running img_8.npy ... done (7.76s, 2012.55MB)
  Running img_9.npy ... done (12.07s, 2199.74MB)

Results saved into results/cripser/mast/dim0.csv
