[Tue Nov  4 22:33:19 CET 2025] Running METHOD=pixh, DATASET=div2k, DIM=0
Saving to results/pixh/div2k/dim0.csv
Running pixh on datasets/div2k_npy (maxdim=0)...
  Running img_0.npy ... done (1.39s, 48.32MB)
  Running img_1.npy ... done (1.27s, 47.60MB)
  Running img_10.npy ... done (1.28s, 49.49MB)
  Running img_100.npy ... done (1.03s, 46.84MB)
  Running img_101.npy ... done (1.25s, 48.43MB)
  Running img_102.npy ... done (1.29s, 49.77MB)
  Running img_103.npy ... done (1.15s, 50.06MB)
  Running img_104.npy ... done (1.16s, 46.08MB)
  Running img_105.npy ... done (1.07s, 49.35MB)
  Running img_106.npy ... done (1.41s, 49.54MB)
  Running img_107.npy ... done (1.16s, 48.93MB)
  Running img_108.npy ... done (1.27s, 49.92MB)
  Running img_109.npy ... done (1.10s, 49.46MB)
  Running img_11.npy ... done (1.49s, 46.60MB)
  Running img_110.npy ... done (1.28s, 47.98MB)
  Running img_111.npy ... done (1.10s, 49.16MB)
  Running img_112.npy ... done (1.09s, 46.33MB)
  Running img_113.npy ... done (1.24s, 46.19MB)
  Running img_114.npy ... done (1.36s, 50.70MB)
  Running img_115.npy ... done (1.27s, 46.11MB)
  Running img_116.npy ... done (1.28s, 51.62MB)
  Running img_117.npy ... done (1.20s, 49.02MB)
  Running img_118.npy ... done (1.30s, 48.03MB)
  Running img_119.npy ... done (1.12s, 50.52MB)
  Running img_12.npy ... done (1.31s, 47.40MB)
  Running img_120.npy ... done (1.28s, 49.27MB)
  Running img_121.npy ... done (1.27s, 46.63MB)
  Running img_122.npy ... done (1.24s, 49.32MB)
  Running img_123.npy ... done (1.18s, 48.10MB)
  Running img_124.npy ... done (1.18s, 47.03MB)
  Running img_125.npy ... done (1.38s, 50.40MB)
  Running img_126.npy ... done (1.09s, 50.39MB)
  Running img_127.npy ... done (0.91s, 41.01MB)
  Running img_128.npy ... done (1.16s, 50.15MB)
  Running img_129.npy ... done (1.29s, 49.36MB)
  Running img_13.npy ... done (1.09s, 47.55MB)
  Running img_130.npy ... done (1.08s, 48.47MB)
  Running img_131.npy ... done (1.20s, 46.96MB)
  Running img_132.npy ... done (1.22s, 42.02MB)
  Running img_133.npy ... done (1.19s, 49.05MB)
  Running img_134.npy ... done (1.27s, 51.27MB)
  Running img_135.npy ... done (1.12s, 49.30MB)
  Running img_136.npy ... done (1.26s, 47.25MB)
  Running img_137.npy ... done (1.06s, 49.07MB)
  Running img_138.npy ... done (1.27s, 50.29MB)
  Running img_139.npy ... done (1.23s, 51.19MB)
  Running img_14.npy ... done (1.20s, 49.39MB)
  Running img_140.npy ... done (1.26s, 51.59MB)
  Running img_141.npy ... done (1.17s, 46.47MB)
  Running img_142.npy ... done (1.17s, 49.41MB)
  Running img_143.npy ... done (1.22s, 46.14MB)
  Running img_144.npy ... done (1.21s, 46.21MB)
  Running img_145.npy ... done (1.29s, 46.42MB)
  Running img_146.npy ... done (1.24s, 49.44MB)
  Running img_147.npy ... done (1.35s, 51.32MB)
  Running img_148.npy ... done (1.09s, 47.83MB)
  Running img_149.npy ... done (0.97s, 46.81MB)
  Running img_15.npy ... done (1.20s, 49.29MB)
  Running img_150.npy ... done (1.21s, 48.80MB)
  Running img_151.npy ... done (1.12s, 47.78MB)
  Running img_152.npy ... done (1.14s, 48.94MB)
  Running img_153.npy ... done (1.23s, 46.05MB)
  Running img_154.npy ... done (1.10s, 46.13MB)
  Running img_155.npy ... done (1.21s, 46.05MB)
  Running img_156.npy ... done (1.10s, 46.13MB)
  Running img_157.npy ... done (1.16s, 48.90MB)
  Running img_158.npy ... done (1.06s, 49.83MB)
  Running img_159.npy ... done (0.99s, 47.15MB)
  Running img_16.npy ... done (0.98s, 51.80MB)
  Running img_160.npy ... done (1.08s, 47.21MB)
  Running img_161.npy ... done (1.25s, 50.93MB)
  Running img_162.npy ... done (1.16s, 52.62MB)
  Running img_163.npy ... done (1.28s, 50.59MB)
  Running img_164.npy ... done (1.42s, 50.03MB)
  Running img_165.npy ... done (1.46s, 49.21MB)
  Running img_166.npy ... done (1.14s, 51.58MB)
  Running img_167.npy ... done (1.08s, 43.46MB)
  Running img_168.npy ... done (1.01s, 46.74MB)
  Running img_169.npy ... done (1.11s, 48.75MB)
  Running img_17.npy ... done (1.24s, 48.84MB)
  Running img_170.npy ... done (1.16s, 48.18MB)
  Running img_171.npy ... done (1.14s, 48.97MB)
  Running img_172.npy ... done (1.27s, 50.87MB)
  Running img_173.npy ... done (1.10s, 51.15MB)
  Running img_174.npy ... done (1.27s, 46.29MB)
  Running img_175.npy ... done (1.16s, 47.67MB)
  Running img_176.npy ... done (1.02s, 50.26MB)
  Running img_177.npy ... done (1.15s, 46.18MB)
  Running img_178.npy ... done (1.12s, 47.94MB)
  Running img_179.npy ... done (1.17s, 46.32MB)
  Running img_18.npy ... done (1.15s, 47.92MB)
  Running img_180.npy ... done (1.43s, 48.67MB)
  Running img_181.npy ... done (1.28s, 49.21MB)
  Running img_182.npy ... done (1.23s, 49.08MB)
  Running img_183.npy ... done (1.06s, 46.29MB)
  Running img_184.npy ... done (1.19s, 49.54MB)
  Running img_185.npy ... done (1.39s, 47.33MB)
  Running img_186.npy ... done (1.11s, 50.33MB)
  Running img_187.npy ... done (1.12s, 47.82MB)
  Running img_188.npy ... done (1.15s, 48.17MB)
  Running img_189.npy ... done (1.23s, 47.06MB)
  Running img_19.npy ... done (1.31s, 50.98MB)
  Running img_190.npy ... done (1.12s, 51.59MB)
  Running img_191.npy ... done (1.12s, 49.09MB)
  Running img_192.npy ... done (1.39s, 54.25MB)
  Running img_193.npy ... done (1.23s, 45.91MB)
  Running img_194.npy ... done (1.17s, 49.11MB)
  Running img_195.npy ... done (1.24s, 52.75MB)
  Running img_196.npy ... done (1.08s, 46.43MB)
  Running img_197.npy ... done (1.15s, 49.89MB)
  Running img_198.npy ... done (1.05s, 50.91MB)
  Running img_199.npy ... done (1.00s, 46.55MB)
  Running img_2.npy ... done (1.07s, 51.91MB)
  Running img_20.npy ... done (1.26s, 45.78MB)
  Running img_200.npy ... done (1.22s, 51.78MB)
  Running img_201.npy ... done (1.23s, 45.57MB)
  Running img_202.npy ... done (1.25s, 48.04MB)
  Running img_203.npy ... done (1.01s, 49.23MB)
  Running img_204.npy ... done (1.12s, 46.15MB)
  Running img_205.npy ... done (1.28s, 48.92MB)
  Running img_206.npy ... done (1.11s, 48.77MB)
  Running img_207.npy ... done (1.09s, 49.08MB)
  Running img_208.npy ... done (1.25s, 51.85MB)
  Running img_209.npy ... done (1.25s, 50.79MB)
  Running img_21.npy ... done (1.16s, 45.71MB)
  Running img_210.npy ... done (1.01s, 46.86MB)
  Running img_211.npy ... done (1.06s, 47.22MB)
  Running img_212.npy ... done (1.28s, 47.62MB)
  Running img_213.npy ... done (1.24s, 50.86MB)
  Running img_214.npy ... done (1.17s, 45.86MB)
  Running img_215.npy ... done (1.30s, 48.61MB)
  Running img_216.npy ... done (1.13s, 47.83MB)
  Running img_217.npy ... done (0.97s, 43.23MB)
  Running img_218.npy ... done (1.03s, 48.76MB)
  Running img_219.npy ... done (1.20s, 46.81MB)
  Running img_22.npy ... done (1.18s, 47.31MB)
  Running img_220.npy ... done (1.12s, 49.29MB)
  Running img_221.npy ... done (1.15s, 41.05MB)
  Running img_222.npy ... done (1.30s, 50.20MB)
  Running img_223.npy ... done (1.17s, 46.90MB)
  Running img_224.npy ... done (1.02s, 46.02MB)
  Running img_225.npy ... done (1.14s, 51.93MB)
  Running img_226.npy ... done (1.22s, 46.24MB)
  Running img_227.npy ... done (1.33s, 46.79MB)
  Running img_228.npy ... done (1.24s, 50.25MB)
  Running img_229.npy ... done (1.30s, 52.43MB)
  Running img_23.npy ... done (1.09s, 46.43MB)
  Running img_230.npy ... done (1.14s, 47.34MB)
  Running img_231.npy ... done (1.07s, 47.32MB)
  Running img_232.npy ... done (1.19s, 48.33MB)
  Running img_233.npy ... done (1.19s, 51.84MB)
  Running img_234.npy ... done (1.13s, 47.89MB)
  Running img_235.npy ... done (0.98s, 46.50MB)
  Running img_236.npy ... done (0.96s, 41.43MB)
  Running img_237.npy ... done (1.05s, 47.35MB)
  Running img_238.npy ... done (1.10s, 46.25MB)
  Running img_239.npy ... done (1.23s, 46.80MB)
  Running img_24.npy ... done (1.28s, 53.04MB)
  Running img_240.npy ... done (1.17s, 51.70MB)
  Running img_241.npy ... done (1.00s, 46.55MB)
  Running img_242.npy ... done (1.05s, 48.79MB)
  Running img_243.npy ... done (1.23s, 47.46MB)
  Running img_244.npy ... done (1.00s, 48.09MB)
  Running img_245.npy ... done (1.15s, 51.68MB)
  Running img_246.npy ... done (1.01s, 48.75MB)
  Running img_247.npy ... done (1.13s, 52.46MB)
  Running img_248.npy ... done (1.23s, 46.40MB)
  Running img_249.npy ... done (1.17s, 48.91MB)
  Running img_25.npy ... done (1.07s, 42.16MB)
  Running img_250.npy ... done (1.29s, 48.56MB)
  Running img_251.npy ... done (1.36s, 46.70MB)
  Running img_252.npy ... done (1.11s, 49.56MB)
  Running img_253.npy ... done (1.17s, 49.50MB)
  Running img_254.npy ... done (1.14s, 46.12MB)
  Running img_255.npy ... done (1.14s, 47.80MB)
  Running img_256.npy ... done (1.06s, 50.40MB)
  Running img_257.npy ... done (1.23s, 51.62MB)
  Running img_258.npy ... done (1.11s, 49.28MB)
  Running img_259.npy ... done (1.20s, 49.03MB)
  Running img_26.npy ... done (1.08s, 42.57MB)
  Running img_260.npy ... done (1.03s, 46.10MB)
  Running img_261.npy ... done (1.08s, 51.61MB)
  Running img_262.npy ... done (1.30s, 52.20MB)
  Running img_263.npy ... done (1.12s, 46.82MB)
  Running img_264.npy ... done (1.29s, 50.15MB)
  Running img_265.npy ... done (1.22s, 46.11MB)
  Running img_266.npy ... done (1.05s, 46.32MB)
  Running img_267.npy ... done (1.14s, 45.67MB)
  Running img_268.npy ... done (1.04s, 48.65MB)
  Running img_269.npy ... done (1.12s, 48.98MB)
  Running img_27.npy ... done (1.16s, 51.37MB)
  Running img_270.npy ... done (1.32s, 51.02MB)
  Running img_271.npy ... done (1.20s, 48.82MB)
  Running img_272.npy ... done (1.30s, 48.66MB)
  Running img_273.npy ... done (1.39s, 50.74MB)
  Running img_274.npy ... done (1.26s, 47.54MB)
  Running img_275.npy ... done (1.29s, 49.07MB)
  Running img_276.npy ... done (1.58s, 50.14MB)
  Running img_277.npy ... done (0.98s, 47.51MB)
  Running img_278.npy ... done (1.20s, 50.63MB)
  Running img_279.npy ... done (1.26s, 51.10MB)
  Running img_28.npy ... done (1.12s, 48.86MB)
  Running img_280.npy ... done (1.38s, 49.02MB)
  Running img_281.npy ... done (1.14s, 46.31MB)
  Running img_282.npy ... done (1.09s, 50.30MB)
  Running img_283.npy ... done (1.46s, 53.87MB)
  Running img_284.npy ... done (1.11s, 50.52MB)
  Running img_285.npy ... done (1.30s, 51.96MB)
  Running img_286.npy ... done (1.21s, 48.95MB)
  Running img_287.npy ... done (1.26s, 49.63MB)
  Running img_288.npy ... done (1.00s, 49.07MB)
  Running img_289.npy ... done (1.04s, 47.98MB)
  Running img_29.npy ... done (1.05s, 46.39MB)
  Running img_290.npy ... done (1.12s, 49.53MB)
  Running img_291.npy ... done (1.03s, 48.66MB)
  Running img_292.npy ... done (1.36s, 47.11MB)
  Running img_293.npy ... done (1.09s, 49.37MB)
  Running img_294.npy ... done (1.18s, 53.55MB)
  Running img_295.npy ... done (1.46s, 47.70MB)
  Running img_296.npy ... done (1.18s, 48.29MB)
  Running img_297.npy ... done (1.28s, 54.48MB)
  Running img_298.npy ... done (1.17s, 48.50MB)
  Running img_299.npy ... done (1.13s, 46.51MB)
  Running img_3.npy ... done (1.15s, 46.21MB)
  Running img_30.npy ... done (1.24s, 47.18MB)
  Running img_300.npy ... done (1.13s, 47.74MB)
  Running img_301.npy ... done (0.95s, 49.32MB)
  Running img_302.npy ... done (1.07s, 47.64MB)
  Running img_303.npy ... done (1.00s, 46.26MB)
  Running img_304.npy ... done (1.31s, 49.29MB)
  Running img_305.npy ... done (1.33s, 51.42MB)
  Running img_306.npy ... done (1.23s, 51.38MB)
  Running img_307.npy ... done (1.18s, 51.68MB)
  Running img_308.npy ... done (1.31s, 50.53MB)
  Running img_309.npy ... done (1.39s, 49.95MB)
  Running img_31.npy ... done (1.18s, 53.08MB)
  Running img_310.npy ... done (1.13s, 50.49MB)
  Running img_311.npy ... done (1.26s, 53.12MB)
  Running img_312.npy ... done (1.13s, 51.42MB)
  Running img_313.npy ... done (1.17s, 46.39MB)
  Running img_314.npy ... done (1.65s, 51.54MB)
  Running img_315.npy ... done (1.07s, 41.99MB)
  Running img_316.npy ... done (1.19s, 51.97MB)
  Running img_317.npy ... done (1.26s, 49.84MB)
  Running img_318.npy ... done (1.09s, 46.53MB)
  Running img_319.npy ... done (1.07s, 49.47MB)
  Running img_32.npy ... done (1.25s, 50.33MB)
  Running img_320.npy ... done (1.15s, 53.38MB)
  Running img_321.npy ... done (1.42s, 50.17MB)
  Running img_322.npy ... done (1.15s, 52.95MB)
  Running img_323.npy ... done (1.13s, 40.76MB)
  Running img_324.npy ... done (1.08s, 49.09MB)
  Running img_325.npy ... done (1.24s, 52.82MB)
  Running img_326.npy ... done (1.19s, 46.41MB)
  Running img_327.npy ... done (1.12s, 48.71MB)
  Running img_328.npy ... done (1.24s, 47.91MB)
  Running img_329.npy ... done (1.25s, 51.23MB)
  Running img_33.npy ... done (1.07s, 50.21MB)
  Running img_330.npy ... done (1.16s, 49.16MB)
  Running img_331.npy ... done (1.26s, 48.02MB)
  Running img_332.npy ... done (1.21s, 47.04MB)
  Running img_333.npy ... done (1.35s, 50.39MB)
  Running img_334.npy ... done (1.20s, 47.54MB)
  Running img_335.npy ... done (1.09s, 49.05MB)
  Running img_336.npy ... done (1.16s, 48.99MB)
  Running img_337.npy ... done (1.11s, 50.18MB)
  Running img_338.npy ... done (1.04s, 46.52MB)
  Running img_339.npy ... done (1.22s, 46.12MB)
  Running img_34.npy ... done (1.40s, 51.41MB)
  Running img_340.npy ... done (1.24s, 51.03MB)
  Running img_341.npy ... done (1.23s, 45.97MB)
  Running img_342.npy ... done (1.13s, 49.77MB)
  Running img_343.npy ... done (1.08s, 46.85MB)
  Running img_344.npy ... done (1.35s, 49.06MB)
  Running img_345.npy ... done (1.15s, 47.54MB)
  Running img_346.npy ... done (1.21s, 51.38MB)
  Running img_347.npy ... done (1.31s, 48.16MB)
  Running img_348.npy ... done (1.16s, 46.24MB)
  Running img_349.npy ... done (1.20s, 49.06MB)
  Running img_35.npy ... done (1.50s, 51.39MB)
  Running img_350.npy ... done (1.22s, 48.14MB)
  Running img_351.npy ... done (0.97s, 49.34MB)
  Running img_352.npy ... done (1.27s, 51.36MB)
  Running img_353.npy ... done (1.59s, 46.84MB)
  Running img_354.npy ... done (1.29s, 48.68MB)
  Running img_355.npy ... done (1.11s, 46.53MB)
  Running img_356.npy ... done (1.06s, 46.74MB)
  Running img_357.npy ... done (1.26s, 49.96MB)
  Running img_358.npy ... done (1.08s, 48.96MB)
  Running img_359.npy ... done (1.11s, 47.07MB)
  Running img_36.npy ... done (1.18s, 48.95MB)
  Running img_360.npy ... done (1.06s, 46.39MB)
  Running img_361.npy ... done (1.17s, 49.91MB)
  Running img_362.npy ... done (1.38s, 45.89MB)
  Running img_363.npy ... done (1.15s, 48.53MB)
  Running img_364.npy ... done (1.17s, 50.39MB)
  Running img_365.npy ... done (1.08s, 47.67MB)
  Running img_366.npy ... done (1.15s, 48.32MB)
  Running img_367.npy ... done (1.12s, 51.83MB)
  Running img_368.npy ... done (1.15s, 50.54MB)
  Running img_369.npy ... done (1.14s, 49.15MB)
  Running img_37.npy ... done (1.32s, 48.04MB)
  Running img_370.npy ... done (1.27s, 50.83MB)
  Running img_371.npy ... done (0.93s, 46.48MB)
  Running img_372.npy ... done (1.09s, 47.15MB)
  Running img_373.npy ... done (1.21s, 50.32MB)
  Running img_374.npy ... done (0.97s, 47.14MB)
  Running img_375.npy ... done (1.16s, 49.86MB)
  Running img_376.npy ... done (1.29s, 52.05MB)
  Running img_377.npy ... done (1.20s, 49.23MB)
  Running img_378.npy ... done (1.18s, 51.56MB)
  Running img_379.npy ... done (1.08s, 48.76MB)
  Running img_38.npy ... done (1.26s, 46.03MB)
  Running img_380.npy ... done (1.03s, 42.40MB)
  Running img_381.npy ... done (1.20s, 42.51MB)
  Running img_382.npy ... done (1.23s, 48.32MB)
  Running img_383.npy ... done (1.17s, 47.32MB)
  Running img_384.npy ... done (1.26s, 47.73MB)
  Running img_385.npy ... done (1.25s, 49.24MB)
  Running img_386.npy ... done (1.12s, 51.45MB)
  Running img_387.npy ... done (1.08s, 48.98MB)
  Running img_388.npy ... done (1.05s, 49.10MB)
  Running img_389.npy ... done (1.03s, 48.90MB)
  Running img_39.npy ... done (1.30s, 48.63MB)
  Running img_390.npy ... done (1.28s, 49.12MB)
  Running img_391.npy ... done (1.34s, 51.35MB)
  Running img_392.npy ... done (1.10s, 47.89MB)
  Running img_393.npy ... done (1.56s, 46.55MB)
  Running img_394.npy ... done (1.38s, 46.11MB)
  Running img_395.npy ... done (1.10s, 54.99MB)
  Running img_396.npy ... done (1.05s, 46.23MB)
  Running img_397.npy ... done (1.15s, 44.98MB)
  Running img_398.npy ... done (1.19s, 49.55MB)
  Running img_399.npy ... done (1.26s, 48.32MB)
  Running img_4.npy ... done (1.35s, 46.23MB)
  Running img_40.npy ... done (1.02s, 42.30MB)
  Running img_400.npy ... done (1.20s, 50.79MB)
  Running img_401.npy ... done (1.11s, 50.57MB)
  Running img_402.npy ... done (1.25s, 48.92MB)
  Running img_403.npy ... done (0.97s, 48.75MB)
  Running img_404.npy ... done (1.21s, 48.65MB)
  Running img_405.npy ... done (1.21s, 51.11MB)
  Running img_406.npy ... done (1.07s, 46.77MB)
  Running img_407.npy ... done (1.18s, 50.31MB)
  Running img_408.npy ... done (1.18s, 47.96MB)
  Running img_409.npy ... done (1.17s, 51.98MB)
  Running img_41.npy ... done (1.15s, 52.10MB)
  Running img_410.npy ... done (1.13s, 47.05MB)
  Running img_411.npy ... done (1.12s, 51.48MB)
  Running img_412.npy ... done (1.21s, 51.58MB)
  Running img_413.npy ... done (1.27s, 48.69MB)
  Running img_414.npy ... done (1.14s, 51.43MB)
  Running img_415.npy ... done (1.13s, 41.32MB)
  Running img_416.npy ... done (1.25s, 51.71MB)
  Running img_417.npy ... done (1.13s, 49.50MB)
  Running img_418.npy ... done (1.19s, 49.41MB)
  Running img_419.npy ... done (1.26s, 49.00MB)
  Running img_42.npy ... done (1.16s, 52.50MB)
  Running img_420.npy ... done (1.12s, 46.23MB)
  Running img_421.npy ... done (1.23s, 47.08MB)
  Running img_422.npy ... done (1.22s, 48.14MB)
  Running img_423.npy ... done (1.18s, 49.06MB)
  Running img_424.npy ... done (1.16s, 48.27MB)
  Running img_425.npy ... done (1.20s, 48.26MB)
  Running img_426.npy ... done (1.14s, 50.34MB)
  Running img_427.npy ... done (1.33s, 49.17MB)
  Running img_428.npy ... done (1.15s, 51.54MB)
  Running img_429.npy ... done (1.12s, 47.50MB)
  Running img_43.npy ... done (1.06s, 52.10MB)
  Running img_430.npy ... done (1.26s, 48.98MB)
  Running img_431.npy ... done (0.99s, 46.38MB)
  Running img_432.npy ... done (1.59s, 46.53MB)
  Running img_433.npy ... done (1.13s, 40.80MB)
  Running img_434.npy ... done (1.13s, 54.37MB)
  Running img_435.npy ... done (1.21s, 51.10MB)
  Running img_436.npy ... done (1.30s, 48.36MB)
  Running img_437.npy ... done (1.20s, 49.14MB)
  Running img_438.npy ... done (1.06s, 52.12MB)
  Running img_439.npy ... done (1.18s, 45.82MB)
  Running img_44.npy ... done (1.06s, 42.71MB)
  Running img_440.npy ... done (1.12s, 46.90MB)
  Running img_441.npy ... done (1.37s, 51.75MB)
  Running img_442.npy ... done (1.06s, 47.60MB)
  Running img_443.npy ... done (1.11s, 46.06MB)
  Running img_444.npy ... done (1.04s, 50.67MB)
  Running img_445.npy ... done (1.08s, 48.83MB)
  Running img_446.npy ... done (1.20s, 54.24MB)
  Running img_447.npy ... done (1.40s, 49.30MB)
  Running img_448.npy ... done (1.02s, 50.63MB)
  Running img_449.npy ... done (1.03s, 49.39MB)
  Running img_45.npy ... done (1.15s, 49.23MB)
  Running img_450.npy ... done (1.01s, 50.16MB)
  Running img_451.npy ... done (1.01s, 46.62MB)
  Running img_452.npy ... done (1.06s, 53.68MB)
  Running img_453.npy ... done (1.13s, 51.19MB)
  Running img_454.npy ... done (1.25s, 48.75MB)
  Running img_455.npy ... done (1.11s, 45.91MB)
  Running img_456.npy ... done (1.26s, 49.11MB)
  Running img_457.npy ... done (1.22s, 41.52MB)
  Running img_458.npy ... done (1.07s, 49.14MB)
  Running img_459.npy ... done (1.02s, 42.87MB)
  Running img_46.npy ... done (1.29s, 50.91MB)
  Running img_460.npy ... done (1.24s, 51.20MB)
  Running img_461.npy ... done (0.96s, 46.90MB)
  Running img_462.npy ... done (1.06s, 48.35MB)
  Running img_463.npy ... done (1.09s, 42.18MB)
  Running img_464.npy ... done (1.37s, 50.02MB)
  Running img_465.npy ... done (1.05s, 46.24MB)
  Running img_466.npy ... done (1.07s, 46.14MB)
  Running img_467.npy ... done (1.26s, 50.54MB)
  Running img_468.npy ... done (1.11s, 50.07MB)
  Running img_469.npy ... done (1.07s, 50.14MB)
  Running img_47.npy ... done (1.18s, 48.14MB)
  Running img_470.npy ... done (1.13s, 48.48MB)
  Running img_471.npy ... done (1.33s, 50.93MB)
  Running img_472.npy ... done (1.73s, 50.63MB)
  Running img_473.npy ... done (1.18s, 47.55MB)
  Running img_474.npy ... done (1.12s, 42.18MB)
  Running img_475.npy ... done (1.07s, 46.30MB)
  Running img_476.npy ... done (1.17s, 49.17MB)
  Running img_477.npy ... done (1.27s, 49.20MB)
  Running img_478.npy ... done (1.09s, 46.82MB)
  Running img_479.npy ... done (1.25s, 49.99MB)
  Running img_48.npy ... done (1.40s, 50.79MB)
  Running img_480.npy ... done (1.05s, 47.26MB)
  Running img_481.npy ... done (1.19s, 52.96MB)
  Running img_482.npy ... done (1.23s, 45.48MB)
  Running img_483.npy ... done (1.08s, 49.10MB)
  Running img_484.npy ... done (1.12s, 41.84MB)
  Running img_485.npy ... done (1.21s, 50.01MB)
  Running img_486.npy ... done (1.12s, 46.31MB)
  Running img_487.npy ... done (1.19s, 48.63MB)
  Running img_488.npy ... done (1.20s, 51.70MB)
  Running img_489.npy ... done (1.24s, 47.51MB)
  Running img_49.npy ... done (1.04s, 46.98MB)
  Running img_490.npy ... done (1.21s, 51.11MB)
  Running img_491.npy ... done (1.26s, 50.41MB)
  Running img_492.npy ... done (1.23s, 50.12MB)
  Running img_493.npy ... done (1.07s, 48.95MB)
  Running img_494.npy ... done (1.11s, 48.96MB)
  Running img_495.npy ... done (0.97s, 40.95MB)
  Running img_496.npy ... done (1.23s, 49.07MB)
  Running img_497.npy ... done (1.21s, 46.67MB)
  Running img_498.npy ... done (1.16s, 51.93MB)
  Running img_499.npy ... done (1.22s, 49.14MB)
  Running img_5.npy ... done (1.27s, 50.73MB)
  Running img_50.npy ... done (1.11s, 46.16MB)
  Running img_500.npy ... done (1.29s, 46.22MB)
  Running img_501.npy ... done (1.04s, 49.73MB)
  Running img_502.npy ... done (1.20s, 47.96MB)
  Running img_503.npy ... done (1.15s, 51.57MB)
  Running img_504.npy ... done (1.38s, 51.45MB)
  Running img_505.npy ... done (1.16s, 51.07MB)
  Running img_506.npy ... done (1.27s, 52.05MB)
  Running img_507.npy ... done (1.14s, 50.98MB)
  Running img_508.npy ... done (1.45s, 50.99MB)
  Running img_509.npy ... done (1.38s, 51.09MB)
  Running img_51.npy ... done (1.03s, 51.25MB)
  Running img_510.npy ... done (1.16s, 47.64MB)
  Running img_511.npy ... done (0.91s, 46.48MB)
  Running img_512.npy ... done (0.98s, 42.57MB)
  Running img_513.npy ... done (1.04s, 48.06MB)
  Running img_514.npy ... done (1.13s, 47.48MB)
  Running img_515.npy ... done (1.20s, 50.07MB)
  Running img_516.npy ... done (1.09s, 47.78MB)
  Running img_517.npy ... done (1.22s, 50.93MB)
  Running img_518.npy ... done (1.05s, 46.33MB)
  Running img_519.npy ... done (1.14s, 48.06MB)
  Running img_52.npy ... done (1.32s, 51.00MB)
  Running img_520.npy ... done (1.16s, 50.14MB)
  Running img_521.npy ... done (1.20s, 50.22MB)
  Running img_522.npy ... done (1.25s, 48.06MB)
  Running img_523.npy ... done (1.08s, 42.84MB)
  Running img_524.npy ... done (1.18s, 48.37MB)
  Running img_525.npy ... done (1.17s, 42.27MB)
  Running img_526.npy ... done (1.03s, 48.73MB)
  Running img_527.npy ... done (1.14s, 48.87MB)
  Running img_528.npy ... done (1.09s, 48.62MB)
  Running img_529.npy ... done (1.41s, 48.95MB)
  Running img_53.npy ... done (1.17s, 49.37MB)
  Running img_530.npy ... done (1.14s, 51.39MB)
  Running img_531.npy ... done (1.31s, 50.61MB)
  Running img_532.npy ... done (1.19s, 48.17MB)
  Running img_533.npy ... done (1.10s, 47.57MB)
  Running img_534.npy ... done (1.21s, 48.79MB)
  Running img_535.npy ... done (0.98s, 49.02MB)
  Running img_536.npy ... done (1.11s, 51.69MB)
  Running img_537.npy ... done (1.30s, 45.59MB)
  Running img_538.npy ... done (1.05s, 47.35MB)
  Running img_539.npy ... done (1.12s, 48.52MB)
  Running img_54.npy ... done (1.22s, 51.57MB)
  Running img_540.npy ... done (1.14s, 48.91MB)
  Running img_541.npy ... done (1.24s, 45.86MB)
  Running img_542.npy ... done (1.07s, 46.79MB)
  Running img_543.npy ... done (1.20s, 50.46MB)
  Running img_544.npy ... done (1.26s, 53.50MB)
  Running img_545.npy ... done (1.07s, 49.23MB)
  Running img_546.npy ... done (1.28s, 46.08MB)
  Running img_547.npy ... done (1.06s, 51.59MB)
  Running img_548.npy ... done (1.07s, 49.03MB)
  Running img_549.npy ... done (1.29s, 48.79MB)
  Running img_55.npy ... done (1.10s, 48.31MB)
  Running img_550.npy ... done (1.03s, 46.29MB)
  Running img_551.npy ... done (1.26s, 48.61MB)
  Running img_552.npy ... done (1.22s, 50.18MB)
  Running img_553.npy ... done (1.22s, 49.27MB)
  Running img_554.npy ... done (1.11s, 47.63MB)
  Running img_555.npy ... done (1.19s, 51.80MB)
  Running img_556.npy ... done (1.20s, 47.52MB)
  Running img_557.npy ... done (0.97s, 48.86MB)
  Running img_558.npy ... done (1.16s, 51.16MB)
  Running img_559.npy ... done (1.11s, 46.13MB)
  Running img_56.npy ... done (1.12s, 46.64MB)
  Running img_560.npy ... done (0.96s, 41.55MB)
  Running img_561.npy ... done (1.19s, 44.46MB)
  Running img_562.npy ... done (1.32s, 49.02MB)
  Running img_563.npy ... done (1.14s, 46.18MB)
  Running img_564.npy ... done (1.10s, 46.10MB)
  Running img_565.npy ... done (1.02s, 49.53MB)
  Running img_566.npy ... done (1.03s, 48.51MB)
  Running img_567.npy ... done (1.29s, 51.65MB)
  Running img_568.npy ... done (1.13s, 46.62MB)
  Running img_569.npy ... done (1.16s, 47.78MB)
  Running img_57.npy ... done (1.09s, 49.08MB)
  Running img_570.npy ... done (1.10s, 48.86MB)
  Running img_571.npy ... done (1.24s, 51.98MB)
  Running img_572.npy ... done (1.11s, 47.79MB)
  Running img_573.npy ... done (1.14s, 54.18MB)
  Running img_574.npy ... done (1.23s, 46.89MB)
  Running img_575.npy ... done (1.23s, 47.55MB)
  Running img_576.npy ... done (1.18s, 47.57MB)
  Running img_577.npy ... done (1.29s, 48.86MB)
  Running img_578.npy ... done (1.43s, 48.40MB)
  Running img_579.npy ... done (1.24s, 50.73MB)
  Running img_58.npy ... done (1.02s, 48.94MB)
  Running img_580.npy ... done (1.08s, 46.11MB)
  Running img_581.npy ... done (1.12s, 48.69MB)
  Running img_582.npy ... done (1.27s, 47.35MB)
  Running img_583.npy ... done (1.24s, 49.04MB)
  Running img_584.npy ... done (1.21s, 54.15MB)
  Running img_585.npy ... done (1.05s, 49.10MB)
  Running img_586.npy ... done (1.16s, 48.73MB)
  Running img_587.npy ... done (1.23s, 46.18MB)
  Running img_588.npy ... done (1.21s, 50.95MB)
  Running img_589.npy ... done (1.30s, 49.87MB)
  Running img_59.npy ... done (1.17s, 48.84MB)
  Running img_590.npy ... done (1.08s, 45.96MB)
  Running img_591.npy ... done (1.12s, 48.45MB)
  Running img_592.npy ... done (1.01s, 51.87MB)
  Running img_593.npy ... done (1.05s, 48.20MB)
  Running img_594.npy ... done (0.97s, 46.60MB)
  Running img_595.npy ... done (1.30s, 52.18MB)
  Running img_596.npy ... done (1.30s, 54.17MB)
  Running img_597.npy ... done (1.01s, 48.95MB)
  Running img_598.npy ... done (0.94s, 52.16MB)
  Running img_599.npy ... done (1.28s, 46.89MB)
  Running img_6.npy ... done (1.19s, 48.29MB)
  Running img_60.npy ... done (0.89s, 49.00MB)
  Running img_600.npy ... done (1.08s, 46.32MB)
  Running img_601.npy ... done (1.11s, 47.43MB)
  Running img_602.npy ... done (1.13s, 48.60MB)
  Running img_603.npy ... done (1.18s, 46.18MB)
  Running img_604.npy ... done (1.12s, 48.53MB)
  Running img_605.npy ... done (1.09s, 49.15MB)
  Running img_606.npy ... done (1.31s, 48.58MB)
  Running img_607.npy ... done (1.17s, 51.97MB)
  Running img_608.npy ... done (1.15s, 47.98MB)
  Running img_609.npy ... done (1.03s, 48.91MB)
  Running img_61.npy ... done (1.26s, 53.36MB)
  Running img_610.npy ... done (1.38s, 50.59MB)
  Running img_611.npy ... done (1.02s, 46.75MB)
  Running img_612.npy ... done (1.23s, 50.34MB)
  Running img_613.npy ... done (1.15s, 48.43MB)
  Running img_614.npy ... done (1.06s, 45.92MB)
  Running img_615.npy ... done (1.11s, 48.16MB)
  Running img_616.npy ... done (1.13s, 47.11MB)
  Running img_617.npy ... done (1.24s, 47.59MB)
  Running img_618.npy ... done (0.99s, 46.66MB)
  Running img_619.npy ... done (1.07s, 48.38MB)
  Running img_62.npy ... done (0.96s, 48.70MB)
  Running img_620.npy ... done (1.05s, 45.12MB)
  Running img_621.npy ... done (1.23s, 48.93MB)
  Running img_622.npy ... done (1.07s, 49.36MB)
  Running img_623.npy ... done (1.11s, 48.64MB)
  Running img_624.npy ... done (1.26s, 48.05MB)
  Running img_625.npy ... done (1.40s, 48.94MB)
  Running img_626.npy ... done (1.13s, 46.01MB)
  Running img_627.npy ... done (1.29s, 48.62MB)
  Running img_628.npy ... done (1.09s, 45.92MB)
  Running img_629.npy ... done (1.34s, 52.20MB)
  Running img_63.npy ... done (1.24s, 46.59MB)
  Running img_630.npy ... done (1.12s, 47.66MB)
  Running img_631.npy ... done (1.32s, 47.64MB)
  Running img_632.npy ... done (1.05s, 45.96MB)
  Running img_633.npy ... done (1.11s, 50.74MB)
  Running img_634.npy ... done (1.21s, 49.98MB)
  Running img_635.npy ... done (1.23s, 49.12MB)
  Running img_636.npy ... done (1.28s, 51.48MB)
  Running img_637.npy ... done (0.99s, 47.13MB)
  Running img_638.npy ... done (1.13s, 49.16MB)
  Running img_639.npy ... done (1.47s, 51.62MB)
  Running img_64.npy ... done (1.03s, 49.15MB)
  Running img_640.npy ... done (1.21s, 50.97MB)
  Running img_641.npy ... done (1.32s, 53.13MB)
  Running img_642.npy ... done (1.23s, 51.20MB)
  Running img_643.npy ... done (1.10s, 52.90MB)
  Running img_644.npy ... done (1.17s, 45.64MB)
  Running img_645.npy ... done (1.09s, 49.98MB)
  Running img_646.npy ... done (1.17s, 48.73MB)
  Running img_647.npy ... done (1.33s, 51.70MB)
  Running img_648.npy ... done (0.97s, 46.22MB)
  Running img_649.npy ... done (1.18s, 50.31MB)
  Running img_65.npy ... done (1.19s, 46.18MB)
  Running img_650.npy ... done (1.20s, 46.47MB)
  Running img_651.npy ... done (1.11s, 46.36MB)
  Running img_652.npy ... done (1.16s, 49.88MB)
  Running img_653.npy ... done (1.19s, 48.36MB)
  Running img_654.npy ... done (1.09s, 50.70MB)
  Running img_655.npy ... done (1.10s, 48.61MB)
  Running img_656.npy ... done (1.13s, 47.47MB)
  Running img_657.npy ... done (1.03s, 46.11MB)
  Running img_658.npy ... done (1.01s, 41.39MB)
  Running img_659.npy ... done (1.15s, 48.29MB)
  Running img_66.npy ... done (1.11s, 50.20MB)
  Running img_660.npy ... done (1.13s, 49.15MB)
  Running img_661.npy ... done (1.11s, 46.17MB)
  Running img_662.npy ... done (1.03s, 51.25MB)
  Running img_663.npy ... done (1.26s, 49.10MB)
  Running img_664.npy ... done (1.00s, 47.18MB)
  Running img_665.npy ... done (1.08s, 50.59MB)
  Running img_666.npy ... done (1.30s, 52.68MB)
  Running img_667.npy ... done (1.28s, 48.82MB)
  Running img_668.npy ... done (1.08s, 46.39MB)
  Running img_669.npy ... done (1.07s, 47.25MB)
  Running img_67.npy ... done (1.33s, 49.10MB)
  Running img_670.npy ... done (1.35s, 50.12MB)
  Running img_671.npy ... done (1.03s, 46.29MB)
  Running img_672.npy ... done (1.16s, 48.03MB)
  Running img_673.npy ... done (1.30s, 51.08MB)
  Running img_674.npy ... done (1.25s, 48.68MB)
  Running img_675.npy ... done (1.13s, 50.36MB)
  Running img_676.npy ... done (1.31s, 46.87MB)
  Running img_677.npy ... done (1.07s, 49.15MB)
  Running img_678.npy ... done (0.91s, 49.23MB)
  Running img_679.npy ... done (1.08s, 50.86MB)
  Running img_68.npy ... done (1.22s, 50.36MB)
  Running img_680.npy ... done (1.05s, 43.13MB)
  Running img_681.npy ... done (1.27s, 51.52MB)
  Running img_682.npy ... done (0.89s, 46.32MB)
  Running img_683.npy ... done (1.06s, 45.20MB)
  Running img_684.npy ... done (1.19s, 50.89MB)
  Running img_685.npy ... done (1.18s, 46.12MB)
  Running img_686.npy ... done (1.39s, 48.93MB)
  Running img_687.npy ... done (1.08s, 46.26MB)
  Running img_688.npy ... done (1.18s, 53.61MB)
  Running img_689.npy ... done (1.39s, 50.78MB)
  Running img_69.npy ... done (1.14s, 50.52MB)
  Running img_690.npy ... done (1.07s, 47.53MB)
  Running img_691.npy ... done (1.08s, 44.57MB)
  Running img_692.npy ... done (1.31s, 50.14MB)
  Running img_693.npy ... done (0.96s, 42.34MB)
  Running img_694.npy ... done (1.31s, 48.00MB)
  Running img_695.npy ... done (0.93s, 46.34MB)
  Running img_696.npy ... done (1.15s, 48.64MB)
  Running img_697.npy ... done (1.22s, 49.49MB)
  Running img_698.npy ... done (1.05s, 48.81MB)
  Running img_699.npy ... done (1.27s, 46.74MB)
  Running img_7.npy ... done (1.25s, 46.33MB)
  Running img_70.npy ... done (1.22s, 48.79MB)
  Running img_700.npy ... done (1.24s, 49.52MB)
  Running img_701.npy ... done (1.11s, 54.31MB)
  Running img_702.npy ... done (1.09s, 52.33MB)
  Running img_703.npy ... done (1.12s, 43.49MB)
  Running img_704.npy ... done (1.04s, 52.01MB)
  Running img_705.npy ... done (1.18s, 50.97MB)
  Running img_706.npy ... done (1.22s, 51.64MB)
  Running img_707.npy ... done (1.21s, 50.77MB)
  Running img_708.npy ... done (1.26s, 50.45MB)
  Running img_709.npy ... done (1.12s, 47.69MB)
  Running img_71.npy ... done (1.11s, 49.04MB)
  Running img_710.npy ... done (1.22s, 50.15MB)
  Running img_711.npy ... done (1.11s, 49.08MB)
  Running img_712.npy ... done (1.20s, 49.31MB)
  Running img_713.npy ... done (0.95s, 41.25MB)
  Running img_714.npy ... done (1.14s, 51.34MB)
  Running img_715.npy ... done (1.23s, 46.54MB)
  Running img_716.npy ... done (0.96s, 40.89MB)
  Running img_717.npy ... done (1.10s, 48.01MB)
  Running img_718.npy ... done (1.16s, 49.89MB)
  Running img_719.npy ... done (1.03s, 46.11MB)
  Running img_72.npy ... done (1.15s, 49.10MB)
  Running img_720.npy ... done (1.36s, 47.70MB)
  Running img_721.npy ... done (1.23s, 48.99MB)
  Running img_722.npy ... done (1.19s, 51.79MB)
  Running img_723.npy ... done (1.04s, 48.95MB)
  Running img_724.npy ... done (1.18s, 46.34MB)
  Running img_725.npy ... done (1.23s, 46.48MB)
  Running img_726.npy ... done (1.15s, 48.57MB)
  Running img_727.npy ... done (1.17s, 51.14MB)
  Running img_728.npy ... done (0.99s, 40.62MB)
  Running img_729.npy ... done (1.17s, 48.26MB)
  Running img_73.npy ... done (1.15s, 49.25MB)
  Running img_730.npy ... done (1.23s, 50.14MB)
  Running img_731.npy ... done (1.11s, 48.71MB)
  Running img_732.npy ... done (1.19s, 48.70MB)
  Running img_733.npy ... done (1.08s, 50.77MB)
  Running img_734.npy ... done (1.19s, 48.43MB)
  Running img_735.npy ... done (1.24s, 50.37MB)
  Running img_736.npy ... done (1.14s, 47.60MB)
  Running img_737.npy ... done (1.26s, 48.23MB)
  Running img_738.npy ... done (1.10s, 43.45MB)
  Running img_739.npy ... done (1.31s, 51.61MB)
  Running img_74.npy ... done (1.21s, 46.10MB)
  Running img_740.npy ... done (1.13s, 47.83MB)
  Running img_741.npy ... done (1.19s, 46.06MB)
  Running img_742.npy ... done (1.16s, 48.87MB)
  Running img_743.npy ... done (1.22s, 50.40MB)
  Running img_744.npy ... done (1.09s, 48.70MB)
  Running img_745.npy ... done (1.27s, 48.96MB)
  Running img_746.npy ... done (1.24s, 49.39MB)
  Running img_747.npy ... done (1.21s, 49.96MB)
  Running img_748.npy ... done (1.21s, 50.16MB)
  Running img_749.npy ... done (1.15s, 48.84MB)
  Running img_75.npy ... done (1.29s, 52.20MB)
  Running img_750.npy ... done (1.06s, 51.43MB)
  Running img_751.npy ... done (1.11s, 46.41MB)
  Running img_752.npy ... done (1.11s, 47.57MB)
  Running img_753.npy ... done (1.00s, 47.66MB)
  Running img_754.npy ... done (1.26s, 49.39MB)
  Running img_755.npy ... done (1.21s, 47.45MB)
  Running img_756.npy ... done (1.10s, 49.98MB)
  Running img_757.npy ... done (1.27s, 45.60MB)
  Running img_758.npy ... done (1.16s, 50.06MB)
  Running img_759.npy ... done (0.96s, 49.61MB)
  Running img_76.npy ... done (1.35s, 48.82MB)
  Running img_760.npy ... done (1.10s, 46.12MB)
  Running img_761.npy ... done (1.05s, 46.76MB)
  Running img_762.npy ... done (1.06s, 48.86MB)
  Running img_763.npy ... done (1.12s, 48.72MB)
  Running img_764.npy ... done (1.08s, 46.03MB)
  Running img_765.npy ... done (1.08s, 47.10MB)
  Running img_766.npy ... done (0.93s, 46.03MB)
  Running img_767.npy ... done (1.24s, 51.89MB)
  Running img_768.npy ... done (1.24s, 48.94MB)
  Running img_769.npy ... done (0.99s, 41.58MB)
  Running img_77.npy ... done (1.12s, 48.11MB)
  Running img_770.npy ... done (1.08s, 51.43MB)
  Running img_771.npy ... done (1.17s, 49.33MB)
  Running img_772.npy ... done (1.12s, 50.14MB)
  Running img_773.npy ... done (0.93s, 50.01MB)
  Running img_774.npy ... done (1.20s, 49.50MB)
  Running img_775.npy ... done (1.29s, 54.35MB)
  Running img_776.npy ... done (1.14s, 47.35MB)
  Running img_777.npy ... done (1.09s, 48.95MB)
  Running img_778.npy ... done (1.22s, 47.89MB)
  Running img_779.npy ... done (0.92s, 39.89MB)
  Running img_78.npy ... done (1.09s, 47.63MB)
  Running img_780.npy ... done (1.10s, 48.10MB)
  Running img_781.npy ... done (1.25s, 45.95MB)
  Running img_782.npy ... done (1.28s, 46.51MB)
  Running img_783.npy ... done (1.15s, 47.65MB)
  Running img_784.npy ... done (1.24s, 49.88MB)
  Running img_785.npy ... done (1.12s, 49.24MB)
  Running img_786.npy ... done (1.21s, 49.07MB)
  Running img_787.npy ... done (1.10s, 49.20MB)
  Running img_788.npy ... done (1.08s, 47.13MB)
  Running img_789.npy ... done (1.12s, 47.94MB)
  Running img_79.npy ... done (1.34s, 48.86MB)
  Running img_790.npy ... done (1.11s, 52.09MB)
  Running img_791.npy ... done (1.17s, 46.02MB)
  Running img_792.npy ... done (0.95s, 49.39MB)
  Running img_793.npy ... done (1.55s, 51.58MB)
  Running img_794.npy ... done (1.44s, 48.36MB)
  Running img_795.npy ... done (1.27s, 49.81MB)
  Running img_796.npy ... done (1.03s, 41.81MB)
  Running img_797.npy ... done (1.07s, 42.42MB)
  Running img_798.npy ... done (1.25s, 47.43MB)
  Running img_799.npy ... done (0.97s, 42.32MB)
  Running img_8.npy ... done (1.17s, 47.36MB)
  Running img_80.npy ... done (1.11s, 51.16MB)
  Running img_81.npy ... done (1.03s, 49.39MB)
  Running img_82.npy ... done (1.13s, 49.11MB)
  Running img_83.npy ... done (1.28s, 46.24MB)
  Running img_84.npy ... done (1.26s, 53.35MB)
  Running img_85.npy ... done (1.32s, 53.13MB)
  Running img_86.npy ... done (1.17s, 46.34MB)
  Running img_87.npy ... done (1.23s, 50.28MB)
  Running img_88.npy ... done (1.20s, 51.19MB)
  Running img_89.npy ... done (1.04s, 48.79MB)
  Running img_9.npy ... done (1.32s, 47.70MB)
  Running img_90.npy ... done (1.04s, 49.52MB)
  Running img_91.npy ... done (1.26s, 47.88MB)
  Running img_92.npy ... done (1.43s, 51.80MB)
  Running img_93.npy ... done (1.37s, 50.41MB)
  Running img_94.npy ... done (0.94s, 42.14MB)
  Running img_95.npy ... done (1.19s, 49.55MB)
  Running img_96.npy ... done (1.00s, 42.06MB)
  Running img_97.npy ... done (1.20s, 52.23MB)
  Running img_98.npy ... done (1.17s, 48.07MB)
  Running img_99.npy ... done (1.12s, 51.86MB)

Results saved into results/pixh/div2k/dim0.csv
