[Tue Nov  4 22:33:32 CET 2025] Running METHOD=ripser, DATASET=mast, DIM=0
Saving to results/ripser/mast/dim0.csv
Running ripser on datasets/mast_npy (maxdim=0)...
  Running img_0.npy ... done (51.00s, 8044.34MB)
  Running img_1.npy ... done (44.86s, 7319.52MB)
  Running img_10.npy ... done (48.66s, 7471.44MB)
  Running img_11.npy ... done (73.81s, 10936.38MB)
  Running img_12.npy ... done (53.12s, 10583.08MB)
  Running img_13.npy ... done (71.13s, 12307.70MB)
  Running img_14.npy ... done (37.94s, 7310.93MB)
  Running img_15.npy ... done (25.91s, 7318.91MB)
  Running img_16.npy ... done (38.54s, 7937.58MB)
  Running img_17.npy ... done (31.25s, 7311.38MB)
  Running img_18.npy ... done (25.19s, 7309.06MB)
  Running img_19.npy ... done (23.53s, 7310.14MB)
  Running img_2.npy ... done (20.91s, 7313.40MB)
  Running img_20.npy ... done (20.59s, 7303.44MB)
  Running img_21.npy ... done (102.75s, 21755.02MB)
  Running img_22.npy ... done (112.62s, 24584.58MB)
  Running img_23.npy ... done (20.69s, 7503.46MB)
  Running img_24.npy ... done (40.55s, 10972.29MB)
  Running img_25.npy ... done (48.73s, 12343.59MB)
  Running img_26.npy ... done (22.11s, 7344.21MB)
  Running img_27.npy ... done (18.13s, 7353.71MB)
  Running img_28.npy ... done (22.34s, 7977.26MB)
  Running img_29.npy ... done (19.21s, 7339.33MB)
  Running img_3.npy ... done (19.92s, 7343.27MB)
  Running img_4.npy ... done (22.77s, 7353.63MB)
  Running img_5.npy ... done (92.97s, 21805.82MB)
  Running img_6.npy ... done (108.21s, 24599.38MB)
  Running img_7.npy ... done (22.02s, 8060.47MB)
  Running img_8.npy ... done (17.92s, 7353.32MB)
  Running img_9.npy ... done (37.32s, 10633.36MB)

Results saved into results/ripser/mast/dim0.csv
