[Tue Nov  4 22:33:37 CET 2025] Running METHOD=pixh, DATASET=mast, DIM=1
Saving to results/pixh/mast/dim1.csv
Running pixh on datasets/mast_npy (maxdim=1)...
  Running img_0.npy ... done (22.38s, 672.80MB)
  Running img_1.npy ... done (10.46s, 672.55MB)
  Running img_10.npy ... done (13.32s, 672.53MB)
  Running img_11.npy ... done (12.22s, 703.15MB)
  Running img_12.npy ... done (16.94s, 697.21MB)
  Running img_13.npy ... done (13.20s, 742.68MB)
  Running img_14.npy ... done (10.41s, 672.18MB)
  Running img_15.npy ... done (10.90s, 677.01MB)
  Running img_16.npy ... done (14.50s, 672.59MB)
  Running img_17.npy ... done (13.97s, 672.60MB)
  Running img_18.npy ... done (13.20s, 672.36MB)
  Running img_19.npy ... done (9.61s, 674.21MB)
  Running img_2.npy ... done (15.31s, 672.66MB)
  Running img_20.npy ... done (10.58s, 672.31MB)
  Running img_21.npy ... done (27.18s, 1055.04MB)
  Running img_22.npy ... done (26.74s, 1154.13MB)
  Running img_23.npy ... done (6.78s, 675.31MB)
  Running img_24.npy ... done (14.07s, 702.86MB)
  Running img_25.npy ... done (14.45s, 740.54MB)
  Running img_26.npy ... done (9.97s, 672.73MB)
  Running img_27.npy ... done (10.38s, 672.92MB)
  Running img_28.npy ... done (9.80s, 672.02MB)
  Running img_29.npy ... done (9.36s, 675.23MB)
  Running img_3.npy ... done (7.57s, 672.45MB)
  Running img_4.npy ... done (10.36s, 672.99MB)
  Running img_5.npy ... done (25.00s, 1054.87MB)
  Running img_6.npy ... done (29.06s, 1154.12MB)
  Running img_7.npy ... done (6.02s, 672.48MB)
  Running img_8.npy ... done (7.39s, 675.21MB)
  Running img_9.npy ... done (13.35s, 705.01MB)

Results saved into results/pixh/mast/dim1.csv
