[Tue Nov  4 22:33:32 CET 2025] Running METHOD=ttk, DATASET=mast, DIM=0
Saving to results/ttk/mast/dim0.csv
Running ttk on datasets/mast_npy (maxdim=0)...
  Running img_0.npy ... done (48.24s, 3457.11MB)
  Running img_1.npy ... done (47.72s, 3443.52MB)
  Running img_10.npy ... done (48.06s, 3445.68MB)
  Running img_11.npy ... done (50.09s, 3542.59MB)
  Running img_12.npy ... done (42.76s, 3528.05MB)
  Running img_13.npy ... done (42.18s, 3528.00MB)
  Running img_14.npy ... done (48.17s, 3415.50MB)
  Running img_15.npy ... done (42.42s, 3443.29MB)
  Running img_16.npy ... done (37.06s, 3450.36MB)
  Running img_17.npy ... done (35.70s, 3441.95MB)
  Running img_18.npy ... done (35.22s, 3366.17MB)
  Running img_19.npy ... done (26.26s, 3441.05MB)
  Running img_2.npy ... done (28.16s, 3341.81MB)
  Running img_20.npy ... done (26.80s, 3342.16MB)
  Running img_21.npy ... done (38.30s, 3666.77MB)
  Running img_22.npy ... done (38.78s, 3722.58MB)
  Running img_23.npy ... done (23.99s, 3345.21MB)
  Running img_24.npy ... done (27.58s, 3437.18MB)
  Running img_25.npy ... done (26.36s, 3458.00MB)
  Running img_26.npy ... done (24.71s, 3345.62MB)
  Running img_27.npy ... done (24.22s, 3344.96MB)
  Running img_28.npy ... done (23.96s, 3348.14MB)
  Running img_29.npy ... done (27.03s, 3337.90MB)
  Running img_3.npy ... done (24.04s, 3341.12MB)
  Running img_4.npy ... done (24.15s, 3341.72MB)
  Running img_5.npy ... done (34.69s, 3660.09MB)
  Running img_6.npy ... done (42.10s, 3717.48MB)
  Running img_7.npy ... done (25.97s, 3355.97MB)
  Running img_8.npy ... done (24.37s, 3343.16MB)
  Running img_9.npy ... done (27.50s, 3440.98MB)

Results saved into results/ttk/mast/dim0.csv
