[Tue Nov  4 22:33:19 CET 2025] Running METHOD=cripser, DATASET=div2k, DIM=0
Saving to results/cripser/div2k/dim0.csv
Running cripser on datasets/div2k_npy (maxdim=0)...
  Running img_0.npy ... done (1.75s, 108.63MB)
  Running img_1.npy ... done (1.43s, 108.06MB)
  Running img_10.npy ... done (1.18s, 113.12MB)
  Running img_100.npy ... done (1.39s, 109.34MB)
  Running img_101.npy ... done (1.38s, 108.62MB)
  Running img_102.npy ... done (1.43s, 109.81MB)
  Running img_103.npy ... done (1.42s, 113.58MB)
  Running img_104.npy ... done (1.34s, 108.20MB)
  Running img_105.npy ... done (1.39s, 110.09MB)
  Running img_106.npy ... done (1.25s, 108.88MB)
  Running img_107.npy ... done (1.45s, 108.67MB)
  Running img_108.npy ... done (1.60s, 113.33MB)
  Running img_109.npy ... done (1.32s, 108.47MB)
  Running img_11.npy ... done (1.24s, 109.11MB)
  Running img_110.npy ... done (1.57s, 109.50MB)
  Running img_111.npy ... done (1.19s, 109.16MB)
  Running img_112.npy ... done (1.30s, 109.16MB)
  Running img_113.npy ... done (1.63s, 109.04MB)
  Running img_114.npy ... done (1.41s, 113.49MB)
  Running img_115.npy ... done (1.39s, 108.45MB)
  Running img_116.npy ... done (1.20s, 113.98MB)
  Running img_117.npy ... done (1.28s, 108.86MB)
  Running img_118.npy ... done (1.54s, 109.06MB)
  Running img_119.npy ... done (1.25s, 113.52MB)
  Running img_12.npy ... done (1.36s, 109.58MB)
  Running img_120.npy ... done (1.25s, 108.89MB)
  Running img_121.npy ... done (1.40s, 108.77MB)
  Running img_122.npy ... done (1.16s, 107.74MB)
  Running img_123.npy ... done (1.32s, 109.79MB)
  Running img_124.npy ... done (1.23s, 110.14MB)
  Running img_125.npy ... done (1.42s, 113.65MB)
  Running img_126.npy ... done (1.52s, 113.22MB)
  Running img_127.npy ... done (1.31s, 105.86MB)
  Running img_128.npy ... done (1.24s, 112.84MB)
  Running img_129.npy ... done (1.12s, 110.21MB)
  Running img_13.npy ... done (1.32s, 109.03MB)
  Running img_130.npy ... done (1.52s, 112.79MB)
  Running img_131.npy ... done (1.36s, 110.22MB)
  Running img_132.npy ... done (1.19s, 105.86MB)
  Running img_133.npy ... done (1.22s, 109.64MB)
  Running img_134.npy ... done (1.17s, 114.12MB)
  Running img_135.npy ... done (1.36s, 113.53MB)
  Running img_136.npy ... done (1.28s, 109.45MB)
  Running img_137.npy ... done (1.24s, 108.56MB)
  Running img_138.npy ... done (1.24s, 113.95MB)
  Running img_139.npy ... done (1.27s, 113.73MB)
  Running img_14.npy ... done (1.29s, 112.88MB)
  Running img_140.npy ... done (1.43s, 114.01MB)
  Running img_141.npy ... done (1.38s, 109.36MB)
  Running img_142.npy ... done (1.28s, 108.74MB)
  Running img_143.npy ... done (1.21s, 108.66MB)
  Running img_144.npy ... done (1.32s, 108.52MB)
  Running img_145.npy ... done (1.33s, 109.78MB)
  Running img_146.npy ... done (1.37s, 113.53MB)
  Running img_147.npy ... done (1.31s, 113.40MB)
  Running img_148.npy ... done (1.25s, 109.84MB)
  Running img_149.npy ... done (1.42s, 109.27MB)
  Running img_15.npy ... done (1.29s, 109.43MB)
  Running img_150.npy ... done (1.39s, 108.88MB)
  Running img_151.npy ... done (1.17s, 109.73MB)
  Running img_152.npy ... done (1.43s, 111.70MB)
  Running img_153.npy ... done (1.34s, 108.79MB)
  Running img_154.npy ... done (1.35s, 108.35MB)
  Running img_155.npy ... done (1.27s, 108.78MB)
  Running img_156.npy ... done (1.38s, 108.92MB)
  Running img_157.npy ... done (1.25s, 108.64MB)
  Running img_158.npy ... done (1.46s, 114.09MB)
  Running img_159.npy ... done (1.26s, 109.16MB)
  Running img_16.npy ... done (1.42s, 108.68MB)
  Running img_160.npy ... done (1.27s, 107.81MB)
  Running img_161.npy ... done (1.37s, 113.95MB)
  Running img_162.npy ... done (1.41s, 114.76MB)
  Running img_163.npy ... done (1.27s, 113.33MB)
  Running img_164.npy ... done (1.41s, 112.60MB)
  Running img_165.npy ... done (1.38s, 108.98MB)
  Running img_166.npy ... done (1.24s, 114.38MB)
  Running img_167.npy ... done (1.25s, 108.09MB)
  Running img_168.npy ... done (1.41s, 108.90MB)
  Running img_169.npy ... done (1.26s, 108.78MB)
  Running img_17.npy ... done (1.36s, 109.53MB)
  Running img_170.npy ... done (1.28s, 109.69MB)
  Running img_171.npy ... done (1.42s, 108.42MB)
  Running img_172.npy ... done (1.36s, 113.40MB)
  Running img_173.npy ... done (1.24s, 113.79MB)
  Running img_174.npy ... done (1.36s, 108.39MB)
  Running img_175.npy ... done (1.40s, 109.61MB)
  Running img_176.npy ... done (1.28s, 113.99MB)
  Running img_177.npy ... done (1.27s, 108.59MB)
  Running img_178.npy ... done (1.24s, 109.44MB)
  Running img_179.npy ... done (1.65s, 108.87MB)
  Running img_18.npy ... done (1.21s, 109.58MB)
  Running img_180.npy ... done (1.37s, 109.17MB)
  Running img_181.npy ... done (1.32s, 112.26MB)
  Running img_182.npy ... done (1.27s, 108.29MB)
  Running img_183.npy ... done (1.41s, 108.55MB)
  Running img_184.npy ... done (1.28s, 109.90MB)
  Running img_185.npy ... done (1.45s, 108.99MB)
  Running img_186.npy ... done (1.23s, 113.57MB)
  Running img_187.npy ... done (1.31s, 109.27MB)
  Running img_188.npy ... done (1.31s, 109.90MB)
  Running img_189.npy ... done (1.49s, 109.12MB)
  Running img_19.npy ... done (1.32s, 113.96MB)
  Running img_190.npy ... done (1.54s, 114.11MB)
  Running img_191.npy ... done (1.32s, 108.84MB)
  Running img_192.npy ... done (1.31s, 115.44MB)
  Running img_193.npy ... done (1.33s, 108.68MB)
  Running img_194.npy ... done (1.28s, 109.42MB)
  Running img_195.npy ... done (1.32s, 114.90MB)
  Running img_196.npy ... done (1.31s, 112.10MB)
  Running img_197.npy ... done (1.28s, 113.69MB)
  Running img_198.npy ... done (1.42s, 114.03MB)
  Running img_199.npy ... done (1.33s, 108.95MB)
  Running img_2.npy ... done (1.30s, 110.40MB)
  Running img_20.npy ... done (1.42s, 108.70MB)
  Running img_200.npy ... done (1.31s, 114.06MB)
  Running img_201.npy ... done (1.44s, 108.64MB)
  Running img_202.npy ... done (1.47s, 108.89MB)
  Running img_203.npy ... done (1.31s, 109.73MB)
  Running img_204.npy ... done (1.30s, 108.12MB)
  Running img_205.npy ... done (1.34s, 109.98MB)
  Running img_206.npy ... done (1.47s, 111.20MB)
  Running img_207.npy ... done (1.36s, 110.07MB)
  Running img_208.npy ... done (1.25s, 109.61MB)
  Running img_209.npy ... done (1.32s, 113.21MB)
  Running img_21.npy ... done (1.35s, 107.99MB)
  Running img_210.npy ... done (1.38s, 109.37MB)
  Running img_211.npy ... done (1.54s, 109.54MB)
  Running img_212.npy ... done (1.26s, 109.25MB)
  Running img_213.npy ... done (1.38s, 113.51MB)
  Running img_214.npy ... done (1.42s, 108.19MB)
  Running img_215.npy ... done (1.30s, 109.91MB)
  Running img_216.npy ... done (1.29s, 108.62MB)
  Running img_217.npy ... done (1.21s, 107.76MB)
  Running img_218.npy ... done (1.31s, 110.21MB)
  Running img_219.npy ... done (1.28s, 109.21MB)
  Running img_22.npy ... done (1.30s, 109.30MB)
  Running img_220.npy ... done (1.26s, 109.06MB)
  Running img_221.npy ... done (1.43s, 106.52MB)
  Running img_222.npy ... done (1.24s, 113.16MB)
  Running img_223.npy ... done (1.26s, 109.18MB)
  Running img_224.npy ... done (1.53s, 108.04MB)
  Running img_225.npy ... done (1.35s, 113.96MB)
  Running img_226.npy ... done (1.40s, 108.62MB)
  Running img_227.npy ... done (1.25s, 108.85MB)
  Running img_228.npy ... done (1.37s, 113.28MB)
  Running img_229.npy ... done (1.36s, 114.18MB)
  Running img_23.npy ... done (1.30s, 108.54MB)
  Running img_230.npy ... done (1.37s, 109.43MB)
  Running img_231.npy ... done (1.44s, 109.07MB)
  Running img_232.npy ... done (1.50s, 109.83MB)
  Running img_233.npy ... done (1.20s, 114.50MB)
  Running img_234.npy ... done (1.26s, 109.93MB)
  Running img_235.npy ... done (1.22s, 109.71MB)
  Running img_236.npy ... done (1.27s, 105.56MB)
  Running img_237.npy ... done (1.40s, 109.95MB)
  Running img_238.npy ... done (1.40s, 109.16MB)
  Running img_239.npy ... done (1.41s, 109.32MB)
  Running img_24.npy ... done (1.35s, 114.11MB)
  Running img_240.npy ... done (1.27s, 114.31MB)
  Running img_241.npy ... done (1.38s, 108.62MB)
  Running img_242.npy ... done (1.30s, 109.74MB)
  Running img_243.npy ... done (1.39s, 109.13MB)
  Running img_244.npy ... done (1.37s, 109.14MB)
  Running img_245.npy ... done (1.26s, 113.69MB)
  Running img_246.npy ... done (1.28s, 110.36MB)
  Running img_247.npy ... done (1.35s, 113.87MB)
  Running img_248.npy ... done (1.32s, 109.56MB)
  Running img_249.npy ... done (1.45s, 108.84MB)
  Running img_25.npy ... done (1.31s, 106.07MB)
  Running img_250.npy ... done (1.39s, 108.82MB)
  Running img_251.npy ... done (1.29s, 108.95MB)
  Running img_252.npy ... done (1.28s, 110.00MB)
  Running img_253.npy ... done (1.65s, 113.91MB)
  Running img_254.npy ... done (1.59s, 108.79MB)
  Running img_255.npy ... done (1.16s, 109.12MB)
  Running img_256.npy ... done (1.28s, 113.13MB)
  Running img_257.npy ... done (1.28s, 113.42MB)
  Running img_258.npy ... done (1.15s, 108.66MB)
  Running img_259.npy ... done (1.26s, 112.96MB)
  Running img_26.npy ... done (1.47s, 107.02MB)
  Running img_260.npy ... done (1.62s, 108.92MB)
  Running img_261.npy ... done (1.48s, 113.71MB)
  Running img_262.npy ... done (1.24s, 113.94MB)
  Running img_263.npy ... done (1.15s, 109.13MB)
  Running img_264.npy ... done (1.38s, 113.58MB)
  Running img_265.npy ... done (1.21s, 109.12MB)
  Running img_266.npy ... done (1.40s, 108.79MB)
  Running img_267.npy ... done (1.34s, 108.41MB)
  Running img_268.npy ... done (1.29s, 108.79MB)
  Running img_269.npy ... done (1.36s, 106.75MB)
  Running img_27.npy ... done (1.41s, 113.46MB)
  Running img_270.npy ... done (1.52s, 113.36MB)
  Running img_271.npy ... done (1.36s, 109.31MB)
  Running img_272.npy ... done (1.26s, 109.02MB)
  Running img_273.npy ... done (1.42s, 113.49MB)
  Running img_274.npy ... done (1.42s, 109.75MB)
  Running img_275.npy ... done (1.24s, 109.35MB)
  Running img_276.npy ... done (1.32s, 113.66MB)
  Running img_277.npy ... done (1.23s, 109.56MB)
  Running img_278.npy ... done (1.16s, 114.13MB)
  Running img_279.npy ... done (1.17s, 113.76MB)
  Running img_28.npy ... done (1.40s, 108.66MB)
  Running img_280.npy ... done (1.34s, 113.29MB)
  Running img_281.npy ... done (1.30s, 107.66MB)
  Running img_282.npy ... done (1.28s, 113.11MB)
  Running img_283.npy ... done (1.33s, 114.92MB)
  Running img_284.npy ... done (1.43s, 114.05MB)
  Running img_285.npy ... done (1.38s, 109.30MB)
  Running img_286.npy ... done (1.49s, 109.82MB)
  Running img_287.npy ... done (1.24s, 109.12MB)
  Running img_288.npy ... done (1.37s, 108.71MB)
  Running img_289.npy ... done (1.76s, 109.89MB)
  Running img_29.npy ... done (1.34s, 108.67MB)
  Running img_290.npy ... done (1.26s, 108.71MB)
  Running img_291.npy ... done (1.34s, 109.96MB)
  Running img_292.npy ... done (1.23s, 109.10MB)
  Running img_293.npy ... done (1.45s, 109.28MB)
  Running img_294.npy ... done (1.44s, 114.45MB)
  Running img_295.npy ... done (1.52s, 109.62MB)
  Running img_296.npy ... done (1.56s, 109.69MB)
  Running img_297.npy ... done (1.48s, 115.90MB)
  Running img_298.npy ... done (1.32s, 109.79MB)
  Running img_299.npy ... done (1.33s, 108.48MB)
  Running img_3.npy ... done (1.34s, 109.59MB)
  Running img_30.npy ... done (1.41s, 109.31MB)
  Running img_300.npy ... done (1.33s, 109.43MB)
  Running img_301.npy ... done (1.45s, 109.83MB)
  Running img_302.npy ... done (1.48s, 108.69MB)
  Running img_303.npy ... done (1.29s, 108.48MB)
  Running img_304.npy ... done (1.44s, 109.61MB)
  Running img_305.npy ... done (1.52s, 113.85MB)
  Running img_306.npy ... done (1.39s, 108.68MB)
  Running img_307.npy ... done (1.38s, 114.22MB)
  Running img_308.npy ... done (1.34s, 114.08MB)
  Running img_309.npy ... done (1.31s, 112.74MB)
  Running img_31.npy ... done (1.35s, 114.16MB)
  Running img_310.npy ... done (1.29s, 113.24MB)
  Running img_311.npy ... done (1.27s, 114.33MB)
  Running img_312.npy ... done (1.33s, 114.39MB)
  Running img_313.npy ... done (1.24s, 109.41MB)
  Running img_314.npy ... done (1.27s, 113.06MB)
  Running img_315.npy ... done (1.22s, 105.88MB)
  Running img_316.npy ... done (1.50s, 113.60MB)
  Running img_317.npy ... done (1.37s, 113.26MB)
  Running img_318.npy ... done (1.33s, 108.48MB)
  Running img_319.npy ... done (1.52s, 113.93MB)
  Running img_32.npy ... done (1.32s, 113.35MB)
  Running img_320.npy ... done (1.26s, 114.53MB)
  Running img_321.npy ... done (1.34s, 113.54MB)
  Running img_322.npy ... done (1.69s, 115.04MB)
  Running img_323.npy ... done (1.16s, 105.50MB)
  Running img_324.npy ... done (1.25s, 108.56MB)
  Running img_325.npy ... done (1.49s, 114.61MB)
  Running img_326.npy ... done (1.20s, 108.27MB)
  Running img_327.npy ... done (1.36s, 109.78MB)
  Running img_328.npy ... done (1.31s, 109.45MB)
  Running img_329.npy ... done (1.37s, 113.82MB)
  Running img_33.npy ... done (1.44s, 114.59MB)
  Running img_330.npy ... done (1.26s, 113.11MB)
  Running img_331.npy ... done (1.31s, 109.10MB)
  Running img_332.npy ... done (1.32s, 109.46MB)
  Running img_333.npy ... done (1.29s, 113.62MB)
  Running img_334.npy ... done (1.24s, 109.02MB)
  Running img_335.npy ... done (1.29s, 109.31MB)
  Running img_336.npy ... done (1.25s, 108.98MB)
  Running img_337.npy ... done (1.45s, 110.01MB)
  Running img_338.npy ... done (1.26s, 108.29MB)
  Running img_339.npy ... done (1.22s, 109.41MB)
  Running img_34.npy ... done (1.22s, 114.36MB)
  Running img_340.npy ... done (1.25s, 114.09MB)
  Running img_341.npy ... done (1.27s, 108.93MB)
  Running img_342.npy ... done (1.50s, 108.91MB)
  Running img_343.npy ... done (1.26s, 108.18MB)
  Running img_344.npy ... done (1.18s, 109.92MB)
  Running img_345.npy ... done (1.23s, 109.65MB)
  Running img_346.npy ... done (1.27s, 113.76MB)
  Running img_347.npy ... done (1.28s, 109.28MB)
  Running img_348.npy ... done (1.20s, 108.45MB)
  Running img_349.npy ... done (1.44s, 109.75MB)
  Running img_35.npy ... done (1.44s, 113.41MB)
  Running img_350.npy ... done (1.34s, 109.20MB)
  Running img_351.npy ... done (1.29s, 108.76MB)
  Running img_352.npy ... done (1.37s, 113.89MB)
  Running img_353.npy ... done (1.22s, 108.93MB)
  Running img_354.npy ... done (1.26s, 109.86MB)
  Running img_355.npy ... done (1.46s, 111.79MB)
  Running img_356.npy ... done (1.40s, 109.61MB)
  Running img_357.npy ... done (1.28s, 113.81MB)
  Running img_358.npy ... done (1.60s, 108.64MB)
  Running img_359.npy ... done (1.45s, 109.14MB)
  Running img_36.npy ... done (1.22s, 108.98MB)
  Running img_360.npy ... done (1.23s, 108.43MB)
  Running img_361.npy ... done (1.48s, 113.53MB)
  Running img_362.npy ... done (1.20s, 108.79MB)
  Running img_363.npy ... done (1.30s, 111.84MB)
  Running img_364.npy ... done (1.26s, 113.72MB)
  Running img_365.npy ... done (1.31s, 109.26MB)
  Running img_366.npy ... done (1.29s, 110.39MB)
  Running img_367.npy ... done (1.38s, 113.82MB)
  Running img_368.npy ... done (1.32s, 113.59MB)
  Running img_369.npy ... done (1.44s, 108.40MB)
  Running img_37.npy ... done (1.16s, 109.82MB)
  Running img_370.npy ... done (1.31s, 113.39MB)
  Running img_371.npy ... done (1.35s, 108.21MB)
  Running img_372.npy ... done (1.35s, 109.86MB)
  Running img_373.npy ... done (1.39s, 113.64MB)
  Running img_374.npy ... done (1.29s, 108.54MB)
  Running img_375.npy ... done (1.15s, 113.00MB)
  Running img_376.npy ... done (1.58s, 113.08MB)
  Running img_377.npy ... done (1.24s, 109.17MB)
  Running img_378.npy ... done (1.41s, 113.86MB)
  Running img_379.npy ... done (1.35s, 113.13MB)
  Running img_38.npy ... done (1.34s, 106.30MB)
  Running img_380.npy ... done (1.35s, 106.34MB)
  Running img_381.npy ... done (1.37s, 105.97MB)
  Running img_382.npy ... done (1.60s, 109.60MB)
  Running img_383.npy ... done (1.48s, 109.62MB)
  Running img_384.npy ... done (1.30s, 110.23MB)
  Running img_385.npy ... done (1.22s, 108.55MB)
  Running img_386.npy ... done (1.38s, 113.54MB)
  Running img_387.npy ... done (1.26s, 109.68MB)
  Running img_388.npy ... done (1.36s, 110.26MB)
  Running img_389.npy ... done (1.32s, 109.74MB)
  Running img_39.npy ... done (1.32s, 109.52MB)
  Running img_390.npy ... done (1.12s, 108.75MB)
  Running img_391.npy ... done (1.45s, 114.21MB)
  Running img_392.npy ... done (1.64s, 109.18MB)
  Running img_393.npy ... done (1.67s, 110.22MB)
  Running img_394.npy ... done (1.21s, 109.34MB)
  Running img_395.npy ... done (1.44s, 114.30MB)
  Running img_396.npy ... done (1.37s, 108.03MB)
  Running img_397.npy ... done (1.29s, 108.19MB)
  Running img_398.npy ... done (1.15s, 113.58MB)
  Running img_399.npy ... done (1.55s, 109.94MB)
  Running img_4.npy ... done (1.31s, 108.61MB)
  Running img_40.npy ... done (1.24s, 106.18MB)
  Running img_400.npy ... done (1.47s, 113.41MB)
  Running img_401.npy ... done (1.26s, 113.16MB)
  Running img_402.npy ... done (1.20s, 108.02MB)
  Running img_403.npy ... done (1.16s, 108.80MB)
  Running img_404.npy ... done (1.16s, 108.91MB)
  Running img_405.npy ... done (1.36s, 113.24MB)
  Running img_406.npy ... done (1.23s, 107.85MB)
  Running img_407.npy ... done (1.31s, 112.96MB)
  Running img_408.npy ... done (1.33s, 109.68MB)
  Running img_409.npy ... done (1.24s, 113.72MB)
  Running img_41.npy ... done (1.40s, 114.00MB)
  Running img_410.npy ... done (1.35s, 109.01MB)
  Running img_411.npy ... done (1.26s, 113.52MB)
  Running img_412.npy ... done (1.36s, 113.46MB)
  Running img_413.npy ... done (1.42s, 108.21MB)
  Running img_414.npy ... done (1.29s, 114.00MB)
  Running img_415.npy ... done (1.26s, 105.86MB)
  Running img_416.npy ... done (1.31s, 108.34MB)
  Running img_417.npy ... done (1.16s, 113.19MB)
  Running img_418.npy ... done (1.38s, 109.47MB)
  Running img_419.npy ... done (1.42s, 108.29MB)
  Running img_42.npy ... done (1.34s, 114.02MB)
  Running img_420.npy ... done (1.35s, 108.78MB)
  Running img_421.npy ... done (1.37s, 108.79MB)
  Running img_422.npy ... done (1.37s, 109.45MB)
  Running img_423.npy ... done (1.17s, 108.55MB)
  Running img_424.npy ... done (1.17s, 109.77MB)
  Running img_425.npy ... done (1.41s, 109.59MB)
  Running img_426.npy ... done (1.41s, 113.52MB)
  Running img_427.npy ... done (1.78s, 109.30MB)
  Running img_428.npy ... done (1.36s, 113.55MB)
  Running img_429.npy ... done (1.33s, 109.29MB)
  Running img_43.npy ... done (1.38s, 114.32MB)
  Running img_430.npy ... done (1.19s, 109.29MB)
  Running img_431.npy ... done (1.33s, 108.97MB)
  Running img_432.npy ... done (1.23s, 107.78MB)
  Running img_433.npy ... done (1.23s, 105.46MB)
  Running img_434.npy ... done (1.27s, 114.97MB)
  Running img_435.npy ... done (1.35s, 113.54MB)
  Running img_436.npy ... done (1.36s, 108.86MB)
  Running img_437.npy ... done (1.24s, 108.94MB)
  Running img_438.npy ... done (1.13s, 113.34MB)
  Running img_439.npy ... done (1.32s, 108.06MB)
  Running img_44.npy ... done (1.29s, 108.73MB)
  Running img_440.npy ... done (1.28s, 108.87MB)
  Running img_441.npy ... done (1.29s, 113.79MB)
  Running img_442.npy ... done (1.18s, 109.38MB)
  Running img_443.npy ... done (1.38s, 108.33MB)
  Running img_444.npy ... done (1.42s, 114.67MB)
  Running img_445.npy ... done (1.28s, 108.46MB)
  Running img_446.npy ... done (1.33s, 115.02MB)
  Running img_447.npy ... done (1.26s, 113.80MB)
  Running img_448.npy ... done (1.36s, 113.70MB)
  Running img_449.npy ... done (1.26s, 109.86MB)
  Running img_45.npy ... done (1.45s, 111.28MB)
  Running img_450.npy ... done (1.34s, 112.91MB)
  Running img_451.npy ... done (1.34s, 109.14MB)
  Running img_452.npy ... done (1.26s, 114.60MB)
  Running img_453.npy ... done (1.45s, 114.26MB)
  Running img_454.npy ... done (1.41s, 108.35MB)
  Running img_455.npy ... done (1.52s, 107.82MB)
  Running img_456.npy ... done (1.38s, 109.46MB)
  Running img_457.npy ... done (1.21s, 106.48MB)
  Running img_458.npy ... done (1.34s, 108.80MB)
  Running img_459.npy ... done (1.28s, 108.22MB)
  Running img_46.npy ... done (1.69s, 113.17MB)
  Running img_460.npy ... done (1.25s, 113.90MB)
  Running img_461.npy ... done (1.27s, 108.37MB)
  Running img_462.npy ... done (1.23s, 109.03MB)
  Running img_463.npy ... done (1.23s, 107.85MB)
  Running img_464.npy ... done (1.16s, 113.20MB)
  Running img_465.npy ... done (1.19s, 108.77MB)
  Running img_466.npy ... done (1.28s, 109.14MB)
  Running img_467.npy ... done (1.27s, 113.88MB)
  Running img_468.npy ... done (1.41s, 113.15MB)
  Running img_469.npy ... done (1.33s, 113.39MB)
  Running img_47.npy ... done (1.42s, 108.46MB)
  Running img_470.npy ... done (1.35s, 109.88MB)
  Running img_471.npy ... done (1.26s, 113.63MB)
  Running img_472.npy ... done (1.44s, 113.12MB)
  Running img_473.npy ... done (1.32s, 108.83MB)
  Running img_474.npy ... done (1.35s, 105.86MB)
  Running img_475.npy ... done (1.46s, 109.00MB)
  Running img_476.npy ... done (1.18s, 108.86MB)
  Running img_477.npy ... done (1.20s, 109.72MB)
  Running img_478.npy ... done (1.40s, 109.47MB)
  Running img_479.npy ... done (1.33s, 113.73MB)
  Running img_48.npy ... done (1.54s, 113.54MB)
  Running img_480.npy ... done (1.41s, 108.86MB)
  Running img_481.npy ... done (1.35s, 114.29MB)
  Running img_482.npy ... done (1.50s, 109.42MB)
  Running img_483.npy ... done (1.27s, 109.71MB)
  Running img_484.npy ... done (1.22s, 106.43MB)
  Running img_485.npy ... done (1.33s, 113.66MB)
  Running img_486.npy ... done (1.17s, 108.88MB)
  Running img_487.npy ... done (1.53s, 108.14MB)
  Running img_488.npy ... done (1.29s, 113.70MB)
  Running img_489.npy ... done (1.36s, 109.31MB)
  Running img_49.npy ... done (1.47s, 109.01MB)
  Running img_490.npy ... done (1.28s, 113.93MB)
  Running img_491.npy ... done (1.15s, 113.52MB)
  Running img_492.npy ... done (1.57s, 113.25MB)
  Running img_493.npy ... done (1.25s, 110.95MB)
  Running img_494.npy ... done (1.31s, 113.05MB)
  Running img_495.npy ... done (1.45s, 105.72MB)
  Running img_496.npy ... done (1.29s, 112.96MB)
  Running img_497.npy ... done (1.43s, 108.87MB)
  Running img_498.npy ... done (1.46s, 109.20MB)
  Running img_499.npy ... done (1.34s, 108.07MB)
  Running img_5.npy ... done (1.23s, 113.25MB)
  Running img_50.npy ... done (1.28s, 108.64MB)
  Running img_500.npy ... done (1.48s, 108.79MB)
  Running img_501.npy ... done (1.46s, 113.32MB)
  Running img_502.npy ... done (1.32s, 109.44MB)
  Running img_503.npy ... done (1.43s, 109.12MB)
  Running img_504.npy ... done (1.55s, 113.50MB)
  Running img_505.npy ... done (1.52s, 112.88MB)
  Running img_506.npy ... done (1.28s, 114.25MB)
  Running img_507.npy ... done (1.30s, 113.30MB)
  Running img_508.npy ... done (1.45s, 113.40MB)
  Running img_509.npy ... done (1.56s, 114.33MB)
  Running img_51.npy ... done (1.26s, 114.29MB)
  Running img_510.npy ... done (1.34s, 109.35MB)
  Running img_511.npy ... done (1.46s, 108.65MB)
  Running img_512.npy ... done (1.31s, 108.42MB)
  Running img_513.npy ... done (1.35s, 108.89MB)
  Running img_514.npy ... done (1.31s, 108.52MB)
  Running img_515.npy ... done (1.34s, 113.24MB)
  Running img_516.npy ... done (1.49s, 109.30MB)
  Running img_517.npy ... done (1.29s, 114.35MB)
  Running img_518.npy ... done (1.47s, 108.20MB)
  Running img_519.npy ... done (1.19s, 109.41MB)
  Running img_52.npy ... done (1.35s, 113.25MB)
  Running img_520.npy ... done (1.28s, 113.52MB)
  Running img_521.npy ... done (1.27s, 112.93MB)
  Running img_522.npy ... done (1.33s, 109.56MB)
  Running img_523.npy ... done (1.26s, 106.74MB)
  Running img_524.npy ... done (1.34s, 109.52MB)
  Running img_525.npy ... done (1.40s, 105.88MB)
  Running img_526.npy ... done (1.48s, 113.56MB)
  Running img_527.npy ... done (1.46s, 113.31MB)
  Running img_528.npy ... done (1.40s, 109.03MB)
  Running img_529.npy ... done (1.36s, 113.35MB)
  Running img_53.npy ... done (1.29s, 109.39MB)
  Running img_530.npy ... done (1.37s, 113.63MB)
  Running img_531.npy ... done (1.27s, 113.33MB)
  Running img_532.npy ... done (1.17s, 108.84MB)
  Running img_533.npy ... done (1.34s, 106.23MB)
  Running img_534.npy ... done (1.26s, 110.03MB)
  Running img_535.npy ... done (1.27s, 108.94MB)
  Running img_536.npy ... done (1.16s, 112.79MB)
  Running img_537.npy ... done (1.23s, 108.64MB)
  Running img_538.npy ... done (1.09s, 109.21MB)
  Running img_539.npy ... done (1.22s, 108.89MB)
  Running img_54.npy ... done (1.39s, 107.94MB)
  Running img_540.npy ... done (1.30s, 109.72MB)
  Running img_541.npy ... done (1.34s, 108.61MB)
  Running img_542.npy ... done (1.36s, 108.61MB)
  Running img_543.npy ... done (1.28s, 113.39MB)
  Running img_544.npy ... done (1.18s, 114.57MB)
  Running img_545.npy ... done (1.18s, 108.75MB)
  Running img_546.npy ... done (1.34s, 108.26MB)
  Running img_547.npy ... done (1.34s, 108.96MB)
  Running img_548.npy ... done (1.44s, 112.87MB)
  Running img_549.npy ... done (1.14s, 108.34MB)
  Running img_55.npy ... done (1.31s, 109.26MB)
  Running img_550.npy ... done (1.24s, 108.41MB)
  Running img_551.npy ... done (1.22s, 108.15MB)
  Running img_552.npy ... done (1.35s, 113.07MB)
  Running img_553.npy ... done (1.22s, 108.06MB)
  Running img_554.npy ... done (1.20s, 108.32MB)
  Running img_555.npy ... done (1.25s, 113.71MB)
  Running img_556.npy ... done (1.26s, 109.27MB)
  Running img_557.npy ... done (1.32s, 107.92MB)
  Running img_558.npy ... done (1.40s, 114.29MB)
  Running img_559.npy ... done (1.32s, 107.99MB)
  Running img_56.npy ... done (1.46s, 107.99MB)
  Running img_560.npy ... done (1.48s, 105.79MB)
  Running img_561.npy ... done (1.25s, 105.86MB)
  Running img_562.npy ... done (1.50s, 112.86MB)
  Running img_563.npy ... done (1.23s, 108.98MB)
  Running img_564.npy ... done (1.23s, 109.19MB)
  Running img_565.npy ... done (1.31s, 108.99MB)
  Running img_566.npy ... done (1.24s, 108.98MB)
  Running img_567.npy ... done (1.41s, 108.02MB)
  Running img_568.npy ... done (1.51s, 109.37MB)
  Running img_569.npy ... done (1.38s, 109.34MB)
  Running img_57.npy ... done (1.35s, 109.93MB)
  Running img_570.npy ... done (1.26s, 107.21MB)
  Running img_571.npy ... done (1.33s, 114.13MB)
  Running img_572.npy ... done (1.32s, 109.42MB)
  Running img_573.npy ... done (1.25s, 115.21MB)
  Running img_574.npy ... done (1.37s, 108.36MB)
  Running img_575.npy ... done (1.24s, 109.69MB)
  Running img_576.npy ... done (1.22s, 109.05MB)
  Running img_577.npy ... done (1.31s, 113.09MB)
  Running img_578.npy ... done (1.29s, 109.61MB)
  Running img_579.npy ... done (1.30s, 113.81MB)
  Running img_58.npy ... done (1.27s, 109.24MB)
  Running img_580.npy ... done (1.32s, 108.64MB)
  Running img_581.npy ... done (1.26s, 107.86MB)
  Running img_582.npy ... done (1.29s, 109.15MB)
  Running img_583.npy ... done (1.39s, 109.52MB)
  Running img_584.npy ... done (1.30s, 114.77MB)
  Running img_585.npy ... done (1.28s, 109.38MB)
  Running img_586.npy ... done (1.33s, 108.64MB)
  Running img_587.npy ... done (1.18s, 108.89MB)
  Running img_588.npy ... done (1.23s, 113.54MB)
  Running img_589.npy ... done (1.19s, 113.25MB)
  Running img_59.npy ... done (1.22s, 109.74MB)
  Running img_590.npy ... done (1.19s, 108.04MB)
  Running img_591.npy ... done (1.25s, 109.51MB)
  Running img_592.npy ... done (1.38s, 109.48MB)
  Running img_593.npy ... done (1.31s, 109.36MB)
  Running img_594.npy ... done (1.23s, 109.39MB)
  Running img_595.npy ... done (1.34s, 114.18MB)
  Running img_596.npy ... done (1.35s, 114.65MB)
  Running img_597.npy ... done (1.16s, 108.36MB)
  Running img_598.npy ... done (1.20s, 113.61MB)
  Running img_599.npy ... done (1.45s, 109.23MB)
  Running img_6.npy ... done (1.37s, 108.79MB)
  Running img_60.npy ... done (1.51s, 108.35MB)
  Running img_600.npy ... done (1.31s, 108.62MB)
  Running img_601.npy ... done (1.47s, 108.98MB)
  Running img_602.npy ... done (1.36s, 109.32MB)
  Running img_603.npy ... done (1.10s, 108.56MB)
  Running img_604.npy ... done (1.17s, 109.43MB)
  Running img_605.npy ... done (1.36s, 109.61MB)
  Running img_606.npy ... done (1.35s, 112.94MB)
  Running img_607.npy ... done (1.13s, 113.68MB)
  Running img_608.npy ... done (1.17s, 109.25MB)
  Running img_609.npy ... done (1.39s, 108.94MB)
  Running img_61.npy ... done (1.17s, 114.82MB)
  Running img_610.npy ... done (1.32s, 113.70MB)
  Running img_611.npy ... done (1.35s, 108.69MB)
  Running img_612.npy ... done (1.29s, 113.97MB)
  Running img_613.npy ... done (1.40s, 109.51MB)
  Running img_614.npy ... done (1.29s, 109.16MB)
  Running img_615.npy ... done (1.53s, 109.29MB)
  Running img_616.npy ... done (1.20s, 109.73MB)
  Running img_617.npy ... done (1.28s, 109.44MB)
  Running img_618.npy ... done (1.40s, 108.12MB)
  Running img_619.npy ... done (1.48s, 109.63MB)
  Running img_62.npy ... done (1.45s, 109.38MB)
  Running img_620.npy ... done (1.27s, 105.65MB)
  Running img_621.npy ... done (1.22s, 109.18MB)
  Running img_622.npy ... done (1.24s, 109.87MB)
  Running img_623.npy ... done (1.40s, 113.47MB)
  Running img_624.npy ... done (1.23s, 109.37MB)
  Running img_625.npy ... done (1.51s, 109.74MB)
  Running img_626.npy ... done (1.49s, 108.74MB)
  Running img_627.npy ... done (1.25s, 109.44MB)
  Running img_628.npy ... done (1.26s, 108.96MB)
  Running img_629.npy ... done (1.39s, 114.48MB)
  Running img_63.npy ... done (1.31s, 109.39MB)
  Running img_630.npy ... done (1.22s, 109.79MB)
  Running img_631.npy ... done (1.30s, 110.25MB)
  Running img_632.npy ... done (1.27s, 108.88MB)
  Running img_633.npy ... done (1.37s, 113.48MB)
  Running img_634.npy ... done (1.36s, 113.07MB)
  Running img_635.npy ... done (1.37s, 109.42MB)
  Running img_636.npy ... done (1.18s, 114.44MB)
  Running img_637.npy ... done (1.29s, 109.18MB)
  Running img_638.npy ... done (1.22s, 109.26MB)
  Running img_639.npy ... done (1.33s, 113.63MB)
  Running img_64.npy ... done (1.35s, 109.25MB)
  Running img_640.npy ... done (1.33s, 113.61MB)
  Running img_641.npy ... done (1.23s, 114.18MB)
  Running img_642.npy ... done (1.36s, 113.68MB)
  Running img_643.npy ... done (1.29s, 113.09MB)
  Running img_644.npy ... done (1.26s, 109.29MB)
  Running img_645.npy ... done (1.35s, 113.22MB)
  Running img_646.npy ... done (1.41s, 108.60MB)
  Running img_647.npy ... done (1.25s, 113.71MB)
  Running img_648.npy ... done (1.28s, 107.88MB)
  Running img_649.npy ... done (1.23s, 107.66MB)
  Running img_65.npy ... done (1.22s, 108.41MB)
  Running img_650.npy ... done (1.46s, 108.29MB)
  Running img_651.npy ... done (1.30s, 108.59MB)
  Running img_652.npy ... done (1.22s, 114.14MB)
  Running img_653.npy ... done (1.20s, 113.21MB)
  Running img_654.npy ... done (1.54s, 113.63MB)
  Running img_655.npy ... done (1.34s, 109.20MB)
  Running img_656.npy ... done (1.20s, 109.60MB)
  Running img_657.npy ... done (1.55s, 108.91MB)
  Running img_658.npy ... done (1.38s, 106.41MB)
  Running img_659.npy ... done (1.43s, 109.48MB)
  Running img_66.npy ... done (1.30s, 113.02MB)
  Running img_660.npy ... done (1.20s, 108.96MB)
  Running img_661.npy ... done (1.19s, 109.02MB)
  Running img_662.npy ... done (1.32s, 113.73MB)
  Running img_663.npy ... done (1.41s, 109.62MB)
  Running img_664.npy ... done (1.42s, 109.43MB)
  Running img_665.npy ... done (1.46s, 114.19MB)
  Running img_666.npy ... done (1.15s, 113.23MB)
  Running img_667.npy ... done (1.33s, 108.49MB)
  Running img_668.npy ... done (1.48s, 109.49MB)
  Running img_669.npy ... done (1.27s, 108.71MB)
  Running img_67.npy ... done (1.31s, 113.21MB)
  Running img_670.npy ... done (1.44s, 113.42MB)
  Running img_671.npy ... done (1.17s, 109.10MB)
  Running img_672.npy ... done (1.27s, 108.33MB)
  Running img_673.npy ... done (1.26s, 113.27MB)
  Running img_674.npy ... done (1.34s, 109.33MB)
  Running img_675.npy ... done (1.25s, 109.27MB)
  Running img_676.npy ... done (1.34s, 109.40MB)
  Running img_677.npy ... done (1.16s, 109.48MB)
  Running img_678.npy ... done (1.18s, 108.89MB)
  Running img_679.npy ... done (1.35s, 113.43MB)
  Running img_68.npy ... done (1.30s, 114.04MB)
  Running img_680.npy ... done (1.23s, 108.20MB)
  Running img_681.npy ... done (1.23s, 113.93MB)
  Running img_682.npy ... done (1.28s, 108.14MB)
  Running img_683.npy ... done (1.25s, 108.85MB)
  Running img_684.npy ... done (1.40s, 113.39MB)
  Running img_685.npy ... done (1.16s, 108.20MB)
  Running img_686.npy ... done (1.36s, 109.18MB)
  Running img_687.npy ... done (1.31s, 108.90MB)
  Running img_688.npy ... done (1.20s, 114.62MB)
  Running img_689.npy ... done (1.40s, 113.82MB)
  Running img_69.npy ... done (1.27s, 114.18MB)
  Running img_690.npy ... done (1.15s, 109.70MB)
  Running img_691.npy ... done (1.14s, 106.01MB)
  Running img_692.npy ... done (1.15s, 113.23MB)
  Running img_693.npy ... done (1.49s, 105.89MB)
  Running img_694.npy ... done (1.41s, 109.38MB)
  Running img_695.npy ... done (1.21s, 108.53MB)
  Running img_696.npy ... done (1.37s, 109.27MB)
  Running img_697.npy ... done (1.26s, 109.97MB)
  Running img_698.npy ... done (1.30s, 106.69MB)
  Running img_699.npy ... done (1.36s, 108.80MB)
  Running img_7.npy ... done (1.35s, 108.71MB)
  Running img_70.npy ... done (1.47s, 109.27MB)
  Running img_700.npy ... done (1.37s, 113.23MB)
  Running img_701.npy ... done (1.32s, 114.70MB)
  Running img_702.npy ... done (1.34s, 114.68MB)
  Running img_703.npy ... done (1.27s, 105.91MB)
  Running img_704.npy ... done (1.24s, 114.04MB)
  Running img_705.npy ... done (1.39s, 113.59MB)
  Running img_706.npy ... done (1.37s, 113.59MB)
  Running img_707.npy ... done (1.43s, 113.49MB)
  Running img_708.npy ... done (1.54s, 114.02MB)
  Running img_709.npy ... done (1.67s, 110.03MB)
  Running img_71.npy ... done (1.43s, 109.09MB)
  Running img_710.npy ... done (1.34s, 113.01MB)
  Running img_711.npy ... done (1.28s, 108.50MB)
  Running img_712.npy ... done (1.40s, 109.20MB)
  Running img_713.npy ... done (1.32s, 105.59MB)
  Running img_714.npy ... done (1.25s, 113.45MB)
  Running img_715.npy ... done (1.33s, 109.15MB)
  Running img_716.npy ... done (1.01s, 105.88MB)
  Running img_717.npy ... done (1.36s, 108.27MB)
  Running img_718.npy ... done (1.48s, 112.99MB)
  Running img_719.npy ... done (1.31s, 109.41MB)
  Running img_72.npy ... done (1.19s, 109.04MB)
  Running img_720.npy ... done (1.36s, 109.23MB)
  Running img_721.npy ... done (1.21s, 113.20MB)
  Running img_722.npy ... done (1.43s, 114.14MB)
  Running img_723.npy ... done (1.35s, 113.92MB)
  Running img_724.npy ... done (1.28s, 108.38MB)
  Running img_725.npy ... done (1.59s, 109.21MB)
  Running img_726.npy ... done (1.31s, 109.54MB)
  Running img_727.npy ... done (1.31s, 114.28MB)
  Running img_728.npy ... done (1.37s, 106.41MB)
  Running img_729.npy ... done (1.27s, 108.34MB)
  Running img_73.npy ... done (1.41s, 112.75MB)
  Running img_730.npy ... done (1.30s, 113.45MB)
  Running img_731.npy ... done (1.20s, 107.71MB)
  Running img_732.npy ... done (1.36s, 109.59MB)
  Running img_733.npy ... done (1.10s, 113.55MB)
  Running img_734.npy ... done (1.28s, 109.36MB)
  Running img_735.npy ... done (1.33s, 113.05MB)
  Running img_736.npy ... done (1.27s, 108.61MB)
  Running img_737.npy ... done (1.08s, 110.03MB)
  Running img_738.npy ... done (1.23s, 108.34MB)
  Running img_739.npy ... done (1.41s, 114.17MB)
  Running img_74.npy ... done (1.28s, 108.97MB)
  Running img_740.npy ... done (1.14s, 109.66MB)
  Running img_741.npy ... done (1.22s, 108.36MB)
  Running img_742.npy ... done (1.22s, 109.24MB)
  Running img_743.npy ... done (1.27s, 113.07MB)
  Running img_744.npy ... done (1.36s, 110.29MB)
  Running img_745.npy ... done (1.22s, 108.96MB)
  Running img_746.npy ... done (1.41s, 108.30MB)
  Running img_747.npy ... done (1.43s, 113.41MB)
  Running img_748.npy ... done (1.37s, 113.03MB)
  Running img_749.npy ... done (1.40s, 109.23MB)
  Running img_75.npy ... done (1.35s, 113.93MB)
  Running img_750.npy ... done (1.37s, 113.57MB)
  Running img_751.npy ... done (1.36s, 108.64MB)
  Running img_752.npy ... done (1.11s, 109.06MB)
  Running img_753.npy ... done (1.27s, 110.04MB)
  Running img_754.npy ... done (1.20s, 109.65MB)
  Running img_755.npy ... done (1.23s, 109.11MB)
  Running img_756.npy ... done (1.27s, 113.00MB)
  Running img_757.npy ... done (1.14s, 108.09MB)
  Running img_758.npy ... done (1.30s, 113.45MB)
  Running img_759.npy ... done (1.23s, 113.18MB)
  Running img_76.npy ... done (1.23s, 113.95MB)
  Running img_760.npy ... done (1.24s, 109.57MB)
  Running img_761.npy ... done (1.31s, 108.41MB)
  Running img_762.npy ... done (1.22s, 107.90MB)
  Running img_763.npy ... done (1.34s, 113.55MB)
  Running img_764.npy ... done (1.36s, 108.30MB)
  Running img_765.npy ... done (1.23s, 109.15MB)
  Running img_766.npy ... done (1.06s, 109.62MB)
  Running img_767.npy ... done (1.16s, 113.94MB)
  Running img_768.npy ... done (1.54s, 108.77MB)
  Running img_769.npy ... done (1.42s, 105.72MB)
  Running img_77.npy ... done (1.26s, 109.71MB)
  Running img_770.npy ... done (1.45s, 113.66MB)
  Running img_771.npy ... done (1.36s, 108.63MB)
  Running img_772.npy ... done (1.17s, 109.50MB)
  Running img_773.npy ... done (1.19s, 108.49MB)
  Running img_774.npy ... done (1.32s, 113.71MB)
  Running img_775.npy ... done (1.37s, 116.20MB)
  Running img_776.npy ... done (1.19s, 109.95MB)
  Running img_777.npy ... done (1.34s, 108.59MB)
  Running img_778.npy ... done (1.25s, 109.12MB)
  Running img_779.npy ... done (1.31s, 105.32MB)
  Running img_78.npy ... done (1.37s, 109.22MB)
  Running img_780.npy ... done (1.59s, 110.27MB)
  Running img_781.npy ... done (1.34s, 108.36MB)
  Running img_782.npy ... done (1.20s, 108.38MB)
  Running img_783.npy ... done (1.30s, 109.18MB)
  Running img_784.npy ... done (1.23s, 109.04MB)
  Running img_785.npy ... done (1.44s, 109.31MB)
  Running img_786.npy ... done (1.32s, 108.98MB)
  Running img_787.npy ... done (1.42s, 109.61MB)
  Running img_788.npy ... done (1.41s, 109.88MB)
  Running img_789.npy ... done (1.50s, 109.27MB)
  Running img_79.npy ... done (1.34s, 109.59MB)
  Running img_790.npy ... done (1.15s, 113.91MB)
  Running img_791.npy ... done (1.46s, 108.82MB)
  Running img_792.npy ... done (1.42s, 110.04MB)
  Running img_793.npy ... done (1.58s, 113.71MB)
  Running img_794.npy ... done (1.32s, 113.11MB)
  Running img_795.npy ... done (1.36s, 113.12MB)
  Running img_796.npy ... done (1.17s, 105.49MB)
  Running img_797.npy ... done (1.15s, 106.18MB)
  Running img_798.npy ... done (1.44s, 109.60MB)
  Running img_799.npy ... done (1.12s, 108.39MB)
  Running img_8.npy ... done (1.41s, 109.20MB)
  Running img_80.npy ... done (1.27s, 113.52MB)
  Running img_81.npy ... done (1.11s, 108.98MB)
  Running img_82.npy ... done (1.43s, 109.06MB)
  Running img_83.npy ... done (1.19s, 109.00MB)
  Running img_84.npy ... done (1.34s, 114.64MB)
  Running img_85.npy ... done (1.37s, 113.60MB)
  Running img_86.npy ... done (1.13s, 107.93MB)
  Running img_87.npy ... done (1.30s, 113.82MB)
  Running img_88.npy ... done (1.32s, 113.66MB)
  Running img_89.npy ... done (1.39s, 108.64MB)
  Running img_9.npy ... done (1.09s, 109.97MB)
  Running img_90.npy ... done (1.17s, 109.18MB)
  Running img_91.npy ... done (1.27s, 109.81MB)
  Running img_92.npy ... done (1.38s, 113.87MB)
  Running img_93.npy ... done (1.24s, 109.36MB)
  Running img_94.npy ... done (1.28s, 105.67MB)
  Running img_95.npy ... done (1.21s, 113.09MB)
  Running img_96.npy ... done (1.51s, 106.71MB)
  Running img_97.npy ... done (1.36s, 112.98MB)
  Running img_98.npy ... done (1.25s, 109.23MB)
  Running img_99.npy ... done (1.25s, 113.84MB)

Results saved into results/cripser/div2k/dim0.csv
